Archive member included to satisfy reference by file (symbol)

C:/ST/STM32CubeIDE_1.18.0/STM32CubeIDE/plugins/com.st.stm32cube.ide.mcu.externaltools.gnu-tools-for-stm32.13.3.rel1.win32_1.0.0.202411081344/tools/bin/../lib/gcc/arm-none-eabi/13.3.1/../../../../arm-none-eabi/lib/thumb/v7e-m+fp/hard\libc_nano.a(libc_a-exit.o)
                              C:/ST/STM32CubeIDE_1.18.0/STM32CubeIDE/plugins/com.st.stm32cube.ide.mcu.externaltools.gnu-tools-for-stm32.13.3.rel1.win32_1.0.0.202411081344/tools/bin/../lib/gcc/arm-none-eabi/13.3.1/../../../../arm-none-eabi/lib/thumb/v7e-m+fp/hard/crt0.o (exit)
C:/ST/STM32CubeIDE_1.18.0/STM32CubeIDE/plugins/com.st.stm32cube.ide.mcu.externaltools.gnu-tools-for-stm32.13.3.rel1.win32_1.0.0.202411081344/tools/bin/../lib/gcc/arm-none-eabi/13.3.1/../../../../arm-none-eabi/lib/thumb/v7e-m+fp/hard\libc_nano.a(libc_a-findfp.o)
                              C:/ST/STM32CubeIDE_1.18.0/STM32CubeIDE/plugins/com.st.stm32cube.ide.mcu.externaltools.gnu-tools-for-stm32.13.3.rel1.win32_1.0.0.202411081344/tools/bin/../lib/gcc/arm-none-eabi/13.3.1/../../../../arm-none-eabi/lib/thumb/v7e-m+fp/hard\libc_nano.a(libc_a-exit.o) (__stdio_exit_handler)
C:/ST/STM32CubeIDE_1.18.0/STM32CubeIDE/plugins/com.st.stm32cube.ide.mcu.externaltools.gnu-tools-for-stm32.13.3.rel1.win32_1.0.0.202411081344/tools/bin/../lib/gcc/arm-none-eabi/13.3.1/../../../../arm-none-eabi/lib/thumb/v7e-m+fp/hard\libc_nano.a(libc_a-fwalk.o)
                              C:/ST/STM32CubeIDE_1.18.0/STM32CubeIDE/plugins/com.st.stm32cube.ide.mcu.externaltools.gnu-tools-for-stm32.13.3.rel1.win32_1.0.0.202411081344/tools/bin/../lib/gcc/arm-none-eabi/13.3.1/../../../../arm-none-eabi/lib/thumb/v7e-m+fp/hard\libc_nano.a(libc_a-findfp.o) (_fwalk_sglue)
C:/ST/STM32CubeIDE_1.18.0/STM32CubeIDE/plugins/com.st.stm32cube.ide.mcu.externaltools.gnu-tools-for-stm32.13.3.rel1.win32_1.0.0.202411081344/tools/bin/../lib/gcc/arm-none-eabi/13.3.1/../../../../arm-none-eabi/lib/thumb/v7e-m+fp/hard\libc_nano.a(libc_a-snprintf.o)
                              ./Core/Src/eps_faults/eps_faults.o (snprintf)
C:/ST/STM32CubeIDE_1.18.0/STM32CubeIDE/plugins/com.st.stm32cube.ide.mcu.externaltools.gnu-tools-for-stm32.13.3.rel1.win32_1.0.0.202411081344/tools/bin/../lib/gcc/arm-none-eabi/13.3.1/../../../../arm-none-eabi/lib/thumb/v7e-m+fp/hard\libc_nano.a(libc_a-stdio.o)
                              C:/ST/STM32CubeIDE_1.18.0/STM32CubeIDE/plugins/com.st.stm32cube.ide.mcu.externaltools.gnu-tools-for-stm32.13.3.rel1.win32_1.0.0.202411081344/tools/bin/../lib/gcc/arm-none-eabi/13.3.1/../../../../arm-none-eabi/lib/thumb/v7e-m+fp/hard\libc_nano.a(libc_a-findfp.o) (__sread)
C:/ST/STM32CubeIDE_1.18.0/STM32CubeIDE/plugins/com.st.stm32cube.ide.mcu.externaltools.gnu-tools-for-stm32.13.3.rel1.win32_1.0.0.202411081344/tools/bin/../lib/gcc/arm-none-eabi/13.3.1/../../../../arm-none-eabi/lib/thumb/v7e-m+fp/hard\libc_nano.a(libc_a-memset.o)
                              C:/ST/STM32CubeIDE_1.18.0/STM32CubeIDE/plugins/com.st.stm32cube.ide.mcu.externaltools.gnu-tools-for-stm32.13.3.rel1.win32_1.0.0.202411081344/tools/bin/../lib/gcc/arm-none-eabi/13.3.1/../../../../arm-none-eabi/lib/thumb/v7e-m+fp/hard/crt0.o (memset)
C:/ST/STM32CubeIDE_1.18.0/STM32CubeIDE/plugins/com.st.stm32cube.ide.mcu.externaltools.gnu-tools-for-stm32.13.3.rel1.win32_1.0.0.202411081344/tools/bin/../lib/gcc/arm-none-eabi/13.3.1/../../../../arm-none-eabi/lib/thumb/v7e-m+fp/hard\libc_nano.a(libc_a-strncpy.o)
                              ./Core/Src/eps_faults/eps_faults.o (strncpy)
C:/ST/STM32CubeIDE_1.18.0/STM32CubeIDE/plugins/com.st.stm32cube.ide.mcu.externaltools.gnu-tools-for-stm32.13.3.rel1.win32_1.0.0.202411081344/tools/bin/../lib/gcc/arm-none-eabi/13.3.1/../../../../arm-none-eabi/lib/thumb/v7e-m+fp/hard\libc_nano.a(libc_a-closer.o)
                              C:/ST/STM32CubeIDE_1.18.0/STM32CubeIDE/plugins/com.st.stm32cube.ide.mcu.externaltools.gnu-tools-for-stm32.13.3.rel1.win32_1.0.0.202411081344/tools/bin/../lib/gcc/arm-none-eabi/13.3.1/../../../../arm-none-eabi/lib/thumb/v7e-m+fp/hard\libc_nano.a(libc_a-stdio.o) (_close_r)
C:/ST/STM32CubeIDE_1.18.0/STM32CubeIDE/plugins/com.st.stm32cube.ide.mcu.externaltools.gnu-tools-for-stm32.13.3.rel1.win32_1.0.0.202411081344/tools/bin/../lib/gcc/arm-none-eabi/13.3.1/../../../../arm-none-eabi/lib/thumb/v7e-m+fp/hard\libc_nano.a(libc_a-reent.o)
                              C:/ST/STM32CubeIDE_1.18.0/STM32CubeIDE/plugins/com.st.stm32cube.ide.mcu.externaltools.gnu-tools-for-stm32.13.3.rel1.win32_1.0.0.202411081344/tools/bin/../lib/gcc/arm-none-eabi/13.3.1/../../../../arm-none-eabi/lib/thumb/v7e-m+fp/hard\libc_nano.a(libc_a-closer.o) (errno)
C:/ST/STM32CubeIDE_1.18.0/STM32CubeIDE/plugins/com.st.stm32cube.ide.mcu.externaltools.gnu-tools-for-stm32.13.3.rel1.win32_1.0.0.202411081344/tools/bin/../lib/gcc/arm-none-eabi/13.3.1/../../../../arm-none-eabi/lib/thumb/v7e-m+fp/hard\libc_nano.a(libc_a-impure.o)
[...]
Memory Configuration

Name             Origin             Length             Attributes
RAM              0x20000000         0x00040000         xrw
RAM2             0x10000000         0x00010000         xrw
FLASH            0x08000000         0x00100000         xr
*default*        0x00000000         0xffffffff

Linker script and memory map

LOAD C:/ST/STM32CubeIDE_1.18.0/STM32CubeIDE/plugins/com.st.stm32cube.ide.mcu.externaltools.gnu-tools-for-stm32.13.3.rel1.win32_1.0.0.202411081344/tools/bin/../lib/gcc/arm-none-eabi/13.3.1/thumb/v7e-m+fp/hard/crti.o
LOAD C:/ST/STM32CubeIDE_1.18.0/STM32CubeIDE/plugins/com.st.stm32cube.ide.mcu.externaltools.gnu-tools-for-stm32.13.3.rel1.win32_1.0.0.202411081344/tools/bin/../lib/gcc/arm-none-eabi/13.3.1/thumb/v7e-m+fp/hard/crtbegin.o
LOAD C:/ST/STM32CubeIDE_1.18.0/STM32CubeIDE/plugins/com.st.stm32cube.ide.mcu.externaltools.gnu-tools-for-stm32.13.3.rel1.win32_1.0.0.202411081344/tools/bin/../lib/gcc/arm-none-eabi/13.3.1/../../../../arm-none-eabi/lib/thumb/v7e-m+fp/hard/crt0.o
LOAD ./Core/Src/eeprom/eeprom.o
LOAD ./Core/Src/eps_faults/eps_faults.o
LOAD ./Core/Src/main.o
LOAD ./Core/Src/stm32l4xx_hal_msp.o
LOAD ./Core/Src/stm32l4xx_it.o
LOAD ./Core/Src/syscalls.o
LOAD ./Core/Src/sysmem.o
LOAD ./Core/Src/system_stm32l4xx.o
LOAD ./Core/Src/ssp/ssp_comm.o
LOAD ./Core/Src/ssp/ssp_command.o
LOAD ./Core/Src/ssp/ssp_frame.o
LOAD ./Core/Src/ssp/ssp_init.o
LOAD ./Core/Src/ssp/ssp_power.o
LOAD ./Core/Src/ssp/ssp_telemetry.o
LOAD ./Core/Startup/startup_stm32l496vgtx.o
LOAD ./Drivers/STM32L4xx_HAL_Driver/Src/stm32l4xx_hal.o
LOAD ./Drivers/STM32L4xx_HAL_Driver/Src/stm32l4xx_hal_adc.o
LOAD ./Drivers/STM32L4xx_HAL_Driver/Src/stm32l4xx_hal_adc_ex.o
LOAD ./Drivers/STM32L4xx_HAL_Driver/Src/stm32l4xx_hal_cortex.o
LOAD ./Drivers/STM32L4xx_HAL_Driver/Src/stm32l4xx_hal_dma.o
LOAD ./Drivers/STM32L4xx_HAL_Driver/Src/stm32l4xx_hal_dma_ex.o
LOAD ./Drivers/STM32L4xx_HAL_Driver/Src/stm32l4xx_hal_exti.o
LOAD ./Drivers/STM32L4xx_HAL_Driver/Src/stm32l4xx_hal_flash.o
LOAD ./Drivers/STM32L4xx_HAL_Driver/Src/stm32l4xx_hal_flash_ex.o
LOAD ./Drivers/STM32L4xx_HAL_Driver/Src/stm32l4xx_hal_flash_ramfunc.o
LOAD ./Drivers/STM32L4xx_HAL_Driver/Src/stm32l4xx_hal_gpio.o
LOAD ./Drivers/STM32L4xx_HAL_Driver/Src/stm32l4xx_hal_i2c.o
LOAD ./Drivers/STM32L4xx_HAL_Driver/Src/stm32l4xx_hal_i2c_ex.o
LOAD ./Drivers/STM32L4xx_HAL_Driver/Src/stm32l4xx_hal_pwr.o
LOAD ./Drivers/STM32L4xx_HAL_Driver/Src/stm32l4xx_hal_pwr_ex.o
LOAD ./Drivers/STM32L4xx_HAL_Driver/Src/stm32l4xx_hal_rcc.o
LOAD ./Drivers/STM32L4xx_HAL_Driver/Src/stm32l4xx_hal_rcc_ex.o
LOAD ./Drivers/STM32L4xx_HAL_Driver/Src/stm32l4xx_hal_spi.o
LOAD ./Drivers/STM32L4xx_HAL_Driver/Src/stm32l4xx_hal_spi_ex.o
LOAD ./Drivers/STM32L4xx_HAL_Driver/Src/stm32l4xx_hal_uart.o
LOAD ./Drivers/STM32L4xx_HAL_Driver/Src/stm32l4xx_hal_uart_ex.o
START GROUP
LOAD C:/ST/STM32CubeIDE_1.18.0/STM32CubeIDE/plugins/com.st.stm32cube.ide.mcu.externaltools.gnu-tools-for-stm32.13.3.rel1.win32_1.0.0.202411081344/tools/bin/../lib/gcc/arm-none-eabi/13.3.1/../../../../arm-none-eabi/lib/thumb/v7e-m+fp/hard\libc_nano.a
LOAD C:/ST/STM32CubeIDE_1.18.0/STM32CubeIDE/plugins/com.st.stm32cube.ide.mcu.externaltools.gnu-tools-for-stm32.13.3.rel1.win32_1.0.0.202411081344/tools/bin/../lib/gcc/arm-none-eabi/13.3.1/../../../../arm-none-eabi/lib/thumb/v7e-m+fp/hard\libm.a
END GROUP
START GROUP
LOAD C:/ST/STM32CubeIDE_1.18.0/STM32CubeIDE/plugins/com.st.stm32cube.ide.mcu.externaltools.gnu-tools-for-stm32.13.3.rel1.win32_1.0.0.202411081344/tools/bin/../lib/gcc/arm-none-eabi/13.3.1/thumb/v7e-m+fp/hard\libgcc.a
LOAD C:/ST/STM32CubeIDE_1.18.0/STM32CubeIDE/plugins/com.st.stm32cube.ide.mcu.externaltools.gnu-tools-for-stm32.13.3.rel1.win32_1.0.0.202411081344/tools/bin/../lib/gcc/arm-none-eabi/13.3.1/../../../../arm-none-eabi/lib/thumb/v7e-m+fp/hard\libc_nano.a
END GROUP
START GROUP
LOAD C:/ST/STM32CubeIDE_1.18.0/STM32CubeIDE/plugins/com.st.stm32cube.ide.mcu.externaltools.gnu-tools-for-stm32.13.3.rel1.win32_1.0.0.202411081344/tools/bin/../lib/gcc/arm-none-eabi/13.3.1/thumb/v7e-m+fp/hard\libgcc.a
LOAD C:/ST/STM32CubeIDE_1.18.0/STM32CubeIDE/plugins/com.st.stm32cube.ide.mcu.externaltools.gnu-tools-for-stm32.13.3.rel1.win32_1.0.0.202411081344/tools/bin/../lib/gcc/arm-none-eabi/13.3.1/../../../../arm-none-eabi/lib/thumb/v7e-m+fp/hard\libc_nano.a
LOAD C:/ST/STM32CubeIDE_1.18.0/STM32CubeIDE/plugins/com.st.stm32cube.ide.mcu.externaltools.gnu-tools-for-stm32.13.3.rel1.win32_1.0.0.202411081344/tools/bin/../lib/gcc/arm-none-eabi/13.3.1/../../../../arm-none-eabi/lib/thumb/v7e-m+fp/hard\libnosys.a
END GROUP
START GROUP
LOAD C:/ST/STM32CubeIDE_1.18.0/STM32CubeIDE/plugins/com.st.stm32cube.ide.mcu.externaltools.gnu-tools-for-stm32.13.3.rel1.win32_1.0.0.202411081344/tools/bin/../lib/gcc/arm-none-eabi/13.3.1/thumb/v7e-m+fp/hard\libgcc.a
LOAD C:/ST/STM32CubeIDE_1.18.0/STM32CubeIDE/plugins/com.st.stm32cube.ide.mcu.externaltools.gnu-tools-for-stm32.13.3.rel1.win32_1.0.0.202411081344/tools/bin/../lib/gcc/arm-none-eabi/13.3.1/../../../../arm-none-eabi/lib/thumb/v7e-m+fp/hard\libc_nano.a
LOAD C:/ST/STM32CubeIDE_1.18.0/STM32CubeIDE/plugins/com.st.stm32cube.ide.mcu.externaltools.gnu-tools-for-stm32.13.3.rel1.win32_1.0.0.202411081344/tools/bin/../lib/gcc/arm-none-eabi/13.3.1/../../../../arm-none-eabi/lib/thumb/v7e-m+fp/hard\libnosys.a
END GROUP
LOAD C:/ST/STM32CubeIDE_1.18.0/STM32CubeIDE/plugins/com.st.stm32cube.ide.mcu.externaltools.gnu-tools-for-stm32.13.3.rel1.win32_1.0.0.202411081344/tools/bin/../lib/gcc/arm-none-eabi/13.3.1/thumb/v7e-m+fp/hard/crtend.o
LOAD C:/ST/STM32CubeIDE_1.18.0/STM32CubeIDE/plugins/com.st.stm32cube.ide.mcu.externaltools.gnu-tools-for-stm32.13.3.rel1.win32_1.0.0.202411081344/tools/bin/../lib/gcc/arm-none-eabi/13.3.1/thumb/v7e-m+fp/hard/crtn.o
                0x20040000                        _estack = (ORIGIN (RAM) + LENGTH (RAM))
                0x00000200                        _Min_Heap_Size = 0x200
                0x00000400                        _Min_Stack_Size = 0x400

.isr_vector     0x08000000      0x1ac
                0x08000000                        . = ALIGN (0x4)
 *(.isr_vector)
 .isr_vector    0x08000000      0x1ac ./Core/Startup/startup_stm32l496vgtx.o
                0x08000000                g_pfnVectors
                0x080001ac                        . = ALIGN (0x4)

.text           0x080001b0     0xaef4
                0x080001b0                        . = ALIGN (0x4)
 *(.text)
 .text          0x080001b0       0x40 C:/ST/STM32CubeIDE_1.18.0/STM32CubeIDE/plugins/com.st.stm32cube.ide.mcu.externaltools.gnu-tools-for-stm32.13.3.rel1.win32_1.0.0.202411081344/tools/bin/../lib/gcc/arm-none-eabi/13.3.1/thumb/v7e-m+fp/hard/crtbegin.o
 .text          0x080001f0       0x10 C:/ST/STM32CubeIDE_1.18.0/STM32CubeIDE/plugins/com.st.stm32cube.ide.mcu.externaltools.gnu-tools-for-stm32.13.3.rel1.win32_1.0.0.202411081344/tools/bin/../lib/gcc/arm-none-eabi/13.3.1/../../../../arm-none-eabi/lib/thumb/v7e-m+fp/hard\libc_nano.a(libc_a-strlen.o)
                0x080001f0                strlen
 .text          0x08000200       0xa0 C:/ST/STM32CubeIDE_1.18.0/STM32CubeIDE/plugins/com.st.stm32cube.ide.mcu.externaltools.gnu-tools-for-stm32.13.3.rel1.win32_1.0.0.202411081344/tools/bin/../lib/gcc/arm-none-eabi/13.3.1/../../../../arm-none-eabi/lib/thumb/v7e-m+fp/hard\libc_nano.a(libc_a-memchr.o)
                0x08000200                memchr
 .text          0x080002a0      0x378 C:/ST/STM32CubeIDE_1.18.0/STM32CubeIDE/plugins/com.st.stm32cube.ide.mcu.externaltools.gnu-tools-for-stm32.13.3.rel1.win32_1.0.0.202411081344/tools/bin/../lib/gcc/arm-none-eabi/13.3.1/thumb/v7e-m+fp/hard\libgcc.a(_arm_addsubdf3.o)
                0x080002a0                __aeabi_drsub
                0x080002a8                __aeabi_dsub
                0x080002a8                __subdf3
                0x080002ac                __aeabi_dadd
                0x080002ac                __adddf3
                0x08000524                __floatunsidf
                0x08000524                __aeabi_ui2d
                0x08000544                __floatsidf
                0x08000544                __aeabi_i2d
                0x08000568                __aeabi_f2d
                0x08000568                __extendsfdf2
                0x080005ac                __floatundidf
                0x080005ac                __aeabi_ul2d
                0x080005bc                __floatdidf
                0x080005bc                __aeabi_l2d
 .text          0x08000618      0x424 C:/ST/STM32CubeIDE_1.18.0/STM32CubeIDE/plugins/com.st.stm32cube.ide.mcu.externaltools.gnu-tools-for-stm32.13.3.rel1.win32_1.0.0.202411081344/tools/bin/../lib/gcc/arm-none-eabi/13.3.1/thumb/v7e-m+fp/hard\libgcc.a(_arm_muldivdf3.o)
                0x08000618                __aeabi_dmul
                0x08000618                __muldf3
                0x0800086c                __divdf3
                0x0800086c                __aeabi_ddiv
 .text          0x08000a3c       0x40 C:/ST/STM32CubeIDE_1.18.0/STM32CubeIDE/plugins/com.st.stm32cube.ide.mcu.externaltools.gnu-tools-for-stm32.13.3.rel1.win32_1.0.0.202411081344/tools/bin/../lib/gcc/arm-none-eabi/13.3.1/thumb/v7e-m+fp/hard\libgcc.a(_arm_fixunsdfsi.o)
                0x08000a3c                __aeabi_d2uiz
                0x08000a3c                __fixunsdfsi
 .text          0x08000a7c       0x30 C:/ST/STM32CubeIDE_1.18.0/STM32CubeIDE/plugins/com.st.stm32cube.ide.mcu.externaltools.gnu-tools-for-stm32.13.3.rel1.win32_1.0.0.202411081344/tools/bin/../lib/gcc/arm-none-eabi/13.3.1/thumb/v7e-m+fp/hard\libgcc.a(_aeabi_uldivmod.o)
                0x08000a7c                __aeabi_uldivmod
 .text          0x08000aac      0x2f8 C:/ST/STM32CubeIDE_1.18.0/STM32CubeIDE/plugins/com.st.stm32cube.ide.mcu.externaltools.gnu-tools-for-stm32.13.3.rel1.win32_1.0.0.202411081344/tools/bin/../lib/gcc/arm-none-eabi/13.3.1/thumb/v7e-m+fp/hard\libgcc.a(_udivmoddi4.o)
                0x08000aac                __udivmoddi4
 .text          0x08000da4        0x4 C:/ST/STM32CubeIDE_1.18.0/STM32CubeIDE/plugins/com.st.stm32cube.ide.mcu.externaltools.gnu-tools-for-stm32.13.3.rel1.win32_1.0.0.202411081344/tools/bin/../lib/gcc/arm-none-eabi/13.3.1/thumb/v7e-m+fp/hard\libgcc.a(_dvmd_tls.o)
                0x08000da4                __aeabi_idiv0
                0x08000da4                __aeabi_ldiv0
 *(.text*)
 .text.EEPROM_Init
                0x08000da8       0x4c ./Core/Src/eeprom/eeprom.o
                0x08000da8                EEPROM_Init
 .text.EEPROM_WriteTelemetry
                0x08000df4       0x7a ./Core/Src/eeprom/eeprom.o
                0x08000df4                EEPROM_WriteTelemetry
 .text.EEPROM_ReadTelemetry
                0x08000e6e       0x9a ./Core/Src/eeprom/eeprom.o
                0x08000e6e                EEPROM_ReadTelemetry
 .text.EEPROM_WriteParameters
                0x08000f08       0xe4 ./Core/Src/eeprom/eeprom.o
                0x08000f08                EEPROM_WriteParameters
 .text.EEPROM_ReadParameters
                0x08000fec       0xfc ./Core/Src/eeprom/eeprom.o
                0x08000fec                EEPROM_ReadParameters
 .text.LogFault
                0x080010e8       0xf4 ./Core/Src/eps_faults/eps_faults.o
                0x080010e8                LogFault
 .text.HandleFaults
                0x080011dc      0xb5c ./Core/Src/eps_faults/eps_faults.o
                0x080011dc                HandleFaults
 .text.PollFaults
                0x08001d38      0x660 ./Core/Src/eps_faults/eps_faults.o
                0x08001d38                PollFaults
 .text.main     0x08002398      0x62c ./Core/Src/main.o
                0x08002398                main
 .text.SystemClock_Config
                0x080029c4       0xa2 ./Core/Src/main.o
                0x080029c4                SystemClock_Config
 *fill*         0x08002a66        0x2 
 .text.MX_ADC1_Init
                0x08002a68      0x2e8 ./Core/Src/main.o
 .text.MX_I2C2_Init
                0x08002d50       0x80 ./Core/Src/main.o
 .text.MX_SPI1_Init
                0x08002dd0       0x7c ./Core/Src/main.o
 .text.MX_USART1_UART_Init
                0x08002e4c       0x64 ./Core/Src/main.o
 .text.MX_USART2_UART_Init
                0x08002eb0       0x64 ./Core/Src/main.o
 .text.MX_USART3_UART_Init
                0x08002f14       0x64 ./Core/Src/main.o
 .text.MX_GPIO_Init
                0x08002f78      0x330 ./Core/Src/main.o
 .text.Error_Handler
                0x080032a8        0x8 ./Core/Src/main.o
                0x080032a8                Error_Handler
 .text.HAL_MspInit
                0x080032b0       0x48 ./Core/Src/stm32l4xx_hal_msp.o
                0x080032b0                HAL_MspInit
 .text.HAL_ADC_MspInit
                0x080032f8      0x144 ./Core/Src/stm32l4xx_hal_msp.o
                0x080032f8                HAL_ADC_MspInit
 .text.HAL_I2C_MspInit
                0x0800343c       0xbc ./Core/Src/stm32l4xx_hal_msp.o
                0x0800343c                HAL_I2C_MspInit
 .text.HAL_SPI_MspInit
                0x080034f8       0x88 ./Core/Src/stm32l4xx_hal_msp.o
                0x080034f8                HAL_SPI_MspInit
 .text.HAL_UART_MspInit
                0x08003580      0x1d0 ./Core/Src/stm32l4xx_hal_msp.o
                0x08003580                HAL_UART_MspInit
 .text.NMI_Handler
                0x08003750        0xc ./Core/Src/stm32l4xx_it.o
                0x08003750                NMI_Handler
 .text.HardFault_Handler
                0x0800375c        0x8 ./Core/Src/stm32l4xx_it.o
                0x0800375c                HardFault_Handler
 .text.MemManage_Handler
                0x08003764        0x8 ./Core/Src/stm32l4xx_it.o
                0x08003764                MemManage_Handler
 .text.BusFault_Handler
                0x0800376c        0x8 ./Core/Src/stm32l4xx_it.o
                0x0800376c                BusFault_Handler
 .text.UsageFault_Handler
                0x08003774        0x8 ./Core/Src/stm32l4xx_it.o
                0x08003774                UsageFault_Handler
 .text.SVC_Handler
                0x0800377c        0xe ./Core/Src/stm32l4xx_it.o
                0x0800377c                SVC_Handler
 .text.DebugMon_Handler
                0x0800378a        0xe ./Core/Src/stm32l4xx_it.o
                0x0800378a                DebugMon_Handler
 .text.PendSV_Handler
                0x08003798        0xe ./Core/Src/stm32l4xx_it.o
                0x08003798                PendSV_Handler
 .text.SysTick_Handler
                0x080037a6        0xc ./Core/Src/stm32l4xx_it.o
                0x080037a6                SysTick_Handler
 .text.EXTI0_IRQHandler
                0x080037b2        0xe ./Core/Src/stm32l4xx_it.o
                0x080037b2                EXTI0_IRQHandler
 .text.EXTI1_IRQHandler
                0x080037c0        0xe ./Core/Src/stm32l4xx_it.o
                0x080037c0                EXTI1_IRQHandler
 .text.EXTI2_IRQHandler
                0x080037ce        0xe ./Core/Src/stm32l4xx_it.o
                0x080037ce                EXTI2_IRQHandler
 .text.EXTI4_IRQHandler
                0x080037dc        0xe ./Core/Src/stm32l4xx_it.o
                0x080037dc                EXTI4_IRQHandler
 .text.EXTI9_5_IRQHandler
                0x080037ea       0x24 ./Core/Src/stm32l4xx_it.o
                0x080037ea                EXTI9_5_IRQHandler
 .text.EXTI15_10_IRQHandler
                0x0800380e       0x18 ./Core/Src/stm32l4xx_it.o
                0x0800380e                EXTI15_10_IRQHandler
 *fill*         0x08003826        0x2 
 .text._sbrk    0x08003828       0x6c ./Core/Src/sysmem.o
                0x08003828                _sbrk
 .text.SystemInit
                0x08003894       0x24 ./Core/Src/system_stm32l4xx.o
                0x08003894                SystemInit
 .text.SSP_SendFrame
                0x080038b8      0x13e ./Core/Src/ssp/ssp_comm.o
                0x080038b8                SSP_SendFrame
 *fill*         0x080039f6        0x2 
 .text.SSP_ReceiveFrame
                0x080039f8      0x130 ./Core/Src/ssp/ssp_comm.o
                0x080039f8                SSP_ReceiveFrame
 .text.SSP_HandleCommand
                0x08003b28      0xa2c ./Core/Src/ssp/ssp_command.o
                0x08003b28                SSP_HandleCommand
 .text.SSP_PackFrame
                0x08004554       0xb4 ./Core/Src/ssp/ssp_frame.o
                0x08004554                SSP_PackFrame
 .text.SSP_UnpackFrame
                0x08004608      0x13a ./Core/Src/ssp/ssp_frame.o
                0x08004608                SSP_UnpackFrame
 *fill*         0x08004742        0x2 
 .text.SSP_CalculateCRC
                0x08004744       0x80 ./Core/Src/ssp/ssp_frame.o
                0x08004744                SSP_CalculateCRC
 .text.SSP_Init
                0x080047c4       0x80 ./Core/Src/ssp/ssp_init.o
                0x080047c4                SSP_Init
 .text.SSP_EnableGPSPower
                0x08004844       0x18 ./Core/Src/ssp/ssp_power.o
                0x08004844                SSP_EnableGPSPower
 .text.SSP_EnableReserved12VPower
                0x0800485c       0x18 ./Core/Src/ssp/ssp_power.o
                0x0800485c                SSP_EnableReserved12VPower
 .text.SSP_EnableADCSSubsystemPower
                0x08004874       0x16 ./Core/Src/ssp/ssp_power.o
                0x08004874                SSP_EnableADCSSubsystemPower
 *fill*         0x0800488a        0x2 
 .text.SSP_EnableADCSPower
                0x0800488c       0x18 ./Core/Src/ssp/ssp_power.o
                0x0800488c                SSP_EnableADCSPower
 .text.SSP_EnableADCSVBATPower
                0x080048a4       0x18 ./Core/Src/ssp/ssp_power.o
                0x080048a4                SSP_EnableADCSVBATPower
 .text.SSP_EnablePLSubsystemPower
                0x080048bc       0x18 ./Core/Src/ssp/ssp_power.o
                0x080048bc                SSP_EnablePLSubsystemPower
 .text.SSP_EnablePLPower
                0x080048d4       0x18 ./Core/Src/ssp/ssp_power.o
                0x080048d4                SSP_EnablePLPower
 .text.SSP_EnableXBPower
                0x080048ec       0x18 ./Core/Src/ssp/ssp_power.o
                0x080048ec                SSP_EnableXBPower
 .text.SSP_EnableReservedPower
                0x08004904       0x18 ./Core/Src/ssp/ssp_power.o
                0x08004904                SSP_EnableReservedPower
 .text.SSP_EnableRS3V3Power
                0x0800491c       0x18 ./Core/Src/ssp/ssp_power.o
                0x0800491c                SSP_EnableRS3V3Power
 .text.SSP_EnableCCUPower
                0x08004934       0x18 ./Core/Src/ssp/ssp_power.o
                0x08004934                SSP_EnableCCUPower
 .text.SSP_EnableUHFPower
                0x0800494c       0x18 ./Core/Src/ssp/ssp_power.o
                0x0800494c                SSP_EnableUHFPower
 .text.SSP_EnableADCS12VPower
                0x08004964       0x18 ./Core/Src/ssp/ssp_power.o
                0x08004964                SSP_EnableADCS12VPower
 .text.SSP_DisableGPSPower
                0x0800497c       0x18 ./Core/Src/ssp/ssp_power.o
                0x0800497c                SSP_DisableGPSPower
 .text.SSP_DisableReserved12VPower
                0x08004994       0x18 ./Core/Src/ssp/ssp_power.o
                0x08004994                SSP_DisableReserved12VPower
 .text.SSP_DisableADCSSubsystemPower
                0x080049ac       0x16 ./Core/Src/ssp/ssp_power.o
                0x080049ac                SSP_DisableADCSSubsystemPower
 *fill*         0x080049c2        0x2 
 .text.SSP_DisableADCSPower
                0x080049c4       0x18 ./Core/Src/ssp/ssp_power.o
                0x080049c4                SSP_DisableADCSPower
 .text.SSP_DisableADCSVBATPower
                0x080049dc       0x18 ./Core/Src/ssp/ssp_power.o
                0x080049dc                SSP_DisableADCSVBATPower
 .text.SSP_DisablePLSubsystemPower
                0x080049f4       0x18 ./Core/Src/ssp/ssp_power.o
                0x080049f4                SSP_DisablePLSubsystemPower
 .text.SSP_DisablePLPower
                0x08004a0c       0x18 ./Core/Src/ssp/ssp_power.o
                0x08004a0c                SSP_DisablePLPower
 .text.SSP_DisableXBPower
                0x08004a24       0x18 ./Core/Src/ssp/ssp_power.o
                0x08004a24                SSP_DisableXBPower
 .text.SSP_DisableReservedPower
                0x08004a3c       0x18 ./Core/Src/ssp/ssp_power.o
                0x08004a3c                SSP_DisableReservedPower
 .text.SSP_DisableRS3V3Power
                0x08004a54       0x18 ./Core/Src/ssp/ssp_power.o
                0x08004a54                SSP_DisableRS3V3Power
 .text.SSP_DisableCCUPower
                0x08004a6c       0x18 ./Core/Src/ssp/ssp_power.o
                0x08004a6c                SSP_DisableCCUPower
 .text.SSP_DisableUHFPower
                0x08004a84       0x18 ./Core/Src/ssp/ssp_power.o
                0x08004a84                SSP_DisableUHFPower
 .text.SSP_DisableADCS12VPower
                0x08004a9c       0x18 ./Core/Src/ssp/ssp_power.o
                0x08004a9c                SSP_DisableADCS12VPower
 .text.SSP_SetPowerLine
                0x08004ab4       0xa4 ./Core/Src/ssp/ssp_power.o
                0x08004ab4                SSP_SetPowerLine
 .text.SSP_DisablePowerLine
                0x08004b58       0xa4 ./Core/Src/ssp/ssp_power.o
                0x08004b58                SSP_DisablePowerLine
 .text.SelectMultiplexerChannel
                0x08004bfc       0x58 ./Core/Src/ssp/ssp_telemetry.o
 *fill*         0x08004c54        0x4 
 .text.SSP_UpdateTelemetryAndParameters
                0x08004c58      0x5e8 ./Core/Src/ssp/ssp_telemetry.o
                0x08004c58                SSP_UpdateTelemetryAndParameters
 .text.SSP_GetTelemetry
                0x08005240       0x14 ./Core/Src/ssp/ssp_telemetry.o
                0x08005240                SSP_GetTelemetry
 .text.SSP_GetParameters
                0x08005254       0x28 ./Core/Src/ssp/ssp_telemetry.o
                0x08005254                SSP_GetParameters
 .text.Reset_Handler
                0x0800527c       0x50 ./Core/Startup/startup_stm32l496vgtx.o
                0x0800527c                Reset_Handler
 .text.Default_Handler
                0x080052cc        0x2 ./Core/Startup/startup_stm32l496vgtx.o
                0x080052cc                RTC_Alarm_IRQHandler
                0x080052cc                TIM8_TRG_COM_IRQHandler
                0x080052cc                TIM8_CC_IRQHandler
                0x080052cc                TIM1_CC_IRQHandler
                0x080052cc                TSC_IRQHandler
                0x080052cc                TAMP_STAMP_IRQHandler
                0x080052cc                CAN2_RX1_IRQHandler
                0x080052cc                EXTI3_IRQHandler
                0x080052cc                LPTIM2_IRQHandler
                0x080052cc                DFSDM1_FLT1_IRQHandler
                0x080052cc                I2C3_ER_IRQHandler
                0x080052cc                DFSDM1_FLT2_IRQHandler
                0x080052cc                I2C2_EV_IRQHandler
                0x080052cc                CAN1_RX0_IRQHandler
                0x080052cc                FPU_IRQHandler
                0x080052cc                TIM1_UP_TIM16_IRQHandler
                0x080052cc                CAN2_SCE_IRQHandler
                0x080052cc                ADC1_2_IRQHandler
                0x080052cc                SPI1_IRQHandler
                0x080052cc                TIM6_DAC_IRQHandler
                0x080052cc                DCMI_IRQHandler
                0x080052cc                CAN2_RX0_IRQHandler
                0x080052cc                TIM8_UP_IRQHandler
                0x080052cc                DMA2_Channel2_IRQHandler
                0x080052cc                DMA1_Channel4_IRQHandler
                0x080052cc                SAI2_IRQHandler
                0x080052cc                DFSDM1_FLT3_IRQHandler
                0x080052cc                USART3_IRQHandler
                0x080052cc                DMA1_Channel7_IRQHandler
                0x080052cc                CAN1_RX1_IRQHandler
                0x080052cc                LCD_IRQHandler
                0x080052cc                UART5_IRQHandler
                0x080052cc                ADC3_IRQHandler
                0x080052cc                TIM4_IRQHandler
                0x080052cc                DMA2_Channel1_IRQHandler
                0x080052cc                QUADSPI_IRQHandler
                0x080052cc                I2C1_EV_IRQHandler
                0x080052cc                DMA1_Channel6_IRQHandler
                0x080052cc                UART4_IRQHandler
                0x080052cc                DMA2_Channel4_IRQHandler
                0x080052cc                TIM3_IRQHandler
                0x080052cc                RCC_IRQHandler
                0x080052cc                DMA1_Channel1_IRQHandler
                0x080052cc                Default_Handler
                0x080052cc                DMA2_Channel7_IRQHandler
                0x080052cc                TIM7_IRQHandler
                0x080052cc                SDMMC1_IRQHandler
                0x080052cc                CAN2_TX_IRQHandler
                0x080052cc                TIM5_IRQHandler
                0x080052cc                I2C3_EV_IRQHandler
                0x080052cc                RTC_WKUP_IRQHandler
                0x080052cc                PVD_PVM_IRQHandler
                0x080052cc                SPI2_IRQHandler
                0x080052cc                CAN1_TX_IRQHandler
                0x080052cc                DMA2_Channel5_IRQHandler
                0x080052cc                CRS_IRQHandler
                0x080052cc                DMA1_Channel5_IRQHandler
                0x080052cc                RNG_IRQHandler
                0x080052cc                TIM1_TRG_COM_TIM17_IRQHandler
                0x080052cc                DMA1_Channel3_IRQHandler
                0x080052cc                COMP_IRQHandler
                0x080052cc                WWDG_IRQHandler
                0x080052cc                I2C4_EV_IRQHandler
                0x080052cc                LPUART1_IRQHandler
                0x080052cc                DMA2_Channel6_IRQHandler
                0x080052cc                TIM2_IRQHandler
                0x080052cc                USART2_IRQHandler
                0x080052cc                DFSDM1_FLT0_IRQHandler
                0x080052cc                I2C2_ER_IRQHandler
                0x080052cc                DMA1_Channel2_IRQHandler
                0x080052cc                TIM8_BRK_IRQHandler
                0x080052cc                CAN1_SCE_IRQHandler
                0x080052cc                FLASH_IRQHandler
                0x080052cc                USART1_IRQHandler
                0x080052cc                OTG_FS_IRQHandler
                0x080052cc                SPI3_IRQHandler
                0x080052cc                I2C1_ER_IRQHandler
                0x080052cc                FMC_IRQHandler
                0x080052cc                SWPMI1_IRQHandler
                0x080052cc                LPTIM1_IRQHandler
                0x080052cc                I2C4_ER_IRQHandler
                0x080052cc                SAI1_IRQHandler
                0x080052cc                DMA2_Channel3_IRQHandler
                0x080052cc                TIM1_BRK_TIM15_IRQHandler
 .text.HAL_Init
                0x080052ce       0x30 ./Drivers/STM32L4xx_HAL_Driver/Src/stm32l4xx_hal.o
                0x080052ce                HAL_Init
 *fill*         0x080052fe        0x2 
 .text.HAL_InitTick
                0x08005300       0x78 ./Drivers/STM32L4xx_HAL_Driver/Src/stm32l4xx_hal.o
                0x08005300                HAL_InitTick
 .text.HAL_IncTick
                0x08005378       0x28 ./Drivers/STM32L4xx_HAL_Driver/Src/stm32l4xx_hal.o
                0x08005378                HAL_IncTick
 .text.HAL_GetTick
                0x080053a0       0x18 ./Drivers/STM32L4xx_HAL_Driver/Src/stm32l4xx_hal.o
                0x080053a0                HAL_GetTick
 .text.HAL_Delay
                0x080053b8       0x48 ./Drivers/STM32L4xx_HAL_Driver/Src/stm32l4xx_hal.o
                0x080053b8                HAL_Delay
 .text.LL_ADC_SetCommonClock
                0x08005400       0x26 ./Drivers/STM32L4xx_HAL_Driver/Src/stm32l4xx_hal_adc.o
 .text.LL_ADC_SetCommonPathInternalCh
                0x08005426       0x26 ./Drivers/STM32L4xx_HAL_Driver/Src/stm32l4xx_hal_adc.o
 .text.LL_ADC_GetCommonPathInternalCh
                0x0800544c       0x1c ./Drivers/STM32L4xx_HAL_Driver/Src/stm32l4xx_hal_adc.o
 .text.LL_ADC_SetOffset
                0x08005468       0x48 ./Drivers/STM32L4xx_HAL_Driver/Src/stm32l4xx_hal_adc.o
 .text.LL_ADC_GetOffsetChannel
                0x080054b0       0x2c ./Drivers/STM32L4xx_HAL_Driver/Src/stm32l4xx_hal_adc.o
 .text.LL_ADC_SetOffsetState
                0x080054dc       0x36 ./Drivers/STM32L4xx_HAL_Driver/Src/stm32l4xx_hal_adc.o
 .text.LL_ADC_SetSamplingTimeCommonConfig
                0x08005512       0x26 ./Drivers/STM32L4xx_HAL_Driver/Src/stm32l4xx_hal_adc.o
 .text.LL_ADC_REG_IsTriggerSourceSWStart
                0x08005538       0x26 ./Drivers/STM32L4xx_HAL_Driver/Src/stm32l4xx_hal_adc.o
 .text.LL_ADC_REG_SetSequencerRanks
                0x0800555e       0x58 ./Drivers/STM32L4xx_HAL_Driver/Src/stm32l4xx_hal_adc.o
 .text.LL_ADC_SetChannelSamplingTime
                0x080055b6       0x56 ./Drivers/STM32L4xx_HAL_Driver/Src/stm32l4xx_hal_adc.o
 .text.LL_ADC_SetChannelSingleDiff
                0x0800560c       0x48 ./Drivers/STM32L4xx_HAL_Driver/Src/stm32l4xx_hal_adc.o
 .text.LL_ADC_GetMultimode
                0x08005654       0x1c ./Drivers/STM32L4xx_HAL_Driver/Src/stm32l4xx_hal_adc.o
 .text.LL_ADC_DisableDeepPowerDown
                0x08005670       0x24 ./Drivers/STM32L4xx_HAL_Driver/Src/stm32l4xx_hal_adc.o
 .text.LL_ADC_IsDeepPowerDownEnabled
                0x08005694       0x28 ./Drivers/STM32L4xx_HAL_Driver/Src/stm32l4xx_hal_adc.o
 .text.LL_ADC_EnableInternalRegulator
                0x080056bc       0x28 ./Drivers/STM32L4xx_HAL_Driver/Src/stm32l4xx_hal_adc.o
 .text.LL_ADC_IsInternalRegulatorEnabled
                0x080056e4       0x28 ./Drivers/STM32L4xx_HAL_Driver/Src/stm32l4xx_hal_adc.o
 .text.LL_ADC_Enable
                0x0800570c       0x28 ./Drivers/STM32L4xx_HAL_Driver/Src/stm32l4xx_hal_adc.o
 .text.LL_ADC_IsEnabled
                0x08005734       0x26 ./Drivers/STM32L4xx_HAL_Driver/Src/stm32l4xx_hal_adc.o
 .text.LL_ADC_REG_StartConversion
                0x0800575a       0x28 ./Drivers/STM32L4xx_HAL_Driver/Src/stm32l4xx_hal_adc.o
 .text.LL_ADC_REG_IsConversionOngoing
                0x08005782       0x26 ./Drivers/STM32L4xx_HAL_Driver/Src/stm32l4xx_hal_adc.o
 .text.LL_ADC_INJ_IsConversionOngoing
                0x080057a8       0x26 ./Drivers/STM32L4xx_HAL_Driver/Src/stm32l4xx_hal_adc.o
 *fill*         0x080057ce        0x2 
 .text.HAL_ADC_Init
                0x080057d0      0x2a8 ./Drivers/STM32L4xx_HAL_Driver/Src/stm32l4xx_hal_adc.o
                0x080057d0                HAL_ADC_Init
 .text.HAL_ADC_Start_DMA
                0x08005a78      0x178 ./Drivers/STM32L4xx_HAL_Driver/Src/stm32l4xx_hal_adc.o
                0x08005a78                HAL_ADC_Start_DMA
 .text.HAL_ADC_ConvCpltCallback
                0x08005bf0       0x14 ./Drivers/STM32L4xx_HAL_Driver/Src/stm32l4xx_hal_adc.o
                0x08005bf0                HAL_ADC_ConvCpltCallback
 .text.HAL_ADC_ConvHalfCpltCallback
                0x08005c04       0x14 ./Drivers/STM32L4xx_HAL_Driver/Src/stm32l4xx_hal_adc.o
                0x08005c04                HAL_ADC_ConvHalfCpltCallback
 .text.HAL_ADC_ErrorCallback
                0x08005c18       0x14 ./Drivers/STM32L4xx_HAL_Driver/Src/stm32l4xx_hal_adc.o
                0x08005c18                HAL_ADC_ErrorCallback
 .text.HAL_ADC_ConfigChannel
                0x08005c2c      0x818 ./Drivers/STM32L4xx_HAL_Driver/Src/stm32l4xx_hal_adc.o
                0x08005c2c                HAL_ADC_ConfigChannel
 .text.ADC_Enable
                0x08006444      0x10c ./Drivers/STM32L4xx_HAL_Driver/Src/stm32l4xx_hal_adc.o
                0x08006444                ADC_Enable
 .text.ADC_DMAConvCplt
                0x08006550       0xd8 ./Drivers/STM32L4xx_HAL_Driver/Src/stm32l4xx_hal_adc.o
                0x08006550                ADC_DMAConvCplt
 .text.ADC_DMAHalfConvCplt
                0x08006628       0x1c ./Drivers/STM32L4xx_HAL_Driver/Src/stm32l4xx_hal_adc.o
                0x08006628                ADC_DMAHalfConvCplt
 .text.ADC_DMAError
                0x08006644       0x34 ./Drivers/STM32L4xx_HAL_Driver/Src/stm32l4xx_hal_adc.o
                0x08006644                ADC_DMAError
 .text.LL_ADC_IsEnabled
                0x08006678       0x26 ./Drivers/STM32L4xx_HAL_Driver/Src/stm32l4xx_hal_adc_ex.o
 .text.LL_ADC_REG_IsConversionOngoing
                0x0800669e       0x26 ./Drivers/STM32L4xx_HAL_Driver/Src/stm32l4xx_hal_adc_ex.o
 .text.HAL_ADCEx_MultiModeConfigChannel
                0x080066c4      0x160 ./Drivers/STM32L4xx_HAL_Driver/Src/stm32l4xx_hal_adc_ex.o
                0x080066c4                HAL_ADCEx_MultiModeConfigChannel
 .text.__NVIC_SetPriorityGrouping
                0x08006824       0x48 ./Drivers/STM32L4xx_HAL_Driver/Src/stm32l4xx_hal_cortex.o
 .text.__NVIC_GetPriorityGrouping
                0x0800686c       0x1c ./Drivers/STM32L4xx_HAL_Driver/Src/stm32l4xx_hal_cortex.o
 .text.__NVIC_EnableIRQ
                0x08006888       0x3c ./Drivers/STM32L4xx_HAL_Driver/Src/stm32l4xx_hal_cortex.o
 .text.__NVIC_SetPriority
                0x080068c4       0x54 ./Drivers/STM32L4xx_HAL_Driver/Src/stm32l4xx_hal_cortex.o
 .text.NVIC_EncodePriority
                0x08006918       0x66 ./Drivers/STM32L4xx_HAL_Driver/Src/stm32l4xx_hal_cortex.o
 *fill*         0x0800697e        0x2 
 .text.SysTick_Config
                0x08006980       0x44 ./Drivers/STM32L4xx_HAL_Driver/Src/stm32l4xx_hal_cortex.o
 .text.HAL_NVIC_SetPriorityGrouping
                0x080069c4       0x16 ./Drivers/STM32L4xx_HAL_Driver/Src/stm32l4xx_hal_cortex.o
                0x080069c4                HAL_NVIC_SetPriorityGrouping
 .text.HAL_NVIC_SetPriority
                0x080069da       0x38 ./Drivers/STM32L4xx_HAL_Driver/Src/stm32l4xx_hal_cortex.o
                0x080069da                HAL_NVIC_SetPriority
 .text.HAL_NVIC_EnableIRQ
                0x08006a12       0x1c ./Drivers/STM32L4xx_HAL_Driver/Src/stm32l4xx_hal_cortex.o
                0x08006a12                HAL_NVIC_EnableIRQ
 .text.HAL_SYSTICK_Config
                0x08006a2e       0x18 ./Drivers/STM32L4xx_HAL_Driver/Src/stm32l4xx_hal_cortex.o
                0x08006a2e                HAL_SYSTICK_Config
 .text.HAL_DMA_Start_IT
                0x08006a46       0xc0 ./Drivers/STM32L4xx_HAL_Driver/Src/stm32l4xx_hal_dma.o
                0x08006a46                HAL_DMA_Start_IT
 .text.DMA_SetConfig
                0x08006b06       0x60 ./Drivers/STM32L4xx_HAL_Driver/Src/stm32l4xx_hal_dma.o
 *fill*         0x08006b66        0x2 
 .text.HAL_GPIO_Init
                0x08006b68      0x324 ./Drivers/STM32L4xx_HAL_Driver/Src/stm32l4xx_hal_gpio.o
                0x08006b68                HAL_GPIO_Init
 .text.HAL_GPIO_ReadPin
                0x08006e8c       0x30 ./Drivers/STM32L4xx_HAL_Driver/Src/stm32l4xx_hal_gpio.o
                0x08006e8c                HAL_GPIO_ReadPin
 .text.HAL_GPIO_WritePin
                0x08006ebc       0x30 ./Drivers/STM32L4xx_HAL_Driver/Src/stm32l4xx_hal_gpio.o
                0x08006ebc                HAL_GPIO_WritePin
 .text.HAL_GPIO_EXTI_IRQHandler
                0x08006eec       0x30 ./Drivers/STM32L4xx_HAL_Driver/Src/stm32l4xx_hal_gpio.o
                0x08006eec                HAL_GPIO_EXTI_IRQHandler
 .text.HAL_GPIO_EXTI_Callback
                0x08006f1c       0x16 ./Drivers/STM32L4xx_HAL_Driver/Src/stm32l4xx_hal_gpio.o
                0x08006f1c                HAL_GPIO_EXTI_Callback
 .text.HAL_I2C_Init
                0x08006f32      0x136 ./Drivers/STM32L4xx_HAL_Driver/Src/stm32l4xx_hal_i2c.o
                0x08006f32                HAL_I2C_Init
 .text.HAL_I2C_Master_Transmit
                0x08007068      0x230 ./Drivers/STM32L4xx_HAL_Driver/Src/stm32l4xx_hal_i2c.o
                0x08007068                HAL_I2C_Master_Transmit
 .text.HAL_I2C_Master_Receive
                0x08007298      0x1ec ./Drivers/STM32L4xx_HAL_Driver/Src/stm32l4xx_hal_i2c.o
                0x08007298                HAL_I2C_Master_Receive
 .text.I2C_Flush_TXDR
                0x08007484       0x48 ./Drivers/STM32L4xx_HAL_Driver/Src/stm32l4xx_hal_i2c.o
 .text.I2C_WaitOnFlagUntilTimeout
                0x080074cc       0xb2 ./Drivers/STM32L4xx_HAL_Driver/Src/stm32l4xx_hal_i2c.o
 .text.I2C_WaitOnTXISFlagUntilTimeout
                0x0800757e       0x8e ./Drivers/STM32L4xx_HAL_Driver/Src/stm32l4xx_hal_i2c.o
 .text.I2C_WaitOnSTOPFlagUntilTimeout
                0x0800760c       0x86 ./Drivers/STM32L4xx_HAL_Driver/Src/stm32l4xx_hal_i2c.o
 *fill*         0x08007692        0x2 
 .text.I2C_WaitOnRXNEFlagUntilTimeout
                0x08007694      0x118 ./Drivers/STM32L4xx_HAL_Driver/Src/stm32l4xx_hal_i2c.o
 .text.I2C_IsErrorOccurred
                0x080077ac      0x1c0 ./Drivers/STM32L4xx_HAL_Driver/Src/stm32l4xx_hal_i2c.o
 .text.I2C_TransferConfig
                0x0800796c       0x64 ./Drivers/STM32L4xx_HAL_Driver/Src/stm32l4xx_hal_i2c.o
 .text.HAL_I2CEx_ConfigAnalogFilter
                0x080079d0       0x96 ./Drivers/STM32L4xx_HAL_Driver/Src/stm32l4xx_hal_i2c_ex.o
                0x080079d0                HAL_I2CEx_ConfigAnalogFilter
 .text.HAL_I2CEx_ConfigDigitalFilter
                0x08007a66       0x98 ./Drivers/STM32L4xx_HAL_Driver/Src/stm32l4xx_hal_i2c_ex.o
                0x08007a66                HAL_I2CEx_ConfigDigitalFilter
 *fill*         0x08007afe        0x2 
 .text.HAL_PWREx_GetVoltageRange
                0x08007b00       0x1c ./Drivers/STM32L4xx_HAL_Driver/Src/stm32l4xx_hal_pwr_ex.o
                0x08007b00                HAL_PWREx_GetVoltageRange
 .text.HAL_PWREx_ControlVoltageScaling
                0x08007b1c       0xac ./Drivers/STM32L4xx_HAL_Driver/Src/stm32l4xx_hal_pwr_ex.o
                0x08007b1c                HAL_PWREx_ControlVoltageScaling
 .text.HAL_RCC_OscConfig
                0x08007bc8      0x834 ./Drivers/STM32L4xx_HAL_Driver/Src/stm32l4xx_hal_rcc.o
                0x08007bc8                HAL_RCC_OscConfig
 .text.HAL_RCC_ClockConfig
                0x080083fc      0x200 ./Drivers/STM32L4xx_HAL_Driver/Src/stm32l4xx_hal_rcc.o
                0x080083fc                HAL_RCC_ClockConfig
 .text.HAL_RCC_GetSysClockFreq
                0x080085fc      0x118 ./Drivers/STM32L4xx_HAL_Driver/Src/stm32l4xx_hal_rcc.o
                0x080085fc                HAL_RCC_GetSysClockFreq
 .text.HAL_RCC_GetHCLKFreq
                0x08008714       0x18 ./Drivers/STM32L4xx_HAL_Driver/Src/stm32l4xx_hal_rcc.o
                0x08008714                HAL_RCC_GetHCLKFreq
 .text.HAL_RCC_GetPCLK1Freq
                0x0800872c       0x2c ./Drivers/STM32L4xx_HAL_Driver/Src/stm32l4xx_hal_rcc.o
                0x0800872c                HAL_RCC_GetPCLK1Freq
 .text.HAL_RCC_GetPCLK2Freq
                0x08008758       0x2c ./Drivers/STM32L4xx_HAL_Driver/Src/stm32l4xx_hal_rcc.o
                0x08008758                HAL_RCC_GetPCLK2Freq
 .text.HAL_RCC_EnableCSS
                0x08008784       0x20 ./Drivers/STM32L4xx_HAL_Driver/Src/stm32l4xx_hal_rcc.o
                0x08008784                HAL_RCC_EnableCSS
 .text.HAL_RCC_NMI_IRQHandler
                0x080087a4       0x28 ./Drivers/STM32L4xx_HAL_Driver/Src/stm32l4xx_hal_rcc.o
                0x080087a4                HAL_RCC_NMI_IRQHandler
 .text.HAL_RCC_CSSCallback
                0x080087cc        0xe ./Drivers/STM32L4xx_HAL_Driver/Src/stm32l4xx_hal_rcc.o
                0x080087cc                HAL_RCC_CSSCallback
 *fill*         0x080087da        0x2 
 .text.RCC_SetFlashLatencyFromMSIRange
                0x080087dc       0xc0 ./Drivers/STM32L4xx_HAL_Driver/Src/stm32l4xx_hal_rcc.o
 .text.HAL_RCCEx_PeriphCLKConfig
                0x0800889c      0x5f8 ./Drivers/STM32L4xx_HAL_Driver/Src/stm32l4xx_hal_rcc_ex.o
                0x0800889c                HAL_RCCEx_PeriphCLKConfig
 .text.RCCEx_PLLSAI1_Config
                0x08008e94      0x1e4 ./Drivers/STM32L4xx_HAL_Driver/Src/stm32l4xx_hal_rcc_ex.o
 .text.RCCEx_PLLSAI2_Config
                0x08009078      0x1b8 ./Drivers/STM32L4xx_HAL_Driver/Src/stm32l4xx_hal_rcc_ex.o
 .text.HAL_SPI_Init
                0x08009230      0x146 ./Drivers/STM32L4xx_HAL_Driver/Src/stm32l4xx_hal_spi.o
                0x08009230                HAL_SPI_Init
 .text.HAL_UART_Transmit
                0x08009376      0x112 ./Drivers/STM32L4xx_HAL_Driver/Src/stm32l4xx_hal_uart.o
                0x08009376                HAL_UART_Transmit
 .text.HAL_UART_Transmit_IT
                0x08009488       0xbc ./Drivers/STM32L4xx_HAL_Driver/Src/stm32l4xx_hal_uart.o
                0x08009488                HAL_UART_Transmit_IT
 .text.HAL_UART_Receive_IT
                0x08009544       0x98 ./Drivers/STM32L4xx_HAL_Driver/Src/stm32l4xx_hal_uart.o
                0x08009544                HAL_UART_Receive_IT
 .text.HAL_UART_RxCpltCallback
                0x080095dc       0x14 ./Drivers/STM32L4xx_HAL_Driver/Src/stm32l4xx_hal_uart.o
                0x080095dc                HAL_UART_RxCpltCallback
 .text.HAL_UARTEx_RxEventCallback
                0x080095f0       0x18 ./Drivers/STM32L4xx_HAL_Driver/Src/stm32l4xx_hal_uart.o
                0x080095f0                HAL_UARTEx_RxEventCallback
 .text.UART_SetConfig
                0x08009608      0x570 ./Drivers/STM32L4xx_HAL_Driver/Src/stm32l4xx_hal_uart.o
                0x08009608                UART_SetConfig
 .text.UART_AdvFeatureConfig
                0x08009b78      0x144 ./Drivers/STM32L4xx_HAL_Driver/Src/stm32l4xx_hal_uart.o
                0x08009b78                UART_AdvFeatureConfig
 .text.UART_CheckIdleState
                0x08009cbc      0x150 ./Drivers/STM32L4xx_HAL_Driver/Src/stm32l4xx_hal_uart.o
                0x08009cbc                UART_CheckIdleState
 .text.UART_WaitOnFlagUntilTimeout
                0x08009e0c       0xda ./Drivers/STM32L4xx_HAL_Driver/Src/stm32l4xx_hal_uart.o
                0x08009e0c                UART_WaitOnFlagUntilTimeout
 *fill*         0x08009ee6        0x2 
 .text.UART_Start_Receive_IT
                0x08009ee8      0x18c ./Drivers/STM32L4xx_HAL_Driver/Src/stm32l4xx_hal_uart.o
                0x08009ee8                UART_Start_Receive_IT
 .text.UART_EndRxTransfer
                0x0800a074       0xc8 ./Drivers/STM32L4xx_HAL_Driver/Src/stm32l4xx_hal_uart.o
 .text.UART_TxISR_8BIT
                0x0800a13c       0xb6 ./Drivers/STM32L4xx_HAL_Driver/Src/stm32l4xx_hal_uart.o
 .text.UART_TxISR_16BIT
                0x0800a1f2       0xc0 ./Drivers/STM32L4xx_HAL_Driver/Src/stm32l4xx_hal_uart.o
 *fill*         0x0800a2b2        0x2 
 .text.UART_RxISR_8BIT
                0x0800a2b4      0x1bc ./Drivers/STM32L4xx_HAL_Driver/Src/stm32l4xx_hal_uart.o
 .text.UART_RxISR_16BIT
                0x0800a470      0x1bc ./Drivers/STM32L4xx_HAL_Driver/Src/stm32l4xx_hal_uart.o
 .text.HAL_RS485Ex_Init
                0x0800a62c       0xce ./Drivers/STM32L4xx_HAL_Driver/Src/stm32l4xx_hal_uart_ex.o
                0x0800a62c                HAL_RS485Ex_Init
 *fill*         0x0800a6fa        0x2 
 .text.snprintf
                0x0800a6fc       0x6c C:/ST/STM32CubeIDE_1.18.0/STM32CubeIDE/plugins/com.st.stm32cube.ide.mcu.externaltools.gnu-tools-for-stm32.13.3.rel1.win32_1.0.0.202411081344/tools/bin/../lib/gcc/arm-none-eabi/13.3.1/../../../../arm-none-eabi/lib/thumb/v7e-m+fp/hard\libc_nano.a(libc_a-snprintf.o)
                0x0800a6fc                sniprintf
                0x0800a6fc                snprintf
 .text.memset   0x0800a768       0x10 C:/ST/STM32CubeIDE_1.18.0/STM32CubeIDE/plugins/com.st.stm32cube.ide.mcu.externaltools.gnu-tools-for-stm32.13.3.rel1.win32_1.0.0.202411081344/tools/bin/../lib/gcc/arm-none-eabi/13.3.1/../../../../arm-none-eabi/lib/thumb/v7e-m+fp/hard\libc_nano.a(libc_a-memset.o)
                0x0800a768                memset
 .text.strncpy  0x0800a778       0x26 C:/ST/STM32CubeIDE_1.18.0/STM32CubeIDE/plugins/com.st.stm32cube.ide.mcu.externaltools.gnu-tools-for-stm32.13.3.rel1.win32_1.0.0.202411081344/tools/bin/../lib/gcc/arm-none-eabi/13.3.1/../../../../arm-none-eabi/lib/thumb/v7e-m+fp/hard\libc_nano.a(libc_a-strncpy.o)
                0x0800a778                strncpy
 *fill*         0x0800a79e        0x2 
 .text.__errno  0x0800a7a0        0xc C:/ST/STM32CubeIDE_1.18.0/STM32CubeIDE/plugins/com.st.stm32cube.ide.mcu.externaltools.gnu-tools-for-stm32.13.3.rel1.win32_1.0.0.202411081344/tools/bin/../lib/gcc/arm-none-eabi/13.3.1/../../../../arm-none-eabi/lib/thumb/v7e-m+fp/hard\libc_nano.a(libc_a-errno.o)
                0x0800a7a0                __errno
 .text.__libc_init_array
                0x0800a7ac       0x48 C:/ST/STM32CubeIDE_1.18.0/STM32CubeIDE/plugins/com.st.stm32cube.ide.mcu.externaltools.gnu-tools-for-stm32.13.3.rel1.win32_1.0.0.202411081344/tools/bin/../lib/gcc/arm-none-eabi/13.3.1/../../../../arm-none-eabi/lib/thumb/v7e-m+fp/hard\libc_nano.a(libc_a-init.o)
                0x0800a7ac                __libc_init_array
 .text.__retarget_lock_acquire_recursive
                0x0800a7f4        0x2 C:/ST/STM32CubeIDE_1.18.0/STM32CubeIDE/plugins/com.st.stm32cube.ide.mcu.externaltools.gnu-tools-for-stm32.13.3.rel1.win32_1.0.0.202411081344/tools/bin/../lib/gcc/arm-none-eabi/13.3.1/../../../../arm-none-eabi/lib/thumb/v7e-m+fp/hard\libc_nano.a(libc_a-lock.o)
                0x0800a7f4                __retarget_lock_acquire_recursive
 .text.__retarget_lock_release_recursive
                0x0800a7f6        0x2 C:/ST/STM32CubeIDE_1.18.0/STM32CubeIDE/plugins/com.st.stm32cube.ide.mcu.externaltools.gnu-tools-for-stm32.13.3.rel1.win32_1.0.0.202411081344/tools/bin/../lib/gcc/arm-none-eabi/13.3.1/../../../../arm-none-eabi/lib/thumb/v7e-m+fp/hard\libc_nano.a(libc_a-lock.o)
                0x0800a7f6                __retarget_lock_release_recursive
 .text.memcpy   0x0800a7f8       0x1c C:/ST/STM32CubeIDE_1.18.0/STM32CubeIDE/plugins/com.st.stm32cube.ide.mcu.externaltools.gnu-tools-for-stm32.13.3.rel1.win32_1.0.0.202411081344/tools/bin/../lib/gcc/arm-none-eabi/13.3.1/../../../../arm-none-eabi/lib/thumb/v7e-m+fp/hard\libc_nano.a(libc_a-memcpy-stub.o)
                0x0800a7f8                memcpy
 .text._free_r  0x0800a814       0x94 C:/ST/STM32CubeIDE_1.18.0/STM32CubeIDE/plugins/com.st.stm32cube.ide.mcu.externaltools.gnu-tools-for-stm32.13.3.rel1.win32_1.0.0.202411081344/tools/bin/../lib/gcc/arm-none-eabi/13.3.1/../../../../arm-none-eabi/lib/thumb/v7e-m+fp/hard\libc_nano.a(libc_a-freer.o)
                0x0800a814                _free_r
 .text.sbrk_aligned
                0x0800a8a8       0x44 C:/ST/STM32CubeIDE_1.18.0/STM32CubeIDE/plugins/com.st.stm32cube.ide.mcu.externaltools.gnu-tools-for-stm32.13.3.rel1.win32_1.0.0.202411081344/tools/bin/../lib/gcc/arm-none-eabi/13.3.1/../../../../arm-none-eabi/lib/thumb/v7e-m+fp/hard\libc_nano.a(libc_a-mallocr.o)
 .text._malloc_r
                0x0800a8ec      0x100 C:/ST/STM32CubeIDE_1.18.0/STM32CubeIDE/plugins/com.st.stm32cube.ide.mcu.externaltools.gnu-tools-for-stm32.13.3.rel1.win32_1.0.0.202411081344/tools/bin/../lib/gcc/arm-none-eabi/13.3.1/../../../../arm-none-eabi/lib/thumb/v7e-m+fp/hard\libc_nano.a(libc_a-mallocr.o)
                0x0800a8ec                _malloc_r
 .text.__malloc_lock
                0x0800a9ec        0xc C:/ST/STM32CubeIDE_1.18.0/STM32CubeIDE/plugins/com.st.stm32cube.ide.mcu.externaltools.gnu-tools-for-stm32.13.3.rel1.win32_1.0.0.202411081344/tools/bin/../lib/gcc/arm-none-eabi/13.3.1/../../../../arm-none-eabi/lib/thumb/v7e-m+fp/hard\libc_nano.a(libc_a-mlock.o)
                0x0800a9ec                __malloc_lock
 .text.__malloc_unlock
                0x0800a9f8        0xc C:/ST/STM32CubeIDE_1.18.0/STM32CubeIDE/plugins/com.st.stm32cube.ide.mcu.externaltools.gnu-tools-for-stm32.13.3.rel1.win32_1.0.0.202411081344/tools/bin/../lib/gcc/arm-none-eabi/13.3.1/../../../../arm-none-eabi/lib/thumb/v7e-m+fp/hard\libc_nano.a(libc_a-mlock.o)
                0x0800a9f8                __malloc_unlock
 .text.__ssputs_r
                0x0800aa04       0xb6 C:/ST/STM32CubeIDE_1.18.0/STM32CubeIDE/plugins/com.st.stm32cube.ide.mcu.externaltools.gnu-tools-for-stm32.13.3.rel1.win32_1.0.0.202411081344/tools/bin/../lib/gcc/arm-none-eabi/13.3.1/../../../../arm-none-eabi/lib/thumb/v7e-m+fp/hard\libc_nano.a(libc_a-nano-svfprintf.o)
                0x0800aa04                __ssputs_r
 *fill*         0x0800aaba        0x2 
 .text._svfprintf_r
                0x0800aabc      0x1f8 C:/ST/STM32CubeIDE_1.18.0/STM32CubeIDE/plugins/com.st.stm32cube.ide.mcu.externaltools.gnu-tools-for-stm32.13.3.rel1.win32_1.0.0.202411081344/tools/bin/../lib/gcc/arm-none-eabi/13.3.1/../../../../arm-none-eabi/lib/thumb/v7e-m+fp/hard\libc_nano.a(libc_a-nano-svfprintf.o)
                0x0800aabc                _svfiprintf_r
                0x0800aabc                _svfprintf_r
 .text._printf_common
                0x0800acb4       0xda C:/ST/STM32CubeIDE_1.18.0/STM32CubeIDE/plugins/com.st.stm32cube.ide.mcu.externaltools.gnu-tools-for-stm32.13.3.rel1.win32_1.0.0.202411081344/tools/bin/../lib/gcc/arm-none-eabi/13.3.1/../../../../arm-none-eabi/lib/thumb/v7e-m+fp/hard\libc_nano.a(libc_a-nano-vfprintf_i.o)
                0x0800acb4                _printf_common
 *fill*         0x0800ad8e        0x2 
 .text._printf_i
                0x0800ad90      0x23c C:/ST/STM32CubeIDE_1.18.0/STM32CubeIDE/plugins/com.st.stm32cube.ide.mcu.externaltools.gnu-tools-for-stm32.13.3.rel1.win32_1.0.0.202411081344/tools/bin/../lib/gcc/arm-none-eabi/13.3.1/../../../../arm-none-eabi/lib/thumb/v7e-m+fp/hard\libc_nano.a(libc_a-nano-vfprintf_i.o)
                0x0800ad90                _printf_i
 .text.memmove  0x0800afcc       0x34 C:/ST/STM32CubeIDE_1.18.0/STM32CubeIDE/plugins/com.st.stm32cube.ide.mcu.externaltools.gnu-tools-for-stm32.13.3.rel1.win32_1.0.0.202411081344/tools/bin/../lib/gcc/arm-none-eabi/13.3.1/../../../../arm-none-eabi/lib/thumb/v7e-m+fp/hard\libc_nano.a(libc_a-memmove.o)
                0x0800afcc                memmove
 .text._sbrk_r  0x0800b000       0x20 C:/ST/STM32CubeIDE_1.18.0/STM32CubeIDE/plugins/com.st.stm32cube.ide.mcu.externaltools.gnu-tools-for-stm32.13.3.rel1.win32_1.0.0.202411081344/tools/bin/../lib/gcc/arm-none-eabi/13.3.1/../../../../arm-none-eabi/lib/thumb/v7e-m+fp/hard\libc_nano.a(libc_a-sbrkr.o)
                0x0800b000                _sbrk_r
 .text._realloc_r
                0x0800b020       0x5c C:/ST/STM32CubeIDE_1.18.0/STM32CubeIDE/plugins/com.st.stm32cube.ide.mcu.externaltools.gnu-tools-for-stm32.13.3.rel1.win32_1.0.0.202411081344/tools/bin/../lib/gcc/arm-none-eabi/13.3.1/../../../../arm-none-eabi/lib/thumb/v7e-m+fp/hard\libc_nano.a(libc_a-reallocr.o)
                0x0800b020                _realloc_r
 .text._malloc_usable_size_r
                0x0800b07c       0x10 C:/ST/STM32CubeIDE_1.18.0/STM32CubeIDE/plugins/com.st.stm32cube.ide.mcu.externaltools.gnu-tools-for-stm32.13.3.rel1.win32_1.0.0.202411081344/tools/bin/../lib/gcc/arm-none-eabi/13.3.1/../../../../arm-none-eabi/lib/thumb/v7e-m+fp/hard\libc_nano.a(libc_a-msizer.o)
                0x0800b07c                _malloc_usable_size_r
 *(.glue_7)
 .glue_7        0x0800b08c        0x0 linker stubs
 *(.glue_7t)
 .glue_7t       0x0800b08c        0x0 linker stubs
 *(.eh_frame)
 .eh_frame      0x0800b08c        0x0 C:/ST/STM32CubeIDE_1.18.0/STM32CubeIDE/plugins/com.st.stm32cube.ide.mcu.externaltools.gnu-tools-for-stm32.13.3.rel1.win32_1.0.0.202411081344/tools/bin/../lib/gcc/arm-none-eabi/13.3.1/thumb/v7e-m+fp/hard/crtbegin.o
 *(.init)
 .init          0x0800b08c        0x4 C:/ST/STM32CubeIDE_1.18.0/STM32CubeIDE/plugins/com.st.stm32cube.ide.mcu.externaltools.gnu-tools-for-stm32.13.3.rel1.win32_1.0.0.202411081344/tools/bin/../lib/gcc/arm-none-eabi/13.3.1/thumb/v7e-m+fp/hard/crti.o
                0x0800b08c                _init
 .init          0x0800b090        0x8 C:/ST/STM32CubeIDE_1.18.0/STM32CubeIDE/plugins/com.st.stm32cube.ide.mcu.externaltools.gnu-tools-for-stm32.13.3.rel1.win32_1.0.0.202411081344/tools/bin/../lib/gcc/arm-none-eabi/13.3.1/thumb/v7e-m+fp/hard/crtn.o
 *(.fini)
 .fini          0x0800b098        0x4 C:/ST/STM32CubeIDE_1.18.0/STM32CubeIDE/plugins/com.st.stm32cube.ide.mcu.externaltools.gnu-tools-for-stm32.13.3.rel1.win32_1.0.0.202411081344/tools/bin/../lib/gcc/arm-none-eabi/13.3.1/thumb/v7e-m+fp/hard/crti.o
                0x0800b098                _fini
 .fini          0x0800b09c        0x8 C:/ST/STM32CubeIDE_1.18.0/STM32CubeIDE/plugins/com.st.stm32cube.ide.mcu.externaltools.gnu-tools-for-stm32.13.3.rel1.win32_1.0.0.202411081344/tools/bin/../lib/gcc/arm-none-eabi/13.3.1/thumb/v7e-m+fp/hard/crtn.o
                0x0800b0a4                        . = ALIGN (0x4)
                0x0800b0a4                        _etext = .

.vfp11_veneer   0x0800b0a4        0x0
 .vfp11_veneer  0x0800b0a4        0x0 linker stubs

.v4_bx          0x0800b0a4        0x0
 .v4_bx         0x0800b0a4        0x0 linker stubs

.iplt           0x0800b0a4        0x0
 .iplt          0x0800b0a4        0x0 C:/ST/STM32CubeIDE_1.18.0/STM32CubeIDE/plugins/com.st.stm32cube.ide.mcu.externaltools.gnu-tools-for-stm32.13.3.rel1.win32_1.0.0.202411081344/tools/bin/../lib/gcc/arm-none-eabi/13.3.1/thumb/v7e-m+fp/hard/crtbegin.o

.rodata         0x0800b0a4      0x478
                0x0800b0a4                        . = ALIGN (0x4)
 *(.rodata)
 .rodata        0x0800b0a4      0x12a ./Core/Src/eps_faults/eps_faults.o
 *fill*         0x0800b1ce        0x2 
 .rodata        0x0800b1d0      0x273 ./Core/Src/main.o
 *fill*         0x0800b443        0x1 
 .rodata        0x0800b444       0x5a ./Core/Src/ssp/ssp_command.o
 *(.rodata*)
 *fill*         0x0800b49e        0x2 
 .rodata.AHBPrescTable
                0x0800b4a0       0x10 ./Core/Src/system_stm32l4xx.o
                0x0800b4a0                AHBPrescTable
 .rodata.APBPrescTable
                0x0800b4b0        0x8 ./Core/Src/system_stm32l4xx.o
                0x0800b4b0                APBPrescTable
 .rodata.MSIRangeTable
                0x0800b4b8       0x30 ./Core/Src/system_stm32l4xx.o
                0x0800b4b8                MSIRangeTable
 .rodata._svfprintf_r.str1.1
                0x0800b4e8       0x33 C:/ST/STM32CubeIDE_1.18.0/STM32CubeIDE/plugins/com.st.stm32cube.ide.mcu.externaltools.gnu-tools-for-stm32.13.3.rel1.win32_1.0.0.202411081344/tools/bin/../lib/gcc/arm-none-eabi/13.3.1/../../../../arm-none-eabi/lib/thumb/v7e-m+fp/hard\libc_nano.a(libc_a-nano-svfprintf.o)
                                 0x11 (size before relaxing)
 .rodata._printf_i.str1.1
                0x0800b51b       0x22 C:/ST/STM32CubeIDE_1.18.0/STM32CubeIDE/plugins/com.st.stm32cube.ide.mcu.externaltools.gnu-tools-for-stm32.13.3.rel1.win32_1.0.0.202411081344/tools/bin/../lib/gcc/arm-none-eabi/13.3.1/../../../../arm-none-eabi/lib/thumb/v7e-m+fp/hard\libc_nano.a(libc_a-nano-vfprintf_i.o)
                0x0800b540                        . = ALIGN (0x4)
 *fill*         0x0800b51b        0x1 

.ARM.extab      0x0800b51c        0x0
                0x0800b51c                        . = ALIGN (0x4)
 *(.ARM.extab* .gnu.linkonce.armextab.*)
                0x0800b51c                        . = ALIGN (0x4)

.ARM            0x0800b51c        0x8
                0x0800b51c                        . = ALIGN (0x4)
                0x0800b51c                        __exidx_start = .
 *(.ARM.exidx*)
 .ARM.exidx     0x0800b51c        0x8 C:/ST/STM32CubeIDE_1.18.0/STM32CubeIDE/plugins/com.st.stm32cube.ide.mcu.externaltools.gnu-tools-for-stm32.13.3.rel1.win32_1.0.0.202411081344/tools/bin/../lib/gcc/arm-none-eabi/13.3.1/../../../../arm-none-eabi/lib/thumb/v7e-m+fp/hard\libc_nano.a(libc_a-strlen.o)
 .ARM.exidx     0x0800b524        0x0 C:/ST/STM32CubeIDE_1.18.0/STM32CubeIDE/plugins/com.st.stm32cube.ide.mcu.externaltools.gnu-tools-for-stm32.13.3.rel1.win32_1.0.0.202411081344/tools/bin/../lib/gcc/arm-none-eabi/13.3.1/../../../../arm-none-eabi/lib/thumb/v7e-m+fp/hard\libc_nano.a(libc_a-memchr.o)
                                  0x8 (size before relaxing)
 .ARM.exidx     0x0800b524        0x0 C:/ST/STM32CubeIDE_1.18.0/STM32CubeIDE/plugins/com.st.stm32cube.ide.mcu.externaltools.gnu-tools-for-stm32.13.3.rel1.win32_1.0.0.202411081344/tools/bin/../lib/gcc/arm-none-eabi/13.3.1/thumb/v7e-m+fp/hard\libgcc.a(_udivmoddi4.o)
                                  0x8 (size before relaxing)
                0x0800b524                        __exidx_end = .
                0x0800b524                        . = ALIGN (0x4)

.preinit_array  0x0800b524        0x0
                0x0800b524                        . = ALIGN (0x4)
                0x0800b524                        PROVIDE (__preinit_array_start = .)
 *(.preinit_array*)
                0x0800b524                        PROVIDE (__preinit_array_end = .)
                0x0800b524                        . = ALIGN (0x4)

.init_array     0x0800b524        0x4
                0x0800b524                        . = ALIGN (0x4)
                0x0800b524                        PROVIDE (__init_array_start = .)
 *(SORT_BY_NAME(.init_array.*))
 *(.init_array*)
 .init_array    0x0800b524        0x4 C:/ST/STM32CubeIDE_1.18.0/STM32CubeIDE/plugins/com.st.stm32cube.ide.mcu.externaltools.gnu-tools-for-stm32.13.3.rel1.win32_1.0.0.202411081344/tools/bin/../lib/gcc/arm-none-eabi/13.3.1/thumb/v7e-m+fp/hard/crtbegin.o
                0x0800b528                        PROVIDE (__init_array_end = .)
                0x0800b528                        . = ALIGN (0x4)

.fini_array     0x0800b528        0x4
                0x0800b528                        . = ALIGN (0x4)
                [!provide]                        PROVIDE (__fini_array_start = .)
 *(SORT_BY_NAME(.fini_array.*))
 *(.fini_array*)
 .fini_array    0x0800b528        0x4 C:/ST/STM32CubeIDE_1.18.0/STM32CubeIDE/plugins/com.st.stm32cube.ide.mcu.externaltools.gnu-tools-for-stm32.13.3.rel1.win32_1.0.0.202411081344/tools/bin/../lib/gcc/arm-none-eabi/13.3.1/thumb/v7e-m+fp/hard/crtbegin.o
                [!provide]                        PROVIDE (__fini_array_end = .)
                0x0800b52c                        . = ALIGN (0x4)
                0x0800b52c                        _sidata = LOADADDR (.data)

.rel.dyn        0x0800b52c        0x0
 .rel.iplt      0x0800b52c        0x0 C:/ST/STM32CubeIDE_1.18.0/STM32CubeIDE/plugins/com.st.stm32cube.ide.mcu.externaltools.gnu-tools-for-stm32.13.3.rel1.win32_1.0.0.202411081344/tools/bin/../lib/gcc/arm-none-eabi/13.3.1/thumb/v7e-m+fp/hard/crtbegin.o

.data           0x20000000       0xd8 load address 0x0800b52c
                0x20000000                        . = ALIGN (0x4)
                0x20000000                        _sdata = .
 *(.data)
 *(.data*)
 .data.parameterCount
                0x20000000        0x1 ./Core/Src/main.o
 *fill*         0x20000001        0x3 
 .data.SystemCoreClock
                0x20000004        0x4 ./Core/Src/system_stm32l4xx.o
                0x20000004                SystemCoreClock
 .data.CurrentMode
                0x20000008        0x1 ./Core/Src/ssp/ssp_command.o
 *fill*         0x20000009        0x3 
 .data.FunctionParams
                0x2000000c        0x8 ./Core/Src/ssp/ssp_command.o
 .data.FunctionParamCount
                0x20000014        0x1 ./Core/Src/ssp/ssp_command.o
 *fill*         0x20000015        0x3 
 .data.Parameters
                0x20000018       0x64 ./Core/Src/ssp/ssp_telemetry.o
 .data.ParameterCount
                0x2000007c        0x1 ./Core/Src/ssp/ssp_telemetry.o
 *fill*         0x2000007d        0x3 
 .data.uwTickPrio
                0x20000080        0x4 ./Drivers/STM32L4xx_HAL_Driver/Src/stm32l4xx_hal.o
                0x20000080                uwTickPrio
 .data.uwTickFreq
                0x20000084        0x1 ./Drivers/STM32L4xx_HAL_Driver/Src/stm32l4xx_hal.o
                0x20000084                uwTickFreq
 *fill*         0x20000085        0x3 
 .data._impure_ptr
                0x20000088        0x4 C:/ST/STM32CubeIDE_1.18.0/STM32CubeIDE/plugins/com.st.stm32cube.ide.mcu.externaltools.gnu-tools-for-stm32.13.3.rel1.win32_1.0.0.202411081344/tools/bin/../lib/gcc/arm-none-eabi/13.3.1/../../../../arm-none-eabi/lib/thumb/v7e-m+fp/hard\libc_nano.a(libc_a-impure.o)
                0x20000088                _impure_ptr
 .data._impure_data
                0x2000008c       0x4c C:/ST/STM32CubeIDE_1.18.0/STM32CubeIDE/plugins/com.st.stm32cube.ide.mcu.externaltools.gnu-tools-for-stm32.13.3.rel1.win32_1.0.0.202411081344/tools/bin/../lib/gcc/arm-none-eabi/13.3.1/../../../../arm-none-eabi/lib/thumb/v7e-m+fp/hard\libc_nano.a(libc_a-impure.o)
                0x2000008c                _impure_data
 *(.RamFunc)
 *(.RamFunc*)
                0x200000d8                        . = ALIGN (0x4)
                0x200000d8                        _edata = .

.igot.plt       0x200000d8        0x0 load address 0x0800b604
 .igot.plt      0x200000d8        0x0 C:/ST/STM32CubeIDE_1.18.0/STM32CubeIDE/plugins/com.st.stm32cube.ide.mcu.externaltools.gnu-tools-for-stm32.13.3.rel1.win32_1.0.0.202411081344/tools/bin/../lib/gcc/arm-none-eabi/13.3.1/thumb/v7e-m+fp/hard/crtbegin.o
                0x200000d8                        . = ALIGN (0x4)

.bss            0x200000d8      0x784 load address 0x0800b604
                0x200000d8                        _sbss = .
                0x200000d8                        __bss_start__ = _sbss
 *(.bss)
 .bss           0x200000d8       0x1c C:/ST/STM32CubeIDE_1.18.0/STM32CubeIDE/plugins/com.st.stm32cube.ide.mcu.externaltools.gnu-tools-for-stm32.13.3.rel1.win32_1.0.0.202411081344/tools/bin/../lib/gcc/arm-none-eabi/13.3.1/thumb/v7e-m+fp/hard/crtbegin.o
 *(.bss*)
 .bss.fault_log
                0x200000f4      0x190 ./Core/Src/eps_faults/eps_faults.o
                0x200000f4                fault_log
 .bss.fault_log_index
                0x20000284        0x1 ./Core/Src/eps_faults/eps_faults.o
                0x20000284                fault_log_index
 .bss.fault_detected
                0x20000285        0x1 ./Core/Src/eps_faults/eps_faults.o
                0x20000285                fault_detected
 *fill*         0x20000286        0x2 
 .bss.fault_states
                0x20000288       0x70 ./Core/Src/eps_faults/eps_faults.o
                0x20000288                fault_states
 .bss.hadc1     0x200002f8       0x68 ./Core/Src/main.o
                0x200002f8                hadc1
 .bss.hi2c2     0x20000360       0x54 ./Core/Src/main.o
                0x20000360                hi2c2
 .bss.hspi1     0x200003b4       0x64 ./Core/Src/main.o
                0x200003b4                hspi1
 .bss.huart1    0x20000418       0x88 ./Core/Src/main.o
                0x20000418                huart1
 .bss.huart2    0x200004a0       0x88 ./Core/Src/main.o
                0x200004a0                huart2
 .bss.huart3    0x20000528       0x88 ./Core/Src/main.o
                0x20000528                huart3
 .bss.TxFrame   0x200005b0       0x2a ./Core/Src/main.o
                0x200005b0                TxFrame
 *fill*         0x200005da        0x2 
 .bss.RxFrame   0x200005dc       0x2a ./Core/Src/main.o
                0x200005dc                RxFrame
 *fill*         0x20000606        0x2 
 .bss.AdcValues
                0x20000608       0x20 ./Core/Src/main.o
                0x20000608                AdcValues
 .bss.use_alternative_rs4851
                0x20000628        0x1 ./Core/Src/main.o
 *fill*         0x20000629        0x3 
 .bss.last_save_time
                0x2000062c        0x4 ./Core/Src/main.o
 .bss.eepromTelemetry
                0x20000630        0x6 ./Core/Src/main.o
 *fill*         0x20000636        0x2 
 .bss.eepromParameters
                0x20000638       0x54 ./Core/Src/main.o
 .bss.__sbrk_heap_end
                0x2000068c        0x4 ./Core/Src/sysmem.o
 .bss.SynchCounter
                0x20000690        0x4 ./Core/Src/ssp/ssp_command.o
 .bss.MissionTerminationEnabled
                0x20000694        0x1 ./Core/Src/ssp/ssp_command.o
 *fill*         0x20000695        0x3 
 .bss.HuartRs485_1
                0x20000698        0x4 ./Core/Src/ssp/ssp_init.o
                0x20000698                HuartRs485_1
 .bss.HuartRs485_2
                0x2000069c        0x4 ./Core/Src/ssp/ssp_init.o
                0x2000069c                HuartRs485_2
 .bss.HuartRs485_Alt
                0x200006a0        0x4 ./Core/Src/ssp/ssp_init.o
                0x200006a0                HuartRs485_Alt
 .bss.De1Port   0x200006a4        0x4 ./Core/Src/ssp/ssp_init.o
                0x200006a4                De1Port
 .bss.De1Pin    0x200006a8        0x2 ./Core/Src/ssp/ssp_init.o
                0x200006a8                De1Pin
 *fill*         0x200006aa        0x2 
 .bss.De2Port   0x200006ac        0x4 ./Core/Src/ssp/ssp_init.o
                0x200006ac                De2Port
 .bss.De2Pin    0x200006b0        0x2 ./Core/Src/ssp/ssp_init.o
                0x200006b0                De2Pin
 *fill*         0x200006b2        0x2 
 .bss.RxBuffer1
                0x200006b4       0x27 ./Core/Src/ssp/ssp_init.o
                0x200006b4                RxBuffer1
 *fill*         0x200006db        0x1 
 .bss.RxBuffer2
                0x200006dc       0x27 ./Core/Src/ssp/ssp_init.o
                0x200006dc                RxBuffer2
 .bss.Rx1Complete
                0x20000703        0x1 ./Core/Src/ssp/ssp_init.o
                0x20000703                Rx1Complete
 .bss.Rx2Complete
                0x20000704        0x1 ./Core/Src/ssp/ssp_init.o
                0x20000704                Rx2Complete
 *fill*         0x20000705        0x3 
 .bss.TelemetryData
                0x20000708        0x6 ./Core/Src/ssp/ssp_telemetry.o
 *fill*         0x2000070e        0x2 
 .bss.uwTick    0x20000710        0x4 ./Drivers/STM32L4xx_HAL_Driver/Src/stm32l4xx_hal.o
                0x20000710                uwTick
 .bss.__sf      0x20000714      0x138 C:/ST/STM32CubeIDE_1.18.0/STM32CubeIDE/plugins/com.st.stm32cube.ide.mcu.externaltools.gnu-tools-for-stm32.13.3.rel1.win32_1.0.0.202411081344/tools/bin/../lib/gcc/arm-none-eabi/13.3.1/../../../../arm-none-eabi/lib/thumb/v7e-m+fp/hard\libc_nano.a(libc_a-findfp.o)
                0x20000714                __sf
 .bss.errno     0x2000084c        0x4 C:/ST/STM32CubeIDE_1.18.0/STM32CubeIDE/plugins/com.st.stm32cube.ide.mcu.externaltools.gnu-tools-for-stm32.13.3.rel1.win32_1.0.0.202411081344/tools/bin/../lib/gcc/arm-none-eabi/13.3.1/../../../../arm-none-eabi/lib/thumb/v7e-m+fp/hard\libc_nano.a(libc_a-reent.o)
                0x2000084c                errno
 .bss.__lock___malloc_recursive_mutex
                0x20000850        0x1 C:/ST/STM32CubeIDE_1.18.0/STM32CubeIDE/plugins/com.st.stm32cube.ide.mcu.externaltools.gnu-tools-for-stm32.13.3.rel1.win32_1.0.0.202411081344/tools/bin/../lib/gcc/arm-none-eabi/13.3.1/../../../../arm-none-eabi/lib/thumb/v7e-m+fp/hard\libc_nano.a(libc_a-lock.o)
                0x20000850                __lock___malloc_recursive_mutex
 *fill*         0x20000851        0x3 
 .bss.__malloc_sbrk_start
                0x20000854        0x4 C:/ST/STM32CubeIDE_1.18.0/STM32CubeIDE/plugins/com.st.stm32cube.ide.mcu.externaltools.gnu-tools-for-stm32.13.3.rel1.win32_1.0.0.202411081344/tools/bin/../lib/gcc/arm-none-eabi/13.3.1/../../../../arm-none-eabi/lib/thumb/v7e-m+fp/hard\libc_nano.a(libc_a-mallocr.o)
                0x20000854                __malloc_sbrk_start
 .bss.__malloc_free_list
                0x20000858        0x4 C:/ST/STM32CubeIDE_1.18.0/STM32CubeIDE/plugins/com.st.stm32cube.ide.mcu.externaltools.gnu-tools-for-stm32.13.3.rel1.win32_1.0.0.202411081344/tools/bin/../lib/gcc/arm-none-eabi/13.3.1/../../../../arm-none-eabi/lib/thumb/v7e-m+fp/hard\libc_nano.a(libc_a-mallocr.o)
                0x20000858                __malloc_free_list
 *(COMMON)
                0x2000085c                        . = ALIGN (0x4)
                0x2000085c                        _ebss = .
                0x2000085c                        __bss_end__ = _ebss

._user_heap_stack
                0x2000085c      0x604 load address 0x0800b604
                0x20000860                        . = ALIGN (0x8)
 *fill*         0x2000085c        0x4 
                [!provide]                        PROVIDE (end = .)
                0x20000860                        PROVIDE (_end = .)
                0x20000a60                        . = (. + _Min_Heap_Size)
 *fill*         0x20000860      0x200 
                0x20000e60                        . = (. + _Min_Stack_Size)
 *fill*         0x20000a60      0x400 
                0x20000e60                        . = ALIGN (0x8)

/DISCARD/
 libc.a(*)
 libm.a(*)
 libgcc.a(*)

.ARM.attributes
                0x00000000       0x30
 *(.ARM.attributes)
 .ARM.attributes
                0x00000000       0x22 C:/ST/STM32CubeIDE_1.18.0/STM32CubeIDE/plugins/com.st.stm32cube.ide.mcu.externaltools.gnu-tools-for-stm32.13.3.rel1.win32_1.0.0.202411081344/tools/bin/../lib/gcc/arm-none-eabi/13.3.1/thumb/v7e-m+fp/hard/crti.o
 .ARM.attributes
                0x00000022       0x34 C:/ST/STM32CubeIDE_1.18.0/STM32CubeIDE/plugins/com.st.stm32cube.ide.mcu.externaltools.gnu-tools-for-stm32.13.3.rel1.win32_1.0.0.202411081344/tools/bin/../lib/gcc/arm-none-eabi/13.3.1/thumb/v7e-m+fp/hard/crtbegin.o
 .ARM.attributes
                0x00000056       0x34 ./Core/Src/eeprom/eeprom.o
 .ARM.attributes
                0x0000008a       0x34 ./Core/Src/eps_faults/eps_faults.o
 .ARM.attributes
                0x000000be       0x34 ./Core/Src/main.o
 .ARM.attributes
                0x000000f2       0x34 ./Core/Src/stm32l4xx_hal_msp.o
 .ARM.attributes
                0x00000126       0x34 ./Core/Src/stm32l4xx_it.o
 .ARM.attributes
                0x0000015a       0x34 ./Core/Src/sysmem.o
 .ARM.attributes
                0x0000018e       0x34 ./Core/Src/system_stm32l4xx.o
 .ARM.attributes
                0x000001c2       0x34 ./Core/Src/ssp/ssp_comm.o
 .ARM.attributes
                0x000001f6       0x34 ./Core/Src/ssp/ssp_command.o
 .ARM.attributes
                0x0000022a       0x34 ./Core/Src/ssp/ssp_frame.o
 .ARM.attributes
                0x0000025e       0x34 ./Core/Src/ssp/ssp_init.o
 .ARM.attributes
                0x00000292       0x34 ./Core/Src/ssp/ssp_power.o
 .ARM.attributes
                0x000002c6       0x34 ./Core/Src/ssp/ssp_telemetry.o
 .ARM.attributes
                0x000002fa       0x21 ./Core/Startup/startup_stm32l496vgtx.o
 .ARM.attributes
                0x0000031b       0x34 ./Drivers/STM32L4xx_HAL_Driver/Src/stm32l4xx_hal.o
 .ARM.attributes
                0x0000034f       0x34 ./Drivers/STM32L4xx_HAL_Driver/Src/stm32l4xx_hal_adc.o
 .ARM.attributes
                0x00000383       0x34 ./Drivers/STM32L4xx_HAL_Driver/Src/stm32l4xx_hal_adc_ex.o
 .ARM.attributes
                0x000003b7       0x34 ./Drivers/STM32L4xx_HAL_Driver/Src/stm32l4xx_hal_cortex.o
 .ARM.attributes
                0x000003eb       0x34 ./Drivers/STM32L4xx_HAL_Driver/Src/stm32l4xx_hal_dma.o
 .ARM.attributes
                0x0000041f       0x34 ./Drivers/STM32L4xx_HAL_Driver/Src/stm32l4xx_hal_gpio.o
 .ARM.attributes
                0x00000453       0x34 ./Drivers/STM32L4xx_HAL_Driver/Src/stm32l4xx_hal_i2c.o
 .ARM.attributes
                0x00000487       0x34 ./Drivers/STM32L4xx_HAL_Driver/Src/stm32l4xx_hal_i2c_ex.o
 .ARM.attributes
                0x000004bb       0x34 ./Drivers/STM32L4xx_HAL_Driver/Src/stm32l4xx_hal_pwr_ex.o
 .ARM.attributes
                0x000004ef       0x34 ./Drivers/STM32L4xx_HAL_Driver/Src/stm32l4xx_hal_rcc.o
 .ARM.attributes
                0x00000523       0x34 ./Drivers/STM32L4xx_HAL_Driver/Src/stm32l4xx_hal_rcc_ex.o
 .ARM.attributes
                0x00000557       0x34 ./Drivers/STM32L4xx_HAL_Driver/Src/stm32l4xx_hal_spi.o
 .ARM.attributes
                0x0000058b       0x34 ./Drivers/STM32L4xx_HAL_Driver/Src/stm32l4xx_hal_uart.o
 .ARM.attributes
                0x000005bf       0x34 ./Drivers/STM32L4xx_HAL_Driver/Src/stm32l4xx_hal_uart_ex.o
 .ARM.attributes
                0x000005f3       0x34 C:/ST/STM32CubeIDE_1.18.0/STM32CubeIDE/plugins/com.st.stm32cube.ide.mcu.externaltools.gnu-tools-for-stm32.13.3.rel1.win32_1.0.0.202411081344/tools/bin/../lib/gcc/arm-none-eabi/13.3.1/../../../../arm-none-eabi/lib/thumb/v7e-m+fp/hard\libc_nano.a(libc_a-findfp.o)
 .ARM.attributes
                0x00000627       0x34 C:/ST/STM32CubeIDE_1.18.0/STM32CubeIDE/plugins/com.st.stm32cube.ide.mcu.externaltools.gnu-tools-for-stm32.13.3.rel1.win32_1.0.0.202411081344/tools/bin/../lib/gcc/arm-none-eabi/13.3.1/../../../../arm-none-eabi/lib/thumb/v7e-m+fp/hard\libc_nano.a(libc_a-snprintf.o)
 .ARM.attributes
                0x0000065b       0x34 C:/ST/STM32CubeIDE_1.18.0/STM32CubeIDE/plugins/com.st.stm32cube.ide.mcu.externaltools.gnu-tools-for-stm32.13.3.rel1.win32_1.0.0.202411081344/tools/bin/../lib/gcc/arm-none-eabi/13.3.1/../../../../arm-none-eabi/lib/thumb/v7e-m+fp/hard\libc_nano.a(libc_a-memset.o)
 .ARM.attributes
                0x0000068f       0x34 C:/ST/STM32CubeIDE_1.18.0/STM32CubeIDE/plugins/com.st.stm32cube.ide.mcu.externaltools.gnu-tools-for-stm32.13.3.rel1.win32_1.0.0.202411081344/tools/bin/../lib/gcc/arm-none-eabi/13.3.1/../../../../arm-none-eabi/lib/thumb/v7e-m+fp/hard\libc_nano.a(libc_a-strncpy.o)
 .ARM.attributes
                0x000006c3       0x34 C:/ST/STM32CubeIDE_1.18.0/STM32CubeIDE/plugins/com.st.stm32cube.ide.mcu.externaltools.gnu-tools-for-stm32.13.3.rel1.win32_1.0.0.202411081344/tools/bin/../lib/gcc/arm-none-eabi/13.3.1/../../../../arm-none-eabi/lib/thumb/v7e-m+fp/hard\libc_nano.a(libc_a-reent.o)
 .ARM.attributes
                0x000006f7       0x34 C:/ST/STM32CubeIDE_1.18.0/STM32CubeIDE/plugins/com.st.stm32cube.ide.mcu.externaltools.gnu-tools-for-stm32.13.3.rel1.win32_1.0.0.202411081344/tools/bin/../lib/gcc/arm-none-eabi/13.3.1/../../../../arm-none-eabi/lib/thumb/v7e-m+fp/hard\libc_nano.a(libc_a-impure.o)
 .ARM.attributes
                0x0000072b       0x34 C:/ST/STM32CubeIDE_1.18.0/STM32CubeIDE/plugins/com.st.stm32cube.ide.mcu.externaltools.gnu-tools-for-stm32.13.3.rel1.win32_1.0.0.202411081344/tools/bin/../lib/gcc/arm-none-eabi/13.3.1/../../../../arm-none-eabi/lib/thumb/v7e-m+fp/hard\libc_nano.a(libc_a-errno.o)
 .ARM.attributes
                0x0000075f       0x34 C:/ST/STM32CubeIDE_1.18.0/STM32CubeIDE/plugins/com.st.stm32cube.ide.mcu.externaltools.gnu-tools-for-stm32.13.3.rel1.win32_1.0.0.202411081344/tools/bin/../lib/gcc/arm-none-eabi/13.3.1/../../../../arm-none-eabi/lib/thumb/v7e-m+fp/hard\libc_nano.a(libc_a-init.o)
 .ARM.attributes
                0x00000793       0x34 C:/ST/STM32CubeIDE_1.18.0/STM32CubeIDE/plugins/com.st.stm32cube.ide.mcu.externaltools.gnu-tools-for-stm32.13.3.rel1.win32_1.0.0.202411081344/tools/bin/../lib/gcc/arm-none-eabi/13.3.1/../../../../arm-none-eabi/lib/thumb/v7e-m+fp/hard\libc_nano.a(libc_a-lock.o)
 .ARM.attributes
                0x000007c7       0x34 C:/ST/STM32CubeIDE_1.18.0/STM32CubeIDE/plugins/com.st.stm32cube.ide.mcu.externaltools.gnu-tools-for-stm32.13.3.rel1.win32_1.0.0.202411081344/tools/bin/../lib/gcc/arm-none-eabi/13.3.1/../../../../arm-none-eabi/lib/thumb/v7e-m+fp/hard\libc_nano.a(libc_a-memcpy-stub.o)
 .ARM.attributes
                0x000007fb       0x17 C:/ST/STM32CubeIDE_1.18.0/STM32CubeIDE/plugins/com.st.stm32cube.ide.mcu.externaltools.gnu-tools-for-stm32.13.3.rel1.win32_1.0.0.202411081344/tools/bin/../lib/gcc/arm-none-eabi/13.3.1/../../../../arm-none-eabi/lib/thumb/v7e-m+fp/hard\libc_nano.a(libc_a-strlen.o)
 .ARM.attributes
                0x00000812       0x34 C:/ST/STM32CubeIDE_1.18.0/STM32CubeIDE/plugins/com.st.stm32cube.ide.mcu.externaltools.gnu-tools-for-stm32.13.3.rel1.win32_1.0.0.202411081344/tools/bin/../lib/gcc/arm-none-eabi/13.3.1/../../../../arm-none-eabi/lib/thumb/v7e-m+fp/hard\libc_nano.a(libc_a-freer.o)
 .ARM.attributes
                0x00000846       0x34 C:/ST/STM32CubeIDE_1.18.0/STM32CubeIDE/plugins/com.st.stm32cube.ide.mcu.externaltools.gnu-tools-for-stm32.13.3.rel1.win32_1.0.0.202411081344/tools/bin/../lib/gcc/arm-none-eabi/13.3.1/../../../../arm-none-eabi/lib/thumb/v7e-m+fp/hard\libc_nano.a(libc_a-mallocr.o)
 .ARM.attributes
                0x0000087a       0x34 C:/ST/STM32CubeIDE_1.18.0/STM32CubeIDE/plugins/com.st.stm32cube.ide.mcu.externaltools.gnu-tools-for-stm32.13.3.rel1.win32_1.0.0.202411081344/tools/bin/../lib/gcc/arm-none-eabi/13.3.1/../../../../arm-none-eabi/lib/thumb/v7e-m+fp/hard\libc_nano.a(libc_a-mlock.o)
 .ARM.attributes
                0x000008ae       0x34 C:/ST/STM32CubeIDE_1.18.0/STM32CubeIDE/plugins/com.st.stm32cube.ide.mcu.externaltools.gnu-tools-for-stm32.13.3.rel1.win32_1.0.0.202411081344/tools/bin/../lib/gcc/arm-none-eabi/13.3.1/../../../../arm-none-eabi/lib/thumb/v7e-m+fp/hard\libc_nano.a(libc_a-nano-svfprintf.o)
 .ARM.attributes
                0x000008e2       0x34 C:/ST/STM32CubeIDE_1.18.0/STM32CubeIDE/plugins/com.st.stm32cube.ide.mcu.externaltools.gnu-tools-for-stm32.13.3.rel1.win32_1.0.0.202411081344/tools/bin/../lib/gcc/arm-none-eabi/13.3.1/../../../../arm-none-eabi/lib/thumb/v7e-m+fp/hard\libc_nano.a(libc_a-nano-vfprintf_i.o)
 .ARM.attributes
                0x00000916       0x34 C:/ST/STM32CubeIDE_1.18.0/STM32CubeIDE/plugins/com.st.stm32cube.ide.mcu.externaltools.gnu-tools-for-stm32.13.3.rel1.win32_1.0.0.202411081344/tools/bin/../lib/gcc/arm-none-eabi/13.3.1/../../../../arm-none-eabi/lib/thumb/v7e-m+fp/hard\libc_nano.a(libc_a-memmove.o)
 .ARM.attributes
                0x0000094a       0x34 C:/ST/STM32CubeIDE_1.18.0/STM32CubeIDE/plugins/com.st.stm32cube.ide.mcu.externaltools.gnu-tools-for-stm32.13.3.rel1.win32_1.0.0.202411081344/tools/bin/../lib/gcc/arm-none-eabi/13.3.1/../../../../arm-none-eabi/lib/thumb/v7e-m+fp/hard\libc_nano.a(libc_a-sbrkr.o)
 .ARM.attributes
                0x0000097e       0x1c C:/ST/STM32CubeIDE_1.18.0/STM32CubeIDE/plugins/com.st.stm32cube.ide.mcu.externaltools.gnu-tools-for-stm32.13.3.rel1.win32_1.0.0.202411081344/tools/bin/../lib/gcc/arm-none-eabi/13.3.1/../../../../arm-none-eabi/lib/thumb/v7e-m+fp/hard\libc_nano.a(libc_a-memchr.o)
 .ARM.attributes
                0x0000099a       0x34 C:/ST/STM32CubeIDE_1.18.0/STM32CubeIDE/plugins/com.st.stm32cube.ide.mcu.externaltools.gnu-tools-for-stm32.13.3.rel1.win32_1.0.0.202411081344/tools/bin/../lib/gcc/arm-none-eabi/13.3.1/../../../../arm-none-eabi/lib/thumb/v7e-m+fp/hard\libc_nano.a(libc_a-reallocr.o)
 .ARM.attributes
                0x000009ce       0x34 C:/ST/STM32CubeIDE_1.18.0/STM32CubeIDE/plugins/com.st.stm32cube.ide.mcu.externaltools.gnu-tools-for-stm32.13.3.rel1.win32_1.0.0.202411081344/tools/bin/../lib/gcc/arm-none-eabi/13.3.1/../../../../arm-none-eabi/lib/thumb/v7e-m+fp/hard\libc_nano.a(libc_a-msizer.o)
 .ARM.attributes
                0x00000a02       0x22 C:/ST/STM32CubeIDE_1.18.0/STM32CubeIDE/plugins/com.st.stm32cube.ide.mcu.externaltools.gnu-tools-for-stm32.13.3.rel1.win32_1.0.0.202411081344/tools/bin/../lib/gcc/arm-none-eabi/13.3.1/thumb/v7e-m+fp/hard\libgcc.a(_arm_addsubdf3.o)
 .ARM.attributes
                0x00000a24       0x22 C:/ST/STM32CubeIDE_1.18.0/STM32CubeIDE/plugins/com.st.stm32cube.ide.mcu.externaltools.gnu-tools-for-stm32.13.3.rel1.win32_1.0.0.202411081344/tools/bin/../lib/gcc/arm-none-eabi/13.3.1/thumb/v7e-m+fp/hard\libgcc.a(_arm_muldivdf3.o)
 .ARM.attributes
                0x00000a46       0x22 C:/ST/STM32CubeIDE_1.18.0/STM32CubeIDE/plugins/com.st.stm32cube.ide.mcu.externaltools.gnu-tools-for-stm32.13.3.rel1.win32_1.0.0.202411081344/tools/bin/../lib/gcc/arm-none-eabi/13.3.1/thumb/v7e-m+fp/hard\libgcc.a(_arm_fixunsdfsi.o)
 .ARM.attributes
                0x00000a68       0x22 C:/ST/STM32CubeIDE_1.18.0/STM32CubeIDE/plugins/com.st.stm32cube.ide.mcu.externaltools.gnu-tools-for-stm32.13.3.rel1.win32_1.0.0.202411081344/tools/bin/../lib/gcc/arm-none-eabi/13.3.1/thumb/v7e-m+fp/hard\libgcc.a(_aeabi_uldivmod.o)
 .ARM.attributes
                0x00000a8a       0x34 C:/ST/STM32CubeIDE_1.18.0/STM32CubeIDE/plugins/com.st.stm32cube.ide.mcu.externaltools.gnu-tools-for-stm32.13.3.rel1.win32_1.0.0.202411081344/tools/bin/../lib/gcc/arm-none-eabi/13.3.1/thumb/v7e-m+fp/hard\libgcc.a(_udivmoddi4.o)
 .ARM.attributes
                0x00000abe       0x22 C:/ST/STM32CubeIDE_1.18.0/STM32CubeIDE/plugins/com.st.stm32cube.ide.mcu.externaltools.gnu-tools-for-stm32.13.3.rel1.win32_1.0.0.202411081344/tools/bin/../lib/gcc/arm-none-eabi/13.3.1/thumb/v7e-m+fp/hard\libgcc.a(_dvmd_tls.o)
 .ARM.attributes
                0x00000ae0       0x22 C:/ST/STM32CubeIDE_1.18.0/STM32CubeIDE/plugins/com.st.stm32cube.ide.mcu.externaltools.gnu-tools-for-stm32.13.3.rel1.win32_1.0.0.202411081344/tools/bin/../lib/gcc/arm-none-eabi/13.3.1/thumb/v7e-m+fp/hard/crtn.o
OUTPUT(EPS.elf elf32-littlearm)
LOAD linker stubs
LOAD C:/ST/STM32CubeIDE_1.18.0/STM32CubeIDE/plugins/com.st.stm32cube.ide.mcu.externaltools.gnu-tools-for-stm32.13.3.rel1.win32_1.0.0.202411081344/tools/bin/../lib/gcc/arm-none-eabi/13.3.1/../../../../arm-none-eabi/lib/thumb/v7e-m+fp/hard\libc.a
LOAD C:/ST/STM32CubeIDE_1.18.0/STM32CubeIDE/plugins/com.st.stm32cube.ide.mcu.externaltools.gnu-tools-for-stm32.13.3.rel1.win32_1.0.0.202411081344/tools/bin/../lib/gcc/arm-none-eabi/13.3.1/../../../../arm-none-eabi/lib/thumb/v7e-m+fp/hard\libm.a
LOAD C:/ST/STM32CubeIDE_1.18.0/STM32CubeIDE/plugins/com.st.stm32cube.ide.mcu.externaltools.gnu-tools-for-stm32.13.3.rel1.win32_1.0.0.202411081344/tools/bin/../lib/gcc/arm-none-eabi/13.3.1/thumb/v7e-m+fp/hard\libgcc.a

.debug_info     0x00000000    0x19c8e
 .debug_info    0x00000000      0x91e ./Core/Src/eeprom/eeprom.o
 .debug_info    0x0000091e     0x129b ./Core/Src/eps_faults/eps_faults.o
 .debug_info    0x00001bb9     0x227a ./Core/Src/main.o
 .debug_info    0x00003e33     0x1933 ./Core/Src/stm32l4xx_hal_msp.o
 .debug_info    0x00005766      0x1ae ./Core/Src/stm32l4xx_it.o
 .debug_info    0x00005914      0x168 ./Core/Src/sysmem.o
 .debug_info    0x00005a7c      0x5cd ./Core/Src/system_stm32l4xx.o
 .debug_info    0x00006049      0xad8 ./Core/Src/ssp/ssp_comm.o
 .debug_info    0x00006b21      0xdbb ./Core/Src/ssp/ssp_command.o
 .debug_info    0x000078dc      0x2fc ./Core/Src/ssp/ssp_frame.o
 .debug_info    0x00007bd8      0x932 ./Core/Src/ssp/ssp_init.o
 .debug_info    0x0000850a      0x3a1 ./Core/Src/ssp/ssp_power.o
 .debug_info    0x000088ab      0x322 ./Core/Src/ssp/ssp_telemetry.o
 .debug_info    0x00008bcd       0x30 ./Core/Startup/startup_stm32l496vgtx.o
 .debug_info    0x00008bfd      0xb4b ./Drivers/STM32L4xx_HAL_Driver/Src/stm32l4xx_hal.o
 .debug_info    0x00009748     0x1dfb ./Drivers/STM32L4xx_HAL_Driver/Src/stm32l4xx_hal_adc.o
 .debug_info    0x0000b543     0x1b67 ./Drivers/STM32L4xx_HAL_Driver/Src/stm32l4xx_hal_adc_ex.o
 .debug_info    0x0000d0aa      0xdb7 ./Drivers/STM32L4xx_HAL_Driver/Src/stm32l4xx_hal_cortex.o
 .debug_info    0x0000de61      0x6f4 ./Drivers/STM32L4xx_HAL_Driver/Src/stm32l4xx_hal_dma.o
 .debug_info    0x0000e555      0x76f ./Drivers/STM32L4xx_HAL_Driver/Src/stm32l4xx_hal_gpio.o
 .debug_info    0x0000ecc4     0x20d2 ./Drivers/STM32L4xx_HAL_Driver/Src/stm32l4xx_hal_i2c.o
 .debug_info    0x00010d96      0x999 ./Drivers/STM32L4xx_HAL_Driver/Src/stm32l4xx_hal_i2c_ex.o
 .debug_info    0x0001172f      0x996 ./Drivers/STM32L4xx_HAL_Driver/Src/stm32l4xx_hal_pwr_ex.o
 .debug_info    0x000120c5      0xc3b ./Drivers/STM32L4xx_HAL_Driver/Src/stm32l4xx_hal_rcc.o
 .debug_info    0x00012d00     0x10c1 ./Drivers/STM32L4xx_HAL_Driver/Src/stm32l4xx_hal_rcc_ex.o
 .debug_info    0x00013dc1     0x1549 ./Drivers/STM32L4xx_HAL_Driver/Src/stm32l4xx_hal_spi.o
 .debug_info    0x0001530a     0x3b85 ./Drivers/STM32L4xx_HAL_Driver/Src/stm32l4xx_hal_uart.o
 .debug_info    0x00018e8f      0xdff ./Drivers/STM32L4xx_HAL_Driver/Src/stm32l4xx_hal_uart_ex.o

.debug_abbrev   0x00000000     0x3781
 .debug_abbrev  0x00000000      0x1ad ./Core/Src/eeprom/eeprom.o
 .debug_abbrev  0x000001ad      0x216 ./Core/Src/eps_faults/eps_faults.o
 .debug_abbrev  0x000003c3      0x2bb ./Core/Src/main.o
 .debug_abbrev  0x0000067e      0x21d ./Core/Src/stm32l4xx_hal_msp.o
 .debug_abbrev  0x0000089b       0xbb ./Core/Src/stm32l4xx_it.o
 .debug_abbrev  0x00000956       0xbc ./Core/Src/sysmem.o
 .debug_abbrev  0x00000a12      0x11a ./Core/Src/system_stm32l4xx.o
 .debug_abbrev  0x00000b2c      0x22b ./Core/Src/ssp/ssp_comm.o
 .debug_abbrev  0x00000d57      0x20f ./Core/Src/ssp/ssp_command.o
 .debug_abbrev  0x00000f66      0x17b ./Core/Src/ssp/ssp_frame.o
 .debug_abbrev  0x000010e1      0x179 ./Core/Src/ssp/ssp_init.o
 .debug_abbrev  0x0000125a      0x123 ./Core/Src/ssp/ssp_power.o
 .debug_abbrev  0x0000137d      0x18b ./Core/Src/ssp/ssp_telemetry.o
 .debug_abbrev  0x00001508       0x24 ./Core/Startup/startup_stm32l496vgtx.o
 .debug_abbrev  0x0000152c      0x242 ./Drivers/STM32L4xx_HAL_Driver/Src/stm32l4xx_hal.o
 .debug_abbrev  0x0000176e      0x2de ./Drivers/STM32L4xx_HAL_Driver/Src/stm32l4xx_hal_adc.o
 .debug_abbrev  0x00001a4c      0x2f1 ./Drivers/STM32L4xx_HAL_Driver/Src/stm32l4xx_hal_adc_ex.o
 .debug_abbrev  0x00001d3d      0x31c ./Drivers/STM32L4xx_HAL_Driver/Src/stm32l4xx_hal_cortex.o
 .debug_abbrev  0x00002059      0x1e4 ./Drivers/STM32L4xx_HAL_Driver/Src/stm32l4xx_hal_dma.o
 .debug_abbrev  0x0000223d      0x1cb ./Drivers/STM32L4xx_HAL_Driver/Src/stm32l4xx_hal_gpio.o
 .debug_abbrev  0x00002408      0x261 ./Drivers/STM32L4xx_HAL_Driver/Src/stm32l4xx_hal_i2c.o
 .debug_abbrev  0x00002669      0x1c3 ./Drivers/STM32L4xx_HAL_Driver/Src/stm32l4xx_hal_i2c_ex.o
 .debug_abbrev  0x0000282c      0x1f9 ./Drivers/STM32L4xx_HAL_Driver/Src/stm32l4xx_hal_pwr_ex.o
 .debug_abbrev  0x00002a25      0x2cb ./Drivers/STM32L4xx_HAL_Driver/Src/stm32l4xx_hal_rcc.o
 .debug_abbrev  0x00002cf0      0x2a3 ./Drivers/STM32L4xx_HAL_Driver/Src/stm32l4xx_hal_rcc_ex.o
 .debug_abbrev  0x00002f93      0x260 ./Drivers/STM32L4xx_HAL_Driver/Src/stm32l4xx_hal_spi.o
 .debug_abbrev  0x000031f3      0x2d0 ./Drivers/STM32L4xx_HAL_Driver/Src/stm32l4xx_hal_uart.o
 .debug_abbrev  0x000034c3      0x2be ./Drivers/STM32L4xx_HAL_Driver/Src/stm32l4xx_hal_uart_ex.o

.debug_aranges  0x00000000     0x1568
 .debug_aranges
                0x00000000       0x40 ./Core/Src/eeprom/eeprom.o
 .debug_aranges
                0x00000040       0x30 ./Core/Src/eps_faults/eps_faults.o
 .debug_aranges
                0x00000070       0x68 ./Core/Src/main.o
 .debug_aranges
                0x000000d8       0x60 ./Core/Src/stm32l4xx_hal_msp.o
 .debug_aranges
                0x00000138       0x90 ./Core/Src/stm32l4xx_it.o
 .debug_aranges
                0x000001c8       0x20 ./Core/Src/sysmem.o
 .debug_aranges
                0x000001e8       0x28 ./Core/Src/system_stm32l4xx.o
 .debug_aranges
                0x00000210       0x38 ./Core/Src/ssp/ssp_comm.o
 .debug_aranges
                0x00000248       0x20 ./Core/Src/ssp/ssp_command.o
 .debug_aranges
                0x00000268       0x30 ./Core/Src/ssp/ssp_frame.o
 .debug_aranges
                0x00000298       0x20 ./Core/Src/ssp/ssp_init.o
 .debug_aranges
                0x000002b8       0xf8 ./Core/Src/ssp/ssp_power.o
 .debug_aranges
                0x000003b0       0x38 ./Core/Src/ssp/ssp_telemetry.o
 .debug_aranges
                0x000003e8       0x28 ./Core/Startup/startup_stm32l496vgtx.o
 .debug_aranges
                0x00000410      0x130 ./Drivers/STM32L4xx_HAL_Driver/Src/stm32l4xx_hal.o
 .debug_aranges
                0x00000540      0x228 ./Drivers/STM32L4xx_HAL_Driver/Src/stm32l4xx_hal_adc.o
 .debug_aranges
                0x00000768      0x1b0 ./Drivers/STM32L4xx_HAL_Driver/Src/stm32l4xx_hal_adc_ex.o
 .debug_aranges
                0x00000918      0x128 ./Drivers/STM32L4xx_HAL_Driver/Src/stm32l4xx_hal_cortex.o
 .debug_aranges
                0x00000a40       0x80 ./Drivers/STM32L4xx_HAL_Driver/Src/stm32l4xx_hal_dma.o
 .debug_aranges
                0x00000ac0       0x58 ./Drivers/STM32L4xx_HAL_Driver/Src/stm32l4xx_hal_gpio.o
 .debug_aranges
                0x00000b18      0x2a0 ./Drivers/STM32L4xx_HAL_Driver/Src/stm32l4xx_hal_i2c.o
 .debug_aranges
                0x00000db8       0x48 ./Drivers/STM32L4xx_HAL_Driver/Src/stm32l4xx_hal_i2c_ex.o
 .debug_aranges
                0x00000e00      0x150 ./Drivers/STM32L4xx_HAL_Driver/Src/stm32l4xx_hal_pwr_ex.o
 .debug_aranges
                0x00000f50       0x90 ./Drivers/STM32L4xx_HAL_Driver/Src/stm32l4xx_hal_rcc.o
 .debug_aranges
                0x00000fe0      0x108 ./Drivers/STM32L4xx_HAL_Driver/Src/stm32l4xx_hal_rcc_ex.o
 .debug_aranges
                0x000010e8      0x1d8 ./Drivers/STM32L4xx_HAL_Driver/Src/stm32l4xx_hal_spi.o
 .debug_aranges
                0x000012c0      0x228 ./Drivers/STM32L4xx_HAL_Driver/Src/stm32l4xx_hal_uart.o
 .debug_aranges
                0x000014e8       0x80 ./Drivers/STM32L4xx_HAL_Driver/Src/stm32l4xx_hal_uart_ex.o

.debug_rnglists
                0x00000000     0x108a
 .debug_rnglists
                0x00000000       0x2e ./Core/Src/eeprom/eeprom.o
 .debug_rnglists
                0x0000002e       0x22 ./Core/Src/eps_faults/eps_faults.o
 .debug_rnglists
                0x00000050       0x4e ./Core/Src/main.o
 .debug_rnglists
                0x0000009e       0x48 ./Core/Src/stm32l4xx_hal_msp.o
 .debug_rnglists
                0x000000e6       0x67 ./Core/Src/stm32l4xx_it.o
 .debug_rnglists
                0x0000014d       0x13 ./Core/Src/sysmem.o
 .debug_rnglists
                0x00000160       0x1a ./Core/Src/system_stm32l4xx.o
 .debug_rnglists
                0x0000017a       0x27 ./Core/Src/ssp/ssp_comm.o
 .debug_rnglists
                0x000001a1       0x14 ./Core/Src/ssp/ssp_command.o
 .debug_rnglists
                0x000001b5       0x22 ./Core/Src/ssp/ssp_frame.o
 .debug_rnglists
                0x000001d7       0x14 ./Core/Src/ssp/ssp_init.o
 .debug_rnglists
                0x000001eb       0xb7 ./Core/Src/ssp/ssp_power.o
 .debug_rnglists
                0x000002a2       0x26 ./Core/Src/ssp/ssp_telemetry.o
 .debug_rnglists
                0x000002c8       0x19 ./Core/Startup/startup_stm32l496vgtx.o
 .debug_rnglists
                0x000002e1       0xdf ./Drivers/STM32L4xx_HAL_Driver/Src/stm32l4xx_hal.o
 .debug_rnglists
                0x000003c0      0x1b7 ./Drivers/STM32L4xx_HAL_Driver/Src/stm32l4xx_hal_adc.o
 .debug_rnglists
                0x00000577      0x14e ./Drivers/STM32L4xx_HAL_Driver/Src/stm32l4xx_hal_adc_ex.o
 .debug_rnglists
                0x000006c5       0xda ./Drivers/STM32L4xx_HAL_Driver/Src/stm32l4xx_hal_cortex.o
 .debug_rnglists
                0x0000079f       0x64 ./Drivers/STM32L4xx_HAL_Driver/Src/stm32l4xx_hal_dma.o
 .debug_rnglists
                0x00000803       0x3f ./Drivers/STM32L4xx_HAL_Driver/Src/stm32l4xx_hal_gpio.o
 .debug_rnglists
                0x00000842      0x228 ./Drivers/STM32L4xx_HAL_Driver/Src/stm32l4xx_hal_i2c.o
 .debug_rnglists
                0x00000a6a       0x35 ./Drivers/STM32L4xx_HAL_Driver/Src/stm32l4xx_hal_i2c_ex.o
 .debug_rnglists
                0x00000a9f       0xfd ./Drivers/STM32L4xx_HAL_Driver/Src/stm32l4xx_hal_pwr_ex.o
 .debug_rnglists
                0x00000b9c       0x6d ./Drivers/STM32L4xx_HAL_Driver/Src/stm32l4xx_hal_rcc.o
 .debug_rnglists
                0x00000c09       0xce ./Drivers/STM32L4xx_HAL_Driver/Src/stm32l4xx_hal_rcc_ex.o
 .debug_rnglists
                0x00000cd7      0x178 ./Drivers/STM32L4xx_HAL_Driver/Src/stm32l4xx_hal_spi.o
 .debug_rnglists
                0x00000e4f      0x1db ./Drivers/STM32L4xx_HAL_Driver/Src/stm32l4xx_hal_uart.o
 .debug_rnglists
                0x0000102a       0x60 ./Drivers/STM32L4xx_HAL_Driver/Src/stm32l4xx_hal_uart_ex.o

.debug_macro    0x00000000    0x2d90f
 .debug_macro   0x00000000      0x2da ./Core/Src/eeprom/eeprom.o
 .debug_macro   0x000002da      0xad8 ./Core/Src/eeprom/eeprom.o
 .debug_macro   0x00000db2      0x1b3 ./Core/Src/eeprom/eeprom.o
 .debug_macro   0x00000f65       0x2e ./Core/Src/eeprom/eeprom.o
 .debug_macro   0x00000f93       0x28 ./Core/Src/eeprom/eeprom.o
 .debug_macro   0x00000fbb       0x22 ./Core/Src/eeprom/eeprom.o
 .debug_macro   0x00000fdd       0x8e ./Core/Src/eeprom/eeprom.o
 .debug_macro   0x0000106b       0x51 ./Core/Src/eeprom/eeprom.o
 .debug_macro   0x000010bc      0x103 ./Core/Src/eeprom/eeprom.o
 .debug_macro   0x000011bf       0x6a ./Core/Src/eeprom/eeprom.o
 .debug_macro   0x00001229      0x1df ./Core/Src/eeprom/eeprom.o
 .debug_macro   0x00001408       0x1c ./Core/Src/eeprom/eeprom.o
 .debug_macro   0x00001424       0x22 ./Core/Src/eeprom/eeprom.o
 .debug_macro   0x00001446       0xfb ./Core/Src/eeprom/eeprom.o
 .debug_macro   0x00001541     0x1011 ./Core/Src/eeprom/eeprom.o
 .debug_macro   0x00002552      0x11f ./Core/Src/eeprom/eeprom.o
 .debug_macro   0x00002671    0x1c1e2 ./Core/Src/eeprom/eeprom.o
 .debug_macro   0x0001e853       0x6d ./Core/Src/eeprom/eeprom.o
 .debug_macro   0x0001e8c0     0x38fb ./Core/Src/eeprom/eeprom.o
 .debug_macro   0x000221bb      0x190 ./Core/Src/eeprom/eeprom.o
 .debug_macro   0x0002234b       0x5c ./Core/Src/eeprom/eeprom.o
 .debug_macro   0x000223a7     0x187d ./Core/Src/eeprom/eeprom.o
 .debug_macro   0x00023c24      0x773 ./Core/Src/eeprom/eeprom.o
 .debug_macro   0x00024397      0x1b9 ./Core/Src/eeprom/eeprom.o
 .debug_macro   0x00024550      0x202 ./Core/Src/eeprom/eeprom.o
 .debug_macro   0x00024752      0x26b ./Core/Src/eeprom/eeprom.o
 .debug_macro   0x000249bd      0x23d ./Core/Src/eeprom/eeprom.o
 .debug_macro   0x00024bfa      0xfad ./Core/Src/eeprom/eeprom.o
 .debug_macro   0x00025ba7      0x639 ./Core/Src/eeprom/eeprom.o
 .debug_macro   0x000261e0      0x31a ./Core/Src/eeprom/eeprom.o
 .debug_macro   0x000264fa      0x241 ./Core/Src/eeprom/eeprom.o
 .debug_macro   0x0002673b      0x3ad ./Core/Src/eeprom/eeprom.o
 .debug_macro   0x00026ae8       0xe4 ./Core/Src/eeprom/eeprom.o
 .debug_macro   0x00026bcc      0x22c ./Core/Src/eeprom/eeprom.o
 .debug_macro   0x00026df8       0x61 ./Core/Src/eeprom/eeprom.o
 .debug_macro   0x00026e59       0xa5 ./Core/Src/eeprom/eeprom.o
 .debug_macro   0x00026efe      0x122 ./Core/Src/eeprom/eeprom.o
 .debug_macro   0x00027020      0x3ef ./Core/Src/eeprom/eeprom.o
 .debug_macro   0x0002740f      0x2fe ./Core/Src/eeprom/eeprom.o
 .debug_macro   0x0002770d      0x5cf ./Core/Src/eeprom/eeprom.o
 .debug_macro   0x00027cdc       0x44 ./Core/Src/eeprom/eeprom.o
 .debug_macro   0x00027d20      0x433 ./Core/Src/eeprom/eeprom.o
 .debug_macro   0x00028153       0x22 ./Core/Src/eeprom/eeprom.o
 .debug_macro   0x00028175       0x61 ./Core/Src/eeprom/eeprom.o
 .debug_macro   0x000281d6       0x2a ./Core/Src/eeprom/eeprom.o
 .debug_macro   0x00028200       0x43 ./Core/Src/eeprom/eeprom.o
 .debug_macro   0x00028243       0x34 ./Core/Src/eeprom/eeprom.o
 .debug_macro   0x00028277      0x370 ./Core/Src/eeprom/eeprom.o
 .debug_macro   0x000285e7       0x16 ./Core/Src/eeprom/eeprom.o