Archive member included to satisfy reference by file (symbol)

C:/ST/STM32CubeIDE_1.18.0/STM32CubeIDE/plugins/com.st.stm32cube.ide.mcu.externaltools.gnu-tools-for-stm32.13.3.rel1.win32_1.0.0.202411081344/tools/bin/../lib/gcc/arm-none-eabi/13.3.1/../../../../arm-none-eabi/lib/thumb/v7e-m+fp/hard\libc_nano.a(libc_a-exit.o)
                              C:/ST/STM32CubeIDE_1.18.0/STM32CubeIDE/plugins/com.st.stm32cube.ide.mcu.externaltools.gnu-tools-for-stm32.13.3.rel1.win32_1.0.0.202411081344/tools/bin/../lib/gcc/arm-none-eabi/13.3.1/../../../../arm-none-eabi/lib/thumb/v7e-m+fp/hard/crt0.o (exit)
C:/ST/STM32CubeIDE_1.18.0/STM32CubeIDE/plugins/com.st.stm32cube.ide.mcu.externaltools.gnu-tools-for-stm32.13.3.rel1.win32_1.0.0.202411081344/tools/bin/../lib/gcc/arm-none-eabi/13.3.1/../../../../arm-none-eabi/lib/thumb/v7e-m+fp/hard\libc_nano.a(libc_a-findfp.o)
                              C:/ST/STM32CubeIDE_1.18.0/STM32CubeIDE/plugins/com.st.stm32cube.ide.mcu.externaltools.gnu-tools-for-stm32.13.3.rel1.win32_1.0.0.202411081344/tools/bin/../lib/gcc/arm-none-eabi/13.3.1/../../../../arm-none-eabi/lib/thumb/v7e-m+fp/hard\libc_nano.a(libc_a-exit.o) (__stdio_exit_handler)
C:/ST/STM32CubeIDE_1.18.0/STM32CubeIDE/plugins/com.st.stm32cube.ide.mcu.externaltools.gnu-tools-for-stm32.13.3.rel1.win32_1.0.0.202411081344/tools/bin/../lib/gcc/arm-none-eabi/13.3.1/../../../../arm-none-eabi/lib/thumb/v7e-m+fp/hard\libc_nano.a(libc_a-fwalk.o)
                              C:/ST/STM32CubeIDE_1.18.0/STM32CubeIDE/plugins/com.st.stm32cube.ide.mcu.externaltools.gnu-tools-for-stm32.13.3.rel1.win32_1.0.0.202411081344/tools/bin/../lib/gcc/arm-none-eabi/13.3.1/../../../../arm-none-eabi/lib/thumb/v7e-m+fp/hard\libc_nano.a(libc_a-findfp.o) (_fwalk_sglue)
C:/ST/STM32CubeIDE_1.18.0/STM32CubeIDE/plugins/com.st.stm32cube.ide.mcu.externaltools.gnu-tools-for-stm32.13.3.rel1.win32_1.0.0.202411081344/tools/bin/../lib/gcc/arm-none-eabi/13.3.1/../../../../arm-none-eabi/lib/thumb/v7e-m+fp/hard\libc_nano.a(libc_a-snprintf.o)
                              ./Core/Src/app/Log.o (snprintf)
C:/ST/STM32CubeIDE_1.18.0/STM32CubeIDE/plugins/com.st.stm32cube.ide.mcu.externaltools.gnu-tools-for-stm32.13.3.rel1.win32_1.0.0.202411081344/tools/bin/../lib/gcc/arm-none-eabi/13.3.1/../../../../arm-none-eabi/lib/thumb/v7e-m+fp/hard\libc_nano.a(libc_a-stdio.o)
                              C:/ST/STM32CubeIDE_1.18.0/STM32CubeIDE/plugins/com.st.stm32cube.ide.mcu.externaltools.gnu-tools-for-stm32.13.3.rel1.win32_1.0.0.202411081344/tools/bin/../lib/gcc/arm-none-eabi/13.3.1/../../../../arm-none-eabi/lib/thumb/v7e-m+fp/hard\libc_nano.a(libc_a-findfp.o) (__sread)
C:/ST/STM32CubeIDE_1.18.0/STM32CubeIDE/plugins/com.st.stm32cube.ide.mcu.externaltools.gnu-tools-for-stm32.13.3.rel1.win32_1.0.0.202411081344/tools/bin/../lib/gcc/arm-none-eabi/13.3.1/../../../../arm-none-eabi/lib/thumb/v7e-m+fp/hard\libc_nano.a(libc_a-vsnprintf.o)
                              ./Core/Src/app/Log.o (vsnprintf)
C:/ST/STM32CubeIDE_1.18.0/STM32CubeIDE/plugins/com.st.stm32cube.ide.mcu.externaltools.gnu-tools-for-stm32.13.3.rel1.win32_1.0.0.202411081344/tools/bin/../lib/gcc/arm-none-eabi/13.3.1/../../../../arm-none-eabi/lib/thumb/v7e-m+fp/hard\libc_nano.a(libc_a-memcmp.o)
                              ./Core/Src/app/eeprom.o (memcmp)
C:/ST/STM32CubeIDE_1.18.0/STM32CubeIDE/plugins/com.st.stm32cube.ide.mcu.externaltools.gnu-tools-for-stm32.13.3.rel1.win32_1.0.0.202411081344/tools/bin/../lib/gcc/arm-none-eabi/13.3.1/../../../../arm-none-eabi/lib/thumb/v7e-m+fp/hard\libc_nano.a(libc_a-memset.o)
                              C:/ST/STM32CubeIDE_1.18.0/STM32CubeIDE/plugins/com.st.stm32cube.ide.mcu.externaltools.gnu-tools-for-stm32.13.3.rel1.win32_1.0.0.202411081344/tools/bin/../lib/gcc/arm-none-eabi/13.3.1/../../../../arm-none-eabi/lib/thumb/v7e-m+fp/hard/crt0.o (memset)
C:/ST/STM32CubeIDE_1.18.0/STM32CubeIDE/plugins/com.st.stm32cube.ide.mcu.externaltools.gnu-tools-for-stm32.13.3.rel1.win32_1.0.0.202411081344/tools/bin/../lib/gcc/arm-none-eabi/13.3.1/../../../../arm-none-eabi/lib/thumb/v7e-m+fp/hard\libc_nano.a(libc_a-strncpy.o)
                              ./Core/Src/app/fault.o (strncpy)
C:/ST/STM32CubeIDE_1.18.0/STM32CubeIDE/plugins/com.st.stm32cube.ide.mcu.externaltools.gnu-tools-for-stm32.13.3.rel1.win32_1.0.0.202411081344/tools/bin/../lib/gcc/arm-none-eabi/13.3.1/../../../../arm-none-eabi/lib/thumb/v7e-m+fp/hard\libc_nano.a(libc_a-strnlen.o)
                              ./Core/Src/app/Log.o (strnlen)
C:/ST/STM32CubeIDE_1.18.0/STM32CubeIDE/plugins/com.st.stm32cube.ide.mcu.externaltools.gnu-tools-for-stm32.13.3.rel1.win32_1.0.0.202411081344/tools/bin/../lib/gcc/arm-none-eabi/13.3.1/../../../../arm-none-eabi/lib/thumb/v7e-m+fp/hard\libc_nano.a(libc_a-closer.o)
[...]
Memory Configuration

Name             Origin             Length             Attributes
RAM              0x20000000         0x00040000         xrw
RAM2             0x10000000         0x00010000         xrw
FLASH            0x08000000         0x00100000         xr
*default*        0x00000000         0xffffffff

Linker script and memory map

LOAD C:/ST/STM32CubeIDE_1.18.0/STM32CubeIDE/plugins/com.st.stm32cube.ide.mcu.externaltools.gnu-tools-for-stm32.13.3.rel1.win32_1.0.0.202411081344/tools/bin/../lib/gcc/arm-none-eabi/13.3.1/thumb/v7e-m+fp/hard/crti.o
LOAD C:/ST/STM32CubeIDE_1.18.0/STM32CubeIDE/plugins/com.st.stm32cube.ide.mcu.externaltools.gnu-tools-for-stm32.13.3.rel1.win32_1.0.0.202411081344/tools/bin/../lib/gcc/arm-none-eabi/13.3.1/thumb/v7e-m+fp/hard/crtbegin.o
LOAD C:/ST/STM32CubeIDE_1.18.0/STM32CubeIDE/plugins/com.st.stm32cube.ide.mcu.externaltools.gnu-tools-for-stm32.13.3.rel1.win32_1.0.0.202411081344/tools/bin/../lib/gcc/arm-none-eabi/13.3.1/../../../../arm-none-eabi/lib/thumb/v7e-m+fp/hard/crt0.o
LOAD ./Core/Src/app/Log.o
LOAD ./Core/Src/app/delay.o
LOAD ./Core/Src/app/eeprom.o
LOAD ./Core/Src/app/fault.o
LOAD ./Core/Src/app/i2c_comm.o
LOAD ./Core/Src/app/satellite_modes.o
LOAD ./Core/Src/app/ssp.o
LOAD ./Core/Src/app/sync_counter.o
LOAD ./Core/Src/app/telemetry.o
LOAD ./Core/Src/freertos.o
LOAD ./Core/Src/main.o
LOAD ./Core/Src/stm32l4xx_hal_msp.o
LOAD ./Core/Src/stm32l4xx_hal_timebase_tim.o
LOAD ./Core/Src/stm32l4xx_it.o
LOAD ./Core/Src/syscalls.o
LOAD ./Core/Src/sysmem.o
LOAD ./Core/Src/system_stm32l4xx.o
LOAD ./Core/Startup/startup_stm32l496vgtx.o
LOAD ./Drivers/STM32L4xx_HAL_Driver/Src/stm32l4xx_hal.o
LOAD ./Drivers/STM32L4xx_HAL_Driver/Src/stm32l4xx_hal_adc.o
LOAD ./Drivers/STM32L4xx_HAL_Driver/Src/stm32l4xx_hal_adc_ex.o
LOAD ./Drivers/STM32L4xx_HAL_Driver/Src/stm32l4xx_hal_cortex.o
LOAD ./Drivers/STM32L4xx_HAL_Driver/Src/stm32l4xx_hal_dma.o
LOAD ./Drivers/STM32L4xx_HAL_Driver/Src/stm32l4xx_hal_dma_ex.o
LOAD ./Drivers/STM32L4xx_HAL_Driver/Src/stm32l4xx_hal_exti.o
LOAD ./Drivers/STM32L4xx_HAL_Driver/Src/stm32l4xx_hal_flash.o
LOAD ./Drivers/STM32L4xx_HAL_Driver/Src/stm32l4xx_hal_flash_ex.o
LOAD ./Drivers/STM32L4xx_HAL_Driver/Src/stm32l4xx_hal_flash_ramfunc.o
LOAD ./Drivers/STM32L4xx_HAL_Driver/Src/stm32l4xx_hal_gpio.o
LOAD ./Drivers/STM32L4xx_HAL_Driver/Src/stm32l4xx_hal_i2c.o
LOAD ./Drivers/STM32L4xx_HAL_Driver/Src/stm32l4xx_hal_i2c_ex.o
LOAD ./Drivers/STM32L4xx_HAL_Driver/Src/stm32l4xx_hal_pwr.o
LOAD ./Drivers/STM32L4xx_HAL_Driver/Src/stm32l4xx_hal_pwr_ex.o
LOAD ./Drivers/STM32L4xx_HAL_Driver/Src/stm32l4xx_hal_rcc.o
LOAD ./Drivers/STM32L4xx_HAL_Driver/Src/stm32l4xx_hal_rcc_ex.o
LOAD ./Drivers/STM32L4xx_HAL_Driver/Src/stm32l4xx_hal_spi.o
LOAD ./Drivers/STM32L4xx_HAL_Driver/Src/stm32l4xx_hal_spi_ex.o
LOAD ./Drivers/STM32L4xx_HAL_Driver/Src/stm32l4xx_hal_tim.o
LOAD ./Drivers/STM32L4xx_HAL_Driver/Src/stm32l4xx_hal_tim_ex.o
LOAD ./Drivers/STM32L4xx_HAL_Driver/Src/stm32l4xx_hal_uart.o
LOAD ./Drivers/STM32L4xx_HAL_Driver/Src/stm32l4xx_hal_uart_ex.o
LOAD ./Middlewares/Third_Party/FreeRTOS/Source/CMSIS_RTOS_V2/cmsis_os2.o
LOAD ./Middlewares/Third_Party/FreeRTOS/Source/croutine.o
LOAD ./Middlewares/Third_Party/FreeRTOS/Source/event_groups.o
LOAD ./Middlewares/Third_Party/FreeRTOS/Source/list.o
LOAD ./Middlewares/Third_Party/FreeRTOS/Source/queue.o
LOAD ./Middlewares/Third_Party/FreeRTOS/Source/stream_buffer.o
LOAD ./Middlewares/Third_Party/FreeRTOS/Source/tasks.o
LOAD ./Middlewares/Third_Party/FreeRTOS/Source/timers.o
LOAD ./Middlewares/Third_Party/FreeRTOS/Source/portable/GCC/ARM_CM4F/port.o
LOAD ./Middlewares/Third_Party/FreeRTOS/Source/portable/MemMang/heap_4.o
START GROUP
LOAD C:/ST/STM32CubeIDE_1.18.0/STM32CubeIDE/plugins/com.st.stm32cube.ide.mcu.externaltools.gnu-tools-for-stm32.13.3.rel1.win32_1.0.0.202411081344/tools/bin/../lib/gcc/arm-none-eabi/13.3.1/../../../../arm-none-eabi/lib/thumb/v7e-m+fp/hard\libc_nano.a
LOAD C:/ST/STM32CubeIDE_1.18.0/STM32CubeIDE/plugins/com.st.stm32cube.ide.mcu.externaltools.gnu-tools-for-stm32.13.3.rel1.win32_1.0.0.202411081344/tools/bin/../lib/gcc/arm-none-eabi/13.3.1/../../../../arm-none-eabi/lib/thumb/v7e-m+fp/hard\libm.a
END GROUP
START GROUP
LOAD C:/ST/STM32CubeIDE_1.18.0/STM32CubeIDE/plugins/com.st.stm32cube.ide.mcu.externaltools.gnu-tools-for-stm32.13.3.rel1.win32_1.0.0.202411081344/tools/bin/../lib/gcc/arm-none-eabi/13.3.1/thumb/v7e-m+fp/hard\libgcc.a
LOAD C:/ST/STM32CubeIDE_1.18.0/STM32CubeIDE/plugins/com.st.stm32cube.ide.mcu.externaltools.gnu-tools-for-stm32.13.3.rel1.win32_1.0.0.202411081344/tools/bin/../lib/gcc/arm-none-eabi/13.3.1/../../../../arm-none-eabi/lib/thumb/v7e-m+fp/hard\libc_nano.a
END GROUP
START GROUP
LOAD C:/ST/STM32CubeIDE_1.18.0/STM32CubeIDE/plugins/com.st.stm32cube.ide.mcu.externaltools.gnu-tools-for-stm32.13.3.rel1.win32_1.0.0.202411081344/tools/bin/../lib/gcc/arm-none-eabi/13.3.1/thumb/v7e-m+fp/hard\libgcc.a
LOAD C:/ST/STM32CubeIDE_1.18.0/STM32CubeIDE/plugins/com.st.stm32cube.ide.mcu.externaltools.gnu-tools-for-stm32.13.3.rel1.win32_1.0.0.202411081344/tools/bin/../lib/gcc/arm-none-eabi/13.3.1/../../../../arm-none-eabi/lib/thumb/v7e-m+fp/hard\libc_nano.a
LOAD C:/ST/STM32CubeIDE_1.18.0/STM32CubeIDE/plugins/com.st.stm32cube.ide.mcu.externaltools.gnu-tools-for-stm32.13.3.rel1.win32_1.0.0.202411081344/tools/bin/../lib/gcc/arm-none-eabi/13.3.1/../../../../arm-none-eabi/lib/thumb/v7e-m+fp/hard\libnosys.a
END GROUP
START GROUP
LOAD C:/ST/STM32CubeIDE_1.18.0/STM32CubeIDE/plugins/com.st.stm32cube.ide.mcu.externaltools.gnu-tools-for-stm32.13.3.rel1.win32_1.0.0.202411081344/tools/bin/../lib/gcc/arm-none-eabi/13.3.1/thumb/v7e-m+fp/hard\libgcc.a
LOAD C:/ST/STM32CubeIDE_1.18.0/STM32CubeIDE/plugins/com.st.stm32cube.ide.mcu.externaltools.gnu-tools-for-stm32.13.3.rel1.win32_1.0.0.202411081344/tools/bin/../lib/gcc/arm-none-eabi/13.3.1/../../../../arm-none-eabi/lib/thumb/v7e-m+fp/hard\libc_nano.a
LOAD C:/ST/STM32CubeIDE_1.18.0/STM32CubeIDE/plugins/com.st.stm32cube.ide.mcu.externaltools.gnu-tools-for-stm32.13.3.rel1.win32_1.0.0.202411081344/tools/bin/../lib/gcc/arm-none-eabi/13.3.1/../../../../arm-none-eabi/lib/thumb/v7e-m+fp/hard\libnosys.a
END GROUP
LOAD C:/ST/STM32CubeIDE_1.18.0/STM32CubeIDE/plugins/com.st.stm32cube.ide.mcu.externaltools.gnu-tools-for-stm32.13.3.rel1.win32_1.0.0.202411081344/tools/bin/../lib/gcc/arm-none-eabi/13.3.1/thumb/v7e-m+fp/hard/crtend.o
LOAD C:/ST/STM32CubeIDE_1.18.0/STM32CubeIDE/plugins/com.st.stm32cube.ide.mcu.externaltools.gnu-tools-for-stm32.13.3.rel1.win32_1.0.0.202411081344/tools/bin/../lib/gcc/arm-none-eabi/13.3.1/thumb/v7e-m+fp/hard/crtn.o
                0x20040000                        _estack = (ORIGIN (RAM) + LENGTH (RAM))
                0x00000200                        _Min_Heap_Size = 0x200
                0x00000400                        _Min_Stack_Size = 0x400

.isr_vector     0x08000000      0x1ac
                0x08000000                        . = ALIGN (0x4)
 *(.isr_vector)
 .isr_vector    0x08000000      0x1ac ./Core/Startup/startup_stm32l496vgtx.o
                0x08000000                g_pfnVectors
                0x080001ac                        . = ALIGN (0x4)

.text           0x080001b0     0xd3e0
                0x080001b0                        . = ALIGN (0x4)
 *(.text)
 .text          0x080001b0       0x40 C:/ST/STM32CubeIDE_1.18.0/STM32CubeIDE/plugins/com.st.stm32cube.ide.mcu.externaltools.gnu-tools-for-stm32.13.3.rel1.win32_1.0.0.202411081344/tools/bin/../lib/gcc/arm-none-eabi/13.3.1/thumb/v7e-m+fp/hard/crtbegin.o
 .text          0x080001f0       0x10 C:/ST/STM32CubeIDE_1.18.0/STM32CubeIDE/plugins/com.st.stm32cube.ide.mcu.externaltools.gnu-tools-for-stm32.13.3.rel1.win32_1.0.0.202411081344/tools/bin/../lib/gcc/arm-none-eabi/13.3.1/../../../../arm-none-eabi/lib/thumb/v7e-m+fp/hard\libc_nano.a(libc_a-strlen.o)
                0x080001f0                strlen
 .text          0x08000200       0xa0 C:/ST/STM32CubeIDE_1.18.0/STM32CubeIDE/plugins/com.st.stm32cube.ide.mcu.externaltools.gnu-tools-for-stm32.13.3.rel1.win32_1.0.0.202411081344/tools/bin/../lib/gcc/arm-none-eabi/13.3.1/../../../../arm-none-eabi/lib/thumb/v7e-m+fp/hard\libc_nano.a(libc_a-memchr.o)
                0x08000200                memchr
 .text          0x080002a0      0x378 C:/ST/STM32CubeIDE_1.18.0/STM32CubeIDE/plugins/com.st.stm32cube.ide.mcu.externaltools.gnu-tools-for-stm32.13.3.rel1.win32_1.0.0.202411081344/tools/bin/../lib/gcc/arm-none-eabi/13.3.1/thumb/v7e-m+fp/hard\libgcc.a(_arm_addsubdf3.o)
                0x080002a0                __aeabi_drsub
                0x080002a8                __aeabi_dsub
                0x080002a8                __subdf3
                0x080002ac                __aeabi_dadd
                0x080002ac                __adddf3
                0x08000524                __floatunsidf
                0x08000524                __aeabi_ui2d
                0x08000544                __floatsidf
                0x08000544                __aeabi_i2d
                0x08000568                __aeabi_f2d
                0x08000568                __extendsfdf2
                0x080005ac                __floatundidf
                0x080005ac                __aeabi_ul2d
                0x080005bc                __floatdidf
                0x080005bc                __aeabi_l2d
 .text          0x08000618      0x424 C:/ST/STM32CubeIDE_1.18.0/STM32CubeIDE/plugins/com.st.stm32cube.ide.mcu.externaltools.gnu-tools-for-stm32.13.3.rel1.win32_1.0.0.202411081344/tools/bin/../lib/gcc/arm-none-eabi/13.3.1/thumb/v7e-m+fp/hard\libgcc.a(_arm_muldivdf3.o)
                0x08000618                __aeabi_dmul
                0x08000618                __muldf3
                0x0800086c                __divdf3
                0x0800086c                __aeabi_ddiv
 .text          0x08000a3c       0x40 C:/ST/STM32CubeIDE_1.18.0/STM32CubeIDE/plugins/com.st.stm32cube.ide.mcu.externaltools.gnu-tools-for-stm32.13.3.rel1.win32_1.0.0.202411081344/tools/bin/../lib/gcc/arm-none-eabi/13.3.1/thumb/v7e-m+fp/hard\libgcc.a(_arm_fixunsdfsi.o)
                0x08000a3c                __aeabi_d2uiz
                0x08000a3c                __fixunsdfsi
 .text          0x08000a7c       0x30 C:/ST/STM32CubeIDE_1.18.0/STM32CubeIDE/plugins/com.st.stm32cube.ide.mcu.externaltools.gnu-tools-for-stm32.13.3.rel1.win32_1.0.0.202411081344/tools/bin/../lib/gcc/arm-none-eabi/13.3.1/thumb/v7e-m+fp/hard\libgcc.a(_aeabi_uldivmod.o)
                0x08000a7c                __aeabi_uldivmod
 .text          0x08000aac      0x2f8 C:/ST/STM32CubeIDE_1.18.0/STM32CubeIDE/plugins/com.st.stm32cube.ide.mcu.externaltools.gnu-tools-for-stm32.13.3.rel1.win32_1.0.0.202411081344/tools/bin/../lib/gcc/arm-none-eabi/13.3.1/thumb/v7e-m+fp/hard\libgcc.a(_udivmoddi4.o)
                0x08000aac                __udivmoddi4
 .text          0x08000da4        0x4 C:/ST/STM32CubeIDE_1.18.0/STM32CubeIDE/plugins/com.st.stm32cube.ide.mcu.externaltools.gnu-tools-for-stm32.13.3.rel1.win32_1.0.0.202411081344/tools/bin/../lib/gcc/arm-none-eabi/13.3.1/thumb/v7e-m+fp/hard\libgcc.a(_dvmd_tls.o)
                0x08000da4                __aeabi_idiv0
                0x08000da4                __aeabi_ldiv0
 *(.text*)
 .text.EPS_Log_Message
                0x08000da8      0x11c ./Core/Src/app/Log.o
                0x08000da8                EPS_Log_Message
 .text.software_delay_start
                0x08000ec4       0x2c ./Core/Src/app/delay.o
 .text.software_delay_elapsed
                0x08000ef0       0x40 ./Core/Src/app/delay.o
 .text.SoftwareDelay
                0x08000f30       0x30 ./Core/Src/app/delay.o
                0x08000f30                SoftwareDelay
 .text.acquire_eeprom_lock
                0x08000f60       0xf4 ./Core/Src/app/eeprom.o
                0x08000f60                acquire_eeprom_lock
 .text.release_eeprom_lock
                0x08001054       0x48 ./Core/Src/app/eeprom.o
                0x08001054                release_eeprom_lock
 .text.verify_write_success
                0x0800109c       0x8c ./Core/Src/app/eeprom.o
 .text.epspd_WriteTelemetry
                0x08001128      0x19c ./Core/Src/app/eeprom.o
                0x08001128                epspd_WriteTelemetry
 .text.EPS_LogFault
                0x080012c4       0xe0 ./Core/Src/app/fault.o
                0x080012c4                EPS_LogFault
 .text.Fault_PollAndHandle
                0x080013a4      0x314 ./Core/Src/app/fault.o
                0x080013a4                Fault_PollAndHandle
 .text.EPS_I2C_CRC8
                0x080016b8       0x74 ./Core/Src/app/i2c_comm.o
                0x080016b8                EPS_I2C_CRC8
 .text.EPS_I2C_TransmitReceiveWithRetry
                0x0800172c      0x25a ./Core/Src/app/i2c_comm.o
                0x0800172c                EPS_I2C_TransmitReceiveWithRetry
 .text.EPS_I2C_SendSyncCounter
                0x08001986       0xd8 ./Core/Src/app/i2c_comm.o
                0x08001986                EPS_I2C_SendSyncCounter
 *fill*         0x08001a5e        0x2 
 .text.SSP_GetRxBuffer
                0x08001a60       0x30 ./Core/Src/app/ssp.o
 .text.HAL_UART_TxCpltCallback
                0x08001a90       0x58 ./Core/Src/app/ssp.o
                0x08001a90                HAL_UART_TxCpltCallback
 .text.HAL_UART_ErrorCallback
                0x08001ae8       0x50 ./Core/Src/app/ssp.o
                0x08001ae8                HAL_UART_ErrorCallback
 .text.GetSyncCounter
                0x08001b38       0x30 ./Core/Src/app/sync_counter.o
                0x08001b38                GetSyncCounter
 .text.GetSyncTimestamp
                0x08001b68       0x3c ./Core/Src/app/sync_counter.o
                0x08001b68                GetSyncTimestamp
 .text.SelectMultiplexerChannel
                0x08001ba4       0x58 ./Core/Src/app/telemetry.o
 *fill*         0x08001bfc        0x4 
 .text.EPSPD_UpdateTelemetryAndParameters
                0x08001c00      0x628 ./Core/Src/app/telemetry.o
                0x08001c00                EPSPD_UpdateTelemetryAndParameters
 .text.main     0x08002228       0xbc ./Core/Src/main.o
                0x08002228                main
 .text.StartDefaultTask
                0x080022e4       0xa4 ./Core/Src/main.o
                0x080022e4                StartDefaultTask
 .text.StartTask02
                0x08002388       0x30 ./Core/Src/main.o
                0x08002388                StartTask02
 .text.StartTask03
                0x080023b8       0x20 ./Core/Src/main.o
                0x080023b8                StartTask03
 .text.StartTask04
                0x080023d8       0x54 ./Core/Src/main.o
                0x080023d8                StartTask04
 .text.SystemClock_Config
                0x0800242c       0x8a ./Core/Src/main.o
                0x0800242c                SystemClock_Config
 *fill*         0x080024b6        0x2 
 .text.MX_ADC1_Init
                0x080024b8       0xec ./Core/Src/main.o
 .text.MX_I2C2_Init
                0x080025a4       0x80 ./Core/Src/main.o
 .text.MX_SPI1_Init
                0x08002624       0x74 ./Core/Src/main.o
 .text.MX_SPI3_Init
                0x08002698       0x74 ./Core/Src/main.o
 .text.MX_TIM1_Init
                0x0800270c       0xa8 ./Core/Src/main.o
 .text.MX_TIM2_Init
                0x080027b4       0x9c ./Core/Src/main.o
 .text.MX_TIM3_Init
                0x08002850       0x9c ./Core/Src/main.o
 .text.MX_TIM4_Init
                0x080028ec       0x9c ./Core/Src/main.o
 .text.MX_USART1_UART_Init
                0x08002988       0x60 ./Core/Src/main.o
 .text.MX_USART2_UART_Init
                0x080029e8       0x64 ./Core/Src/main.o
 .text.MX_USART3_UART_Init
                0x08002a4c       0x64 ./Core/Src/main.o
 .text.MX_DMA_Init
                0x08002ab0       0x8c ./Core/Src/main.o
 .text.MX_GPIO_Init
                0x08002b3c      0x254 ./Core/Src/main.o
 .text.HAL_TIM_PeriodElapsedCallback
                0x08002d90       0x24 ./Core/Src/main.o
                0x08002d90                HAL_TIM_PeriodElapsedCallback
 .text.Error_Handler
                0x08002db4        0xc ./Core/Src/main.o
                0x08002db4                Error_Handler
 .text.HAL_MspInit
                0x08002dc0       0x50 ./Core/Src/stm32l4xx_hal_msp.o
                0x08002dc0                HAL_MspInit
 .text.HAL_ADC_MspInit
                0x08002e10      0x144 ./Core/Src/stm32l4xx_hal_msp.o
                0x08002e10                HAL_ADC_MspInit
 .text.HAL_I2C_MspInit
                0x08002f54      0x174 ./Core/Src/stm32l4xx_hal_msp.o
                0x08002f54                HAL_I2C_MspInit
 .text.HAL_SPI_MspInit
                0x080030c8      0x13c ./Core/Src/stm32l4xx_hal_msp.o
                0x080030c8                HAL_SPI_MspInit
 .text.HAL_TIM_Base_MspInit
                0x08003204       0xb4 ./Core/Src/stm32l4xx_hal_msp.o
                0x08003204                HAL_TIM_Base_MspInit
 .text.HAL_UART_MspInit
                0x080032b8      0x3b8 ./Core/Src/stm32l4xx_hal_msp.o
                0x080032b8                HAL_UART_MspInit
 .text.HAL_InitTick
                0x08003670       0xf4 ./Core/Src/stm32l4xx_hal_timebase_tim.o
                0x08003670                HAL_InitTick
 .text.NMI_Handler
                0x08003764        0x8 ./Core/Src/stm32l4xx_it.o
                0x08003764                NMI_Handler
 .text.HardFault_Handler
                0x0800376c        0x8 ./Core/Src/stm32l4xx_it.o
                0x0800376c                HardFault_Handler
 .text.MemManage_Handler
                0x08003774        0x8 ./Core/Src/stm32l4xx_it.o
                0x08003774                MemManage_Handler
 .text.BusFault_Handler
                0x0800377c        0x8 ./Core/Src/stm32l4xx_it.o
                0x0800377c                BusFault_Handler
 .text.UsageFault_Handler
                0x08003784        0x8 ./Core/Src/stm32l4xx_it.o
                0x08003784                UsageFault_Handler
 .text.DebugMon_Handler
                0x0800378c        0xe ./Core/Src/stm32l4xx_it.o
                0x0800378c                DebugMon_Handler
 .text.EXTI1_IRQHandler
                0x0800379a        0xe ./Core/Src/stm32l4xx_it.o
                0x0800379a                EXTI1_IRQHandler
 .text.DMA1_Channel2_IRQHandler
                0x080037a8       0x14 ./Core/Src/stm32l4xx_it.o
                0x080037a8                DMA1_Channel2_IRQHandler
 .text.DMA1_Channel3_IRQHandler
                0x080037bc       0x14 ./Core/Src/stm32l4xx_it.o
                0x080037bc                DMA1_Channel3_IRQHandler
 .text.DMA1_Channel4_IRQHandler
                0x080037d0       0x14 ./Core/Src/stm32l4xx_it.o
                0x080037d0                DMA1_Channel4_IRQHandler
 .text.DMA1_Channel5_IRQHandler
                0x080037e4       0x14 ./Core/Src/stm32l4xx_it.o
                0x080037e4                DMA1_Channel5_IRQHandler
 .text.DMA1_Channel6_IRQHandler
                0x080037f8       0x14 ./Core/Src/stm32l4xx_it.o
                0x080037f8                DMA1_Channel6_IRQHandler
 .text.DMA1_Channel7_IRQHandler
                0x0800380c       0x14 ./Core/Src/stm32l4xx_it.o
                0x0800380c                DMA1_Channel7_IRQHandler
 .text.USART1_IRQHandler
                0x08003820       0x14 ./Core/Src/stm32l4xx_it.o
                0x08003820                USART1_IRQHandler
 .text.USART2_IRQHandler
                0x08003834       0x14 ./Core/Src/stm32l4xx_it.o
                0x08003834                USART2_IRQHandler
 .text.USART3_IRQHandler
                0x08003848       0x14 ./Core/Src/stm32l4xx_it.o
                0x08003848                USART3_IRQHandler
 .text.SPI3_IRQHandler
                0x0800385c       0x14 ./Core/Src/stm32l4xx_it.o
                0x0800385c                SPI3_IRQHandler
 .text.TIM6_DAC_IRQHandler
                0x08003870       0x14 ./Core/Src/stm32l4xx_it.o
                0x08003870                TIM6_DAC_IRQHandler
 .text._sbrk    0x08003884       0x6c ./Core/Src/sysmem.o
                0x08003884                _sbrk
 .text.SystemInit
                0x080038f0       0x24 ./Core/Src/system_stm32l4xx.o
                0x080038f0                SystemInit
 .text.Reset_Handler
                0x08003914       0x50 ./Core/Startup/startup_stm32l496vgtx.o
                0x08003914                Reset_Handler
 .text.Default_Handler
                0x08003964        0x2 ./Core/Startup/startup_stm32l496vgtx.o
                0x08003964                RTC_Alarm_IRQHandler
                0x08003964                EXTI2_IRQHandler
                0x08003964                TIM8_TRG_COM_IRQHandler
                0x08003964                TIM8_CC_IRQHandler
                0x08003964                TIM1_CC_IRQHandler
                0x08003964                TSC_IRQHandler
                0x08003964                TAMP_STAMP_IRQHandler
                0x08003964                CAN2_RX1_IRQHandler
                0x08003964                EXTI3_IRQHandler
                0x08003964                LPTIM2_IRQHandler
                0x08003964                DFSDM1_FLT1_IRQHandler
                0x08003964                I2C3_ER_IRQHandler
                0x08003964                DFSDM1_FLT2_IRQHandler
                0x08003964                EXTI0_IRQHandler
                0x08003964                I2C2_EV_IRQHandler
                0x08003964                CAN1_RX0_IRQHandler
                0x08003964                FPU_IRQHandler
                0x08003964                TIM1_UP_TIM16_IRQHandler
                0x08003964                CAN2_SCE_IRQHandler
                0x08003964                ADC1_2_IRQHandler
                0x08003964                SPI1_IRQHandler
                0x08003964                DCMI_IRQHandler
                0x08003964                CAN2_RX0_IRQHandler
                0x08003964                TIM8_UP_IRQHandler
                0x08003964                DMA2_Channel2_IRQHandler
                0x08003964                SAI2_IRQHandler
                0x08003964                DFSDM1_FLT3_IRQHandler
                0x08003964                CAN1_RX1_IRQHandler
                0x08003964                LCD_IRQHandler
                0x08003964                UART5_IRQHandler
                0x08003964                ADC3_IRQHandler
                0x08003964                TIM4_IRQHandler
                0x08003964                DMA2_Channel1_IRQHandler
                0x08003964                QUADSPI_IRQHandler
                0x08003964                I2C1_EV_IRQHandler
                0x08003964                UART4_IRQHandler
                0x08003964                DMA2_Channel4_IRQHandler
                0x08003964                TIM3_IRQHandler
                0x08003964                RCC_IRQHandler
                0x08003964                DMA1_Channel1_IRQHandler
                0x08003964                Default_Handler
                0x08003964                DMA2_Channel7_IRQHandler
                0x08003964                EXTI15_10_IRQHandler
                0x08003964                TIM7_IRQHandler
                0x08003964                SDMMC1_IRQHandler
                0x08003964                CAN2_TX_IRQHandler
                0x08003964                TIM5_IRQHandler
                0x08003964                I2C3_EV_IRQHandler
                0x08003964                EXTI9_5_IRQHandler
                0x08003964                RTC_WKUP_IRQHandler
                0x08003964                PVD_PVM_IRQHandler
                0x08003964                SPI2_IRQHandler
                0x08003964                CAN1_TX_IRQHandler
                0x08003964                DMA2_Channel5_IRQHandler
                0x08003964                CRS_IRQHandler
                0x08003964                EXTI4_IRQHandler
                0x08003964                RNG_IRQHandler
                0x08003964                TIM1_TRG_COM_TIM17_IRQHandler
                0x08003964                COMP_IRQHandler
                0x08003964                WWDG_IRQHandler
                0x08003964                I2C4_EV_IRQHandler
                0x08003964                LPUART1_IRQHandler
                0x08003964                DMA2_Channel6_IRQHandler
                0x08003964                TIM2_IRQHandler
                0x08003964                DFSDM1_FLT0_IRQHandler
                0x08003964                I2C2_ER_IRQHandler
                0x08003964                TIM8_BRK_IRQHandler
                0x08003964                CAN1_SCE_IRQHandler
                0x08003964                FLASH_IRQHandler
                0x08003964                OTG_FS_IRQHandler
                0x08003964                I2C1_ER_IRQHandler
                0x08003964                FMC_IRQHandler
                0x08003964                SWPMI1_IRQHandler
                0x08003964                LPTIM1_IRQHandler
                0x08003964                I2C4_ER_IRQHandler
                0x08003964                SAI1_IRQHandler
                0x08003964                DMA2_Channel3_IRQHandler
                0x08003964                TIM1_BRK_TIM15_IRQHandler
 .text.HAL_Init
                0x08003966       0x30 ./Drivers/STM32L4xx_HAL_Driver/Src/stm32l4xx_hal.o
                0x08003966                HAL_Init
 *fill*         0x08003996        0x2 
 .text.HAL_IncTick
                0x08003998       0x28 ./Drivers/STM32L4xx_HAL_Driver/Src/stm32l4xx_hal.o
                0x08003998                HAL_IncTick
 .text.HAL_GetTick
                0x080039c0       0x18 ./Drivers/STM32L4xx_HAL_Driver/Src/stm32l4xx_hal.o
                0x080039c0                HAL_GetTick
 .text.HAL_Delay
                0x080039d8       0x48 ./Drivers/STM32L4xx_HAL_Driver/Src/stm32l4xx_hal.o
                0x080039d8                HAL_Delay
 .text.LL_ADC_SetCommonClock
                0x08003a20       0x26 ./Drivers/STM32L4xx_HAL_Driver/Src/stm32l4xx_hal_adc.o
 .text.LL_ADC_SetCommonPathInternalCh
                0x08003a46       0x26 ./Drivers/STM32L4xx_HAL_Driver/Src/stm32l4xx_hal_adc.o
 .text.LL_ADC_GetCommonPathInternalCh
                0x08003a6c       0x1c ./Drivers/STM32L4xx_HAL_Driver/Src/stm32l4xx_hal_adc.o
 .text.LL_ADC_SetOffset
                0x08003a88       0x48 ./Drivers/STM32L4xx_HAL_Driver/Src/stm32l4xx_hal_adc.o
 .text.LL_ADC_GetOffsetChannel
                0x08003ad0       0x2c ./Drivers/STM32L4xx_HAL_Driver/Src/stm32l4xx_hal_adc.o
 .text.LL_ADC_SetOffsetState
                0x08003afc       0x36 ./Drivers/STM32L4xx_HAL_Driver/Src/stm32l4xx_hal_adc.o
 .text.LL_ADC_SetSamplingTimeCommonConfig
                0x08003b32       0x26 ./Drivers/STM32L4xx_HAL_Driver/Src/stm32l4xx_hal_adc.o
 .text.LL_ADC_REG_IsTriggerSourceSWStart
                0x08003b58       0x26 ./Drivers/STM32L4xx_HAL_Driver/Src/stm32l4xx_hal_adc.o
 .text.LL_ADC_REG_SetSequencerRanks
                0x08003b7e       0x58 ./Drivers/STM32L4xx_HAL_Driver/Src/stm32l4xx_hal_adc.o
 .text.LL_ADC_SetChannelSamplingTime
                0x08003bd6       0x56 ./Drivers/STM32L4xx_HAL_Driver/Src/stm32l4xx_hal_adc.o
 .text.LL_ADC_SetChannelSingleDiff
                0x08003c2c       0x48 ./Drivers/STM32L4xx_HAL_Driver/Src/stm32l4xx_hal_adc.o
 .text.LL_ADC_GetMultimode
                0x08003c74       0x1c ./Drivers/STM32L4xx_HAL_Driver/Src/stm32l4xx_hal_adc.o
 .text.LL_ADC_DisableDeepPowerDown
                0x08003c90       0x24 ./Drivers/STM32L4xx_HAL_Driver/Src/stm32l4xx_hal_adc.o
 .text.LL_ADC_IsDeepPowerDownEnabled
                0x08003cb4       0x28 ./Drivers/STM32L4xx_HAL_Driver/Src/stm32l4xx_hal_adc.o
 .text.LL_ADC_EnableInternalRegulator
                0x08003cdc       0x28 ./Drivers/STM32L4xx_HAL_Driver/Src/stm32l4xx_hal_adc.o
 .text.LL_ADC_IsInternalRegulatorEnabled
                0x08003d04       0x28 ./Drivers/STM32L4xx_HAL_Driver/Src/stm32l4xx_hal_adc.o
 .text.LL_ADC_Enable
                0x08003d2c       0x28 ./Drivers/STM32L4xx_HAL_Driver/Src/stm32l4xx_hal_adc.o
 .text.LL_ADC_IsEnabled
                0x08003d54       0x26 ./Drivers/STM32L4xx_HAL_Driver/Src/stm32l4xx_hal_adc.o
 .text.LL_ADC_REG_StartConversion
                0x08003d7a       0x28 ./Drivers/STM32L4xx_HAL_Driver/Src/stm32l4xx_hal_adc.o
 .text.LL_ADC_REG_IsConversionOngoing
                0x08003da2       0x26 ./Drivers/STM32L4xx_HAL_Driver/Src/stm32l4xx_hal_adc.o
 .text.LL_ADC_INJ_IsConversionOngoing
                0x08003dc8       0x26 ./Drivers/STM32L4xx_HAL_Driver/Src/stm32l4xx_hal_adc.o
 *fill*         0x08003dee        0x2 
 .text.HAL_ADC_Init
                0x08003df0      0x2a8 ./Drivers/STM32L4xx_HAL_Driver/Src/stm32l4xx_hal_adc.o
                0x08003df0                HAL_ADC_Init
 .text.HAL_ADC_Start_DMA
                0x08004098      0x178 ./Drivers/STM32L4xx_HAL_Driver/Src/stm32l4xx_hal_adc.o
                0x08004098                HAL_ADC_Start_DMA
 .text.HAL_ADC_ConvCpltCallback
                0x08004210       0x14 ./Drivers/STM32L4xx_HAL_Driver/Src/stm32l4xx_hal_adc.o
                0x08004210                HAL_ADC_ConvCpltCallback
 .text.HAL_ADC_ConvHalfCpltCallback
                0x08004224       0x14 ./Drivers/STM32L4xx_HAL_Driver/Src/stm32l4xx_hal_adc.o
                0x08004224                HAL_ADC_ConvHalfCpltCallback
 .text.HAL_ADC_ErrorCallback
                0x08004238       0x14 ./Drivers/STM32L4xx_HAL_Driver/Src/stm32l4xx_hal_adc.o
                0x08004238                HAL_ADC_ErrorCallback
 .text.HAL_ADC_ConfigChannel
                0x0800424c      0x818 ./Drivers/STM32L4xx_HAL_Driver/Src/stm32l4xx_hal_adc.o
                0x0800424c                HAL_ADC_ConfigChannel
 .text.ADC_Enable
                0x08004a64      0x10c ./Drivers/STM32L4xx_HAL_Driver/Src/stm32l4xx_hal_adc.o
                0x08004a64                ADC_Enable
 .text.ADC_DMAConvCplt
                0x08004b70       0xd8 ./Drivers/STM32L4xx_HAL_Driver/Src/stm32l4xx_hal_adc.o
                0x08004b70                ADC_DMAConvCplt
 .text.ADC_DMAHalfConvCplt
                0x08004c48       0x1c ./Drivers/STM32L4xx_HAL_Driver/Src/stm32l4xx_hal_adc.o
                0x08004c48                ADC_DMAHalfConvCplt
 .text.ADC_DMAError
                0x08004c64       0x34 ./Drivers/STM32L4xx_HAL_Driver/Src/stm32l4xx_hal_adc.o
                0x08004c64                ADC_DMAError
 .text.LL_ADC_IsEnabled
                0x08004c98       0x26 ./Drivers/STM32L4xx_HAL_Driver/Src/stm32l4xx_hal_adc_ex.o
 .text.LL_ADC_REG_IsConversionOngoing
                0x08004cbe       0x26 ./Drivers/STM32L4xx_HAL_Driver/Src/stm32l4xx_hal_adc_ex.o
 .text.HAL_ADCEx_MultiModeConfigChannel
                0x08004ce4      0x160 ./Drivers/STM32L4xx_HAL_Driver/Src/stm32l4xx_hal_adc_ex.o
                0x08004ce4                HAL_ADCEx_MultiModeConfigChannel
 .text.__NVIC_SetPriorityGrouping
                0x08004e44       0x48 ./Drivers/STM32L4xx_HAL_Driver/Src/stm32l4xx_hal_cortex.o
 .text.__NVIC_GetPriorityGrouping
                0x08004e8c       0x1c ./Drivers/STM32L4xx_HAL_Driver/Src/stm32l4xx_hal_cortex.o
 .text.__NVIC_EnableIRQ
                0x08004ea8       0x3c ./Drivers/STM32L4xx_HAL_Driver/Src/stm32l4xx_hal_cortex.o
 .text.__NVIC_SetPriority
                0x08004ee4       0x54 ./Drivers/STM32L4xx_HAL_Driver/Src/stm32l4xx_hal_cortex.o
 .text.NVIC_EncodePriority
                0x08004f38       0x66 ./Drivers/STM32L4xx_HAL_Driver/Src/stm32l4xx_hal_cortex.o
 .text.HAL_NVIC_SetPriorityGrouping
                0x08004f9e       0x16 ./Drivers/STM32L4xx_HAL_Driver/Src/stm32l4xx_hal_cortex.o
                0x08004f9e                HAL_NVIC_SetPriorityGrouping
 .text.HAL_NVIC_SetPriority
                0x08004fb4       0x38 ./Drivers/STM32L4xx_HAL_Driver/Src/stm32l4xx_hal_cortex.o
                0x08004fb4                HAL_NVIC_SetPriority
 .text.HAL_NVIC_EnableIRQ
                0x08004fec       0x1c ./Drivers/STM32L4xx_HAL_Driver/Src/stm32l4xx_hal_cortex.o
                0x08004fec                HAL_NVIC_EnableIRQ
 .text.HAL_DMA_Init
                0x08005008      0x170 ./Drivers/STM32L4xx_HAL_Driver/Src/stm32l4xx_hal_dma.o
                0x08005008                HAL_DMA_Init
 .text.HAL_DMA_Start_IT
                0x08005178       0xc0 ./Drivers/STM32L4xx_HAL_Driver/Src/stm32l4xx_hal_dma.o
                0x08005178                HAL_DMA_Start_IT
 .text.HAL_DMA_Abort
                0x08005238       0x7c ./Drivers/STM32L4xx_HAL_Driver/Src/stm32l4xx_hal_dma.o
                0x08005238                HAL_DMA_Abort
 .text.HAL_DMA_Abort_IT
                0x080052b4       0x82 ./Drivers/STM32L4xx_HAL_Driver/Src/stm32l4xx_hal_dma.o
                0x080052b4                HAL_DMA_Abort_IT
 .text.HAL_DMA_IRQHandler
                0x08005336      0x15e ./Drivers/STM32L4xx_HAL_Driver/Src/stm32l4xx_hal_dma.o
                0x08005336                HAL_DMA_IRQHandler
 .text.DMA_SetConfig
                0x08005494       0x60 ./Drivers/STM32L4xx_HAL_Driver/Src/stm32l4xx_hal_dma.o
 .text.HAL_GPIO_Init
                0x080054f4      0x324 ./Drivers/STM32L4xx_HAL_Driver/Src/stm32l4xx_hal_gpio.o
                0x080054f4                HAL_GPIO_Init
 .text.HAL_GPIO_ReadPin
                0x08005818       0x30 ./Drivers/STM32L4xx_HAL_Driver/Src/stm32l4xx_hal_gpio.o
                0x08005818                HAL_GPIO_ReadPin
 .text.HAL_GPIO_WritePin
                0x08005848       0x30 ./Drivers/STM32L4xx_HAL_Driver/Src/stm32l4xx_hal_gpio.o
                0x08005848                HAL_GPIO_WritePin
 .text.HAL_GPIO_EXTI_IRQHandler
                0x08005878       0x30 ./Drivers/STM32L4xx_HAL_Driver/Src/stm32l4xx_hal_gpio.o
                0x08005878                HAL_GPIO_EXTI_IRQHandler
 .text.HAL_GPIO_EXTI_Callback
                0x080058a8       0x16 ./Drivers/STM32L4xx_HAL_Driver/Src/stm32l4xx_hal_gpio.o
                0x080058a8                HAL_GPIO_EXTI_Callback
 .text.HAL_I2C_Init
                0x080058be      0x136 ./Drivers/STM32L4xx_HAL_Driver/Src/stm32l4xx_hal_i2c.o
                0x080058be                HAL_I2C_Init
 .text.HAL_I2C_Master_Transmit
                0x080059f4      0x230 ./Drivers/STM32L4xx_HAL_Driver/Src/stm32l4xx_hal_i2c.o
                0x080059f4                HAL_I2C_Master_Transmit
 .text.HAL_I2C_Master_Receive
                0x08005c24      0x1ec ./Drivers/STM32L4xx_HAL_Driver/Src/stm32l4xx_hal_i2c.o
                0x08005c24                HAL_I2C_Master_Receive
 .text.I2C_Flush_TXDR
                0x08005e10       0x48 ./Drivers/STM32L4xx_HAL_Driver/Src/stm32l4xx_hal_i2c.o
 .text.I2C_WaitOnFlagUntilTimeout
                0x08005e58       0xb2 ./Drivers/STM32L4xx_HAL_Driver/Src/stm32l4xx_hal_i2c.o
 .text.I2C_WaitOnTXISFlagUntilTimeout
                0x08005f0a       0x8e ./Drivers/STM32L4xx_HAL_Driver/Src/stm32l4xx_hal_i2c.o
 .text.I2C_WaitOnSTOPFlagUntilTimeout
                0x08005f98       0x86 ./Drivers/STM32L4xx_HAL_Driver/Src/stm32l4xx_hal_i2c.o
 *fill*         0x0800601e        0x2 
 .text.I2C_WaitOnRXNEFlagUntilTimeout
                0x08006020      0x118 ./Drivers/STM32L4xx_HAL_Driver/Src/stm32l4xx_hal_i2c.o
 .text.I2C_IsErrorOccurred
                0x08006138      0x1c0 ./Drivers/STM32L4xx_HAL_Driver/Src/stm32l4xx_hal_i2c.o
 .text.I2C_TransferConfig
                0x080062f8       0x64 ./Drivers/STM32L4xx_HAL_Driver/Src/stm32l4xx_hal_i2c.o
 .text.HAL_I2CEx_ConfigAnalogFilter
                0x0800635c       0x96 ./Drivers/STM32L4xx_HAL_Driver/Src/stm32l4xx_hal_i2c_ex.o
                0x0800635c                HAL_I2CEx_ConfigAnalogFilter
 .text.HAL_I2CEx_ConfigDigitalFilter
                0x080063f2       0x98 ./Drivers/STM32L4xx_HAL_Driver/Src/stm32l4xx_hal_i2c_ex.o
                0x080063f2                HAL_I2CEx_ConfigDigitalFilter
 *fill*         0x0800648a        0x2 
 .text.HAL_PWREx_GetVoltageRange
                0x0800648c       0x1c ./Drivers/STM32L4xx_HAL_Driver/Src/stm32l4xx_hal_pwr_ex.o
                0x0800648c                HAL_PWREx_GetVoltageRange
 .text.HAL_PWREx_ControlVoltageScaling
                0x080064a8       0xac ./Drivers/STM32L4xx_HAL_Driver/Src/stm32l4xx_hal_pwr_ex.o
                0x080064a8                HAL_PWREx_ControlVoltageScaling
 .text.HAL_RCC_OscConfig
                0x08006554      0x834 ./Drivers/STM32L4xx_HAL_Driver/Src/stm32l4xx_hal_rcc.o
                0x08006554                HAL_RCC_OscConfig
 .text.HAL_RCC_ClockConfig
                0x08006d88      0x200 ./Drivers/STM32L4xx_HAL_Driver/Src/stm32l4xx_hal_rcc.o
                0x08006d88                HAL_RCC_ClockConfig
 .text.HAL_RCC_GetSysClockFreq
                0x08006f88      0x118 ./Drivers/STM32L4xx_HAL_Driver/Src/stm32l4xx_hal_rcc.o
                0x08006f88                HAL_RCC_GetSysClockFreq
 .text.HAL_RCC_GetHCLKFreq
                0x080070a0       0x18 ./Drivers/STM32L4xx_HAL_Driver/Src/stm32l4xx_hal_rcc.o
                0x080070a0                HAL_RCC_GetHCLKFreq
 .text.HAL_RCC_GetPCLK1Freq
                0x080070b8       0x2c ./Drivers/STM32L4xx_HAL_Driver/Src/stm32l4xx_hal_rcc.o
                0x080070b8                HAL_RCC_GetPCLK1Freq
 .text.HAL_RCC_GetPCLK2Freq
                0x080070e4       0x2c ./Drivers/STM32L4xx_HAL_Driver/Src/stm32l4xx_hal_rcc.o
                0x080070e4                HAL_RCC_GetPCLK2Freq
 .text.HAL_RCC_GetClockConfig
                0x08007110       0x64 ./Drivers/STM32L4xx_HAL_Driver/Src/stm32l4xx_hal_rcc.o
                0x08007110                HAL_RCC_GetClockConfig
 .text.RCC_SetFlashLatencyFromMSIRange
                0x08007174       0xc0 ./Drivers/STM32L4xx_HAL_Driver/Src/stm32l4xx_hal_rcc.o
 .text.HAL_RCCEx_PeriphCLKConfig
                0x08007234      0x5f8 ./Drivers/STM32L4xx_HAL_Driver/Src/stm32l4xx_hal_rcc_ex.o
                0x08007234                HAL_RCCEx_PeriphCLKConfig
 .text.RCCEx_PLLSAI1_Config
                0x0800782c      0x1e4 ./Drivers/STM32L4xx_HAL_Driver/Src/stm32l4xx_hal_rcc_ex.o
 .text.RCCEx_PLLSAI2_Config
                0x08007a10      0x1b8 ./Drivers/STM32L4xx_HAL_Driver/Src/stm32l4xx_hal_rcc_ex.o
 .text.HAL_SPI_Init
                0x08007bc8      0x146 ./Drivers/STM32L4xx_HAL_Driver/Src/stm32l4xx_hal_spi.o
                0x08007bc8                HAL_SPI_Init
 *fill*         0x08007d0e        0x2 
 .text.HAL_SPI_IRQHandler
                0x08007d10      0x200 ./Drivers/STM32L4xx_HAL_Driver/Src/stm32l4xx_hal_spi.o
                0x08007d10                HAL_SPI_IRQHandler
 .text.HAL_SPI_ErrorCallback
                0x08007f10       0x14 ./Drivers/STM32L4xx_HAL_Driver/Src/stm32l4xx_hal_spi.o
                0x08007f10                HAL_SPI_ErrorCallback
 .text.SPI_DMAAbortOnError
                0x08007f24       0x2a ./Drivers/STM32L4xx_HAL_Driver/Src/stm32l4xx_hal_spi.o
 .text.HAL_TIM_Base_Init
                0x08007f4e       0xae ./Drivers/STM32L4xx_HAL_Driver/Src/stm32l4xx_hal_tim.o
                0x08007f4e                HAL_TIM_Base_Init
 .text.HAL_TIM_Base_Start_IT
                0x08007ffc       0xe0 ./Drivers/STM32L4xx_HAL_Driver/Src/stm32l4xx_hal_tim.o
                0x08007ffc                HAL_TIM_Base_Start_IT
 .text.HAL_TIM_IRQHandler
                0x080080dc      0x20e ./Drivers/STM32L4xx_HAL_Driver/Src/stm32l4xx_hal_tim.o
                0x080080dc                HAL_TIM_IRQHandler
 .text.HAL_TIM_ConfigClockSource
                0x080082ea      0x192 ./Drivers/STM32L4xx_HAL_Driver/Src/stm32l4xx_hal_tim.o
                0x080082ea                HAL_TIM_ConfigClockSource
 .text.HAL_TIM_OC_DelayElapsedCallback
                0x0800847c       0x14 ./Drivers/STM32L4xx_HAL_Driver/Src/stm32l4xx_hal_tim.o
                0x0800847c                HAL_TIM_OC_DelayElapsedCallback
 .text.HAL_TIM_IC_CaptureCallback
                0x08008490       0x14 ./Drivers/STM32L4xx_HAL_Driver/Src/stm32l4xx_hal_tim.o
                0x08008490                HAL_TIM_IC_CaptureCallback
 .text.HAL_TIM_PWM_PulseFinishedCallback
                0x080084a4       0x14 ./Drivers/STM32L4xx_HAL_Driver/Src/stm32l4xx_hal_tim.o
                0x080084a4                HAL_TIM_PWM_PulseFinishedCallback
 .text.HAL_TIM_TriggerCallback
                0x080084b8       0x14 ./Drivers/STM32L4xx_HAL_Driver/Src/stm32l4xx_hal_tim.o
                0x080084b8                HAL_TIM_TriggerCallback
 .text.TIM_Base_SetConfig
                0x080084cc      0x14c ./Drivers/STM32L4xx_HAL_Driver/Src/stm32l4xx_hal_tim.o
                0x080084cc                TIM_Base_SetConfig
 .text.TIM_TI1_ConfigInputStage
                0x08008618       0x5e ./Drivers/STM32L4xx_HAL_Driver/Src/stm32l4xx_hal_tim.o
 .text.TIM_TI2_ConfigInputStage
                0x08008676       0x60 ./Drivers/STM32L4xx_HAL_Driver/Src/stm32l4xx_hal_tim.o
 .text.TIM_ITRx_SetConfig
                0x080086d6       0x36 ./Drivers/STM32L4xx_HAL_Driver/Src/stm32l4xx_hal_tim.o
 .text.TIM_ETR_SetConfig
                0x0800870c       0x40 ./Drivers/STM32L4xx_HAL_Driver/Src/stm32l4xx_hal_tim.o
                0x0800870c                TIM_ETR_SetConfig
 .text.HAL_TIMEx_MasterConfigSynchronization
                0x0800874c      0x110 ./Drivers/STM32L4xx_HAL_Driver/Src/stm32l4xx_hal_tim_ex.o
                0x0800874c                HAL_TIMEx_MasterConfigSynchronization
 .text.HAL_TIMEx_CommutCallback
                0x0800885c       0x14 ./Drivers/STM32L4xx_HAL_Driver/Src/stm32l4xx_hal_tim_ex.o
                0x0800885c                HAL_TIMEx_CommutCallback
 .text.HAL_TIMEx_BreakCallback
                0x08008870       0x14 ./Drivers/STM32L4xx_HAL_Driver/Src/stm32l4xx_hal_tim_ex.o
                0x08008870                HAL_TIMEx_BreakCallback
 .text.HAL_TIMEx_Break2Callback
                0x08008884       0x14 ./Drivers/STM32L4xx_HAL_Driver/Src/stm32l4xx_hal_tim_ex.o
                0x08008884                HAL_TIMEx_Break2Callback
 .text.HAL_UART_Init
                0x08008898       0x9c ./Drivers/STM32L4xx_HAL_Driver/Src/stm32l4xx_hal_uart.o
                0x08008898                HAL_UART_Init
 .text.HAL_UART_Transmit
                0x08008934      0x112 ./Drivers/STM32L4xx_HAL_Driver/Src/stm32l4xx_hal_uart.o
                0x08008934                HAL_UART_Transmit
 *fill*         0x08008a46        0x2 
 .text.HAL_UART_Receive_DMA
                0x08008a48       0x98 ./Drivers/STM32L4xx_HAL_Driver/Src/stm32l4xx_hal_uart.o
                0x08008a48                HAL_UART_Receive_DMA
 .text.HAL_UART_IRQHandler
                0x08008ae0      0x60c ./Drivers/STM32L4xx_HAL_Driver/Src/stm32l4xx_hal_uart.o
                0x08008ae0                HAL_UART_IRQHandler
 .text.HAL_UART_RxCpltCallback
                0x080090ec       0x14 ./Drivers/STM32L4xx_HAL_Driver/Src/stm32l4xx_hal_uart.o
                0x080090ec                HAL_UART_RxCpltCallback
 .text.HAL_UART_RxHalfCpltCallback
                0x08009100       0x14 ./Drivers/STM32L4xx_HAL_Driver/Src/stm32l4xx_hal_uart.o
                0x08009100                HAL_UART_RxHalfCpltCallback
 .text.HAL_UARTEx_RxEventCallback
                0x08009114       0x18 ./Drivers/STM32L4xx_HAL_Driver/Src/stm32l4xx_hal_uart.o
                0x08009114                HAL_UARTEx_RxEventCallback
 .text.UART_SetConfig
                0x0800912c      0x570 ./Drivers/STM32L4xx_HAL_Driver/Src/stm32l4xx_hal_uart.o
                0x0800912c                UART_SetConfig
 .text.UART_AdvFeatureConfig
                0x0800969c      0x144 ./Drivers/STM32L4xx_HAL_Driver/Src/stm32l4xx_hal_uart.o
                0x0800969c                UART_AdvFeatureConfig
 .text.UART_CheckIdleState
                0x080097e0      0x150 ./Drivers/STM32L4xx_HAL_Driver/Src/stm32l4xx_hal_uart.o
                0x080097e0                UART_CheckIdleState
 .text.UART_WaitOnFlagUntilTimeout
                0x08009930       0xda ./Drivers/STM32L4xx_HAL_Driver/Src/stm32l4xx_hal_uart.o
                0x08009930                UART_WaitOnFlagUntilTimeout
 *fill*         0x08009a0a        0x2 
 .text.UART_Start_Receive_DMA
                0x08009a0c      0x140 ./Drivers/STM32L4xx_HAL_Driver/Src/stm32l4xx_hal_uart.o
                0x08009a0c                UART_Start_Receive_DMA
 .text.UART_EndTxTransfer
                0x08009b4c       0x4c ./Drivers/STM32L4xx_HAL_Driver/Src/stm32l4xx_hal_uart.o
 .text.UART_EndRxTransfer
                0x08009b98       0xc8 ./Drivers/STM32L4xx_HAL_Driver/Src/stm32l4xx_hal_uart.o
 .text.UART_DMAReceiveCplt
                0x08009c60      0x12c ./Drivers/STM32L4xx_HAL_Driver/Src/stm32l4xx_hal_uart.o
 .text.UART_DMARxHalfCplt
                0x08009d8c       0x3e ./Drivers/STM32L4xx_HAL_Driver/Src/stm32l4xx_hal_uart.o
 .text.UART_DMAError
                0x08009dca       0x7e ./Drivers/STM32L4xx_HAL_Driver/Src/stm32l4xx_hal_uart.o
 .text.UART_DMAAbortOnError
                0x08009e48       0x2c ./Drivers/STM32L4xx_HAL_Driver/Src/stm32l4xx_hal_uart.o
 .text.UART_EndTransmit_IT
                0x08009e74       0x54 ./Drivers/STM32L4xx_HAL_Driver/Src/stm32l4xx_hal_uart.o
 .text.HAL_RS485Ex_Init
                0x08009ec8       0xce ./Drivers/STM32L4xx_HAL_Driver/Src/stm32l4xx_hal_uart_ex.o
                0x08009ec8                HAL_RS485Ex_Init
 .text.HAL_UARTEx_WakeupCallback
                0x08009f96       0x14 ./Drivers/STM32L4xx_HAL_Driver/Src/stm32l4xx_hal_uart_ex.o
                0x08009f96                HAL_UARTEx_WakeupCallback
 *fill*         0x08009faa        0x2 
 .text.__NVIC_SetPriority
                0x08009fac       0x54 ./Middlewares/Third_Party/FreeRTOS/Source/CMSIS_RTOS_V2/cmsis_os2.o
 .text.SysTick_Handler
                0x0800a000       0x20 ./Middlewares/Third_Party/FreeRTOS/Source/CMSIS_RTOS_V2/cmsis_os2.o
                0x0800a000                SysTick_Handler
 .text.SVC_Setup
                0x0800a020       0x12 ./Middlewares/Third_Party/FreeRTOS/Source/CMSIS_RTOS_V2/cmsis_os2.o
 *fill*         0x0800a032        0x2 
 .text.osKernelInitialize
                0x0800a034       0x48 ./Middlewares/Third_Party/FreeRTOS/Source/CMSIS_RTOS_V2/cmsis_os2.o
                0x0800a034                osKernelInitialize
 .text.osKernelStart
                0x0800a07c       0x4c ./Middlewares/Third_Party/FreeRTOS/Source/CMSIS_RTOS_V2/cmsis_os2.o
                0x0800a07c                osKernelStart
 .text.osThreadNew
                0x0800a0c8      0x124 ./Middlewares/Third_Party/FreeRTOS/Source/CMSIS_RTOS_V2/cmsis_os2.o
                0x0800a0c8                osThreadNew
 .text.osDelay  0x0800a1ec       0x36 ./Middlewares/Third_Party/FreeRTOS/Source/CMSIS_RTOS_V2/cmsis_os2.o
                0x0800a1ec                osDelay
 *fill*         0x0800a222        0x2 
 .text.vApplicationGetIdleTaskMemory
                0x0800a224       0x34 ./Middlewares/Third_Party/FreeRTOS/Source/CMSIS_RTOS_V2/cmsis_os2.o
                0x0800a224                vApplicationGetIdleTaskMemory
 .text.vApplicationGetTimerTaskMemory
                0x0800a258       0x34 ./Middlewares/Third_Party/FreeRTOS/Source/CMSIS_RTOS_V2/cmsis_os2.o
                0x0800a258                vApplicationGetTimerTaskMemory
 .text.vListInitialise
                0x0800a28c       0x40 ./Middlewares/Third_Party/FreeRTOS/Source/list.o
                0x0800a28c                vListInitialise
 .text.vListInitialiseItem
                0x0800a2cc       0x1a ./Middlewares/Third_Party/FreeRTOS/Source/list.o
                0x0800a2cc                vListInitialiseItem
 .text.vListInsertEnd
                0x0800a2e6       0x48 ./Middlewares/Third_Party/FreeRTOS/Source/list.o
                0x0800a2e6                vListInsertEnd
 .text.vListInsert
                0x0800a32e       0x72 ./Middlewares/Third_Party/FreeRTOS/Source/list.o
                0x0800a32e                vListInsert
 .text.uxListRemove
                0x0800a3a0       0x54 ./Middlewares/Third_Party/FreeRTOS/Source/list.o
                0x0800a3a0                uxListRemove
 .text.xQueueGenericReset
                0x0800a3f4       0xd4 ./Middlewares/Third_Party/FreeRTOS/Source/queue.o
                0x0800a3f4                xQueueGenericReset
 .text.xQueueGenericCreateStatic
                0x0800a4c8       0xfa ./Middlewares/Third_Party/FreeRTOS/Source/queue.o
                0x0800a4c8                xQueueGenericCreateStatic
 .text.prvInitialiseNewQueue
                0x0800a5c2       0x46 ./Middlewares/Third_Party/FreeRTOS/Source/queue.o
 .text.xQueueGenericSend
                0x0800a608      0x204 ./Middlewares/Third_Party/FreeRTOS/Source/queue.o
                0x0800a608                xQueueGenericSend
 .text.xQueueGenericSendFromISR
                0x0800a80c      0x13c ./Middlewares/Third_Party/FreeRTOS/Source/queue.o
                0x0800a80c                xQueueGenericSendFromISR
 .text.xQueueReceive
                0x0800a948      0x1c4 ./Middlewares/Third_Party/FreeRTOS/Source/queue.o
                0x0800a948                xQueueReceive
 .text.prvCopyDataToQueue
                0x0800ab0c       0xd4 ./Middlewares/Third_Party/FreeRTOS/Source/queue.o
 .text.prvCopyDataFromQueue
                0x0800abe0       0x4c ./Middlewares/Third_Party/FreeRTOS/Source/queue.o
 .text.prvUnlockQueue
                0x0800ac2c       0xa4 ./Middlewares/Third_Party/FreeRTOS/Source/queue.o
 .text.prvIsQueueEmpty
                0x0800acd0       0x2c ./Middlewares/Third_Party/FreeRTOS/Source/queue.o
 .text.prvIsQueueFull
                0x0800acfc       0x30 ./Middlewares/Third_Party/FreeRTOS/Source/queue.o
 .text.vQueueAddToRegistry
                0x0800ad2c       0x54 ./Middlewares/Third_Party/FreeRTOS/Source/queue.o
                0x0800ad2c                vQueueAddToRegistry
 .text.vQueueWaitForMessageRestricted
                0x0800ad80       0x68 ./Middlewares/Third_Party/FreeRTOS/Source/queue.o
                0x0800ad80                vQueueWaitForMessageRestricted
 .text.xTaskCreateStatic
                0x0800ade8       0xc0 ./Middlewares/Third_Party/FreeRTOS/Source/tasks.o
                0x0800ade8                xTaskCreateStatic
 .text.xTaskCreate
                0x0800aea8       0x8a ./Middlewares/Third_Party/FreeRTOS/Source/tasks.o
                0x0800aea8                xTaskCreate
 .text.prvInitialiseNewTask
                0x0800af32      0x120 ./Middlewares/Third_Party/FreeRTOS/Source/tasks.o
 *fill*         0x0800b052        0x2 
 .text.prvAddNewTaskToReadyList
                0x0800b054       0xe0 ./Middlewares/Third_Party/FreeRTOS/Source/tasks.o
 .text.vTaskDelay
                0x0800b134       0x6c ./Middlewares/Third_Party/FreeRTOS/Source/tasks.o
                0x0800b134                vTaskDelay
 .text.vTaskStartScheduler
                0x0800b1a0       0xd0 ./Middlewares/Third_Party/FreeRTOS/Source/tasks.o
                0x0800b1a0                vTaskStartScheduler
 .text.vTaskSuspendAll
                0x0800b270       0x1c ./Middlewares/Third_Party/FreeRTOS/Source/tasks.o
                0x0800b270                vTaskSuspendAll
 .text.xTaskResumeAll
                0x0800b28c      0x13c ./Middlewares/Third_Party/FreeRTOS/Source/tasks.o
                0x0800b28c                xTaskResumeAll
 .text.xTaskGetTickCount
                0x0800b3c8       0x20 ./Middlewares/Third_Party/FreeRTOS/Source/tasks.o
                0x0800b3c8                xTaskGetTickCount
 .text.xTaskIncrementTick
                0x0800b3e8      0x174 ./Middlewares/Third_Party/FreeRTOS/Source/tasks.o
                0x0800b3e8                xTaskIncrementTick
 .text.vTaskSwitchContext
                0x0800b55c       0xbc ./Middlewares/Third_Party/FreeRTOS/Source/tasks.o
                0x0800b55c                vTaskSwitchContext
 .text.vTaskPlaceOnEventList
                0x0800b618       0x4c ./Middlewares/Third_Party/FreeRTOS/Source/tasks.o
                0x0800b618                vTaskPlaceOnEventList
 .text.vTaskPlaceOnEventListRestricted
                0x0800b664       0x58 ./Middlewares/Third_Party/FreeRTOS/Source/tasks.o
                0x0800b664                vTaskPlaceOnEventListRestricted
 .text.xTaskRemoveFromEventList
                0x0800b6bc       0xc8 ./Middlewares/Third_Party/FreeRTOS/Source/tasks.o
                0x0800b6bc                xTaskRemoveFromEventList
 .text.vTaskInternalSetTimeOutState
                0x0800b784       0x2c ./Middlewares/Third_Party/FreeRTOS/Source/tasks.o
                0x0800b784                vTaskInternalSetTimeOutState
 .text.xTaskCheckForTimeOut
                0x0800b7b0       0xc8 ./Middlewares/Third_Party/FreeRTOS/Source/tasks.o
                0x0800b7b0                xTaskCheckForTimeOut
 .text.vTaskMissedYield
                0x0800b878       0x18 ./Middlewares/Third_Party/FreeRTOS/Source/tasks.o
                0x0800b878                vTaskMissedYield
 .text.prvIdleTask
                0x0800b890       0x30 ./Middlewares/Third_Party/FreeRTOS/Source/tasks.o
 .text.prvInitialiseTaskLists
                0x0800b8c0       0x80 ./Middlewares/Third_Party/FreeRTOS/Source/tasks.o
 .text.prvCheckTasksWaitingTermination
                0x0800b940       0x5c ./Middlewares/Third_Party/FreeRTOS/Source/tasks.o
 .text.prvDeleteTCB
                0x0800b99c       0x60 ./Middlewares/Third_Party/FreeRTOS/Source/tasks.o
 .text.prvResetNextTaskUnblockTime
                0x0800b9fc       0x40 ./Middlewares/Third_Party/FreeRTOS/Source/tasks.o
 .text.xTaskGetSchedulerState
                0x0800ba3c       0x3c ./Middlewares/Third_Party/FreeRTOS/Source/tasks.o
                0x0800ba3c                xTaskGetSchedulerState
 .text.xTaskPriorityDisinherit
                0x0800ba78       0xe0 ./Middlewares/Third_Party/FreeRTOS/Source/tasks.o
                0x0800ba78                xTaskPriorityDisinherit
 .text.prvAddCurrentTaskToDelayedList
                0x0800bb58       0xa8 ./Middlewares/Third_Party/FreeRTOS/Source/tasks.o
 .text.xTimerCreateTimerTask
                0x0800bc00       0x94 ./Middlewares/Third_Party/FreeRTOS/Source/timers.o
                0x0800bc00                xTimerCreateTimerTask
 .text.xTimerGenericCommand
                0x0800bc94       0x9c ./Middlewares/Third_Party/FreeRTOS/Source/timers.o
                0x0800bc94                xTimerGenericCommand
 .text.prvProcessExpiredTimer
                0x0800bd30       0x9c ./Middlewares/Third_Party/FreeRTOS/Source/timers.o
 .text.prvTimerTask
                0x0800bdcc       0x26 ./Middlewares/Third_Party/FreeRTOS/Source/timers.o
 *fill*         0x0800bdf2        0x2 
 .text.prvProcessTimerOrBlockTask
                0x0800bdf4       0x9c ./Middlewares/Third_Party/FreeRTOS/Source/timers.o
 .text.prvGetNextExpireTime
                0x0800be90       0x48 ./Middlewares/Third_Party/FreeRTOS/Source/timers.o
 .text.prvSampleTimeNow
                0x0800bed8       0x40 ./Middlewares/Third_Party/FreeRTOS/Source/timers.o
 .text.prvInsertTimerInActiveList
                0x0800bf18       0x84 ./Middlewares/Third_Party/FreeRTOS/Source/timers.o
 .text.prvProcessReceivedCommands
                0x0800bf9c      0x1cc ./Middlewares/Third_Party/FreeRTOS/Source/timers.o
 .text.prvSwitchTimerLists
                0x0800c168       0xcc ./Middlewares/Third_Party/FreeRTOS/Source/timers.o
 .text.prvCheckForValidListAndQueue
                0x0800c234       0x80 ./Middlewares/Third_Party/FreeRTOS/Source/timers.o
 .text.pxPortInitialiseStack
                0x0800c2b4       0x68 ./Middlewares/Third_Party/FreeRTOS/Source/portable/GCC/ARM_CM4F/port.o
                0x0800c2b4                pxPortInitialiseStack
 .text.prvTaskExitError
                0x0800c31c       0x5c ./Middlewares/Third_Party/FreeRTOS/Source/portable/GCC/ARM_CM4F/port.o
 *fill*         0x0800c378        0x8 
 .text.SVC_Handler
                0x0800c380       0x28 ./Middlewares/Third_Party/FreeRTOS/Source/portable/GCC/ARM_CM4F/port.o
                0x0800c380                SVC_Handler
 .text.prvPortStartFirstTask
                0x0800c3a8       0x28 ./Middlewares/Third_Party/FreeRTOS/Source/portable/GCC/ARM_CM4F/port.o
 .text.xPortStartScheduler
                0x0800c3d0      0x148 ./Middlewares/Third_Party/FreeRTOS/Source/portable/GCC/ARM_CM4F/port.o
                0x0800c3d0                xPortStartScheduler
 .text.vPortEnterCritical
                0x0800c518       0x64 ./Middlewares/Third_Party/FreeRTOS/Source/portable/GCC/ARM_CM4F/port.o
                0x0800c518                vPortEnterCritical
 .text.vPortExitCritical
                0x0800c57c       0x54 ./Middlewares/Third_Party/FreeRTOS/Source/portable/GCC/ARM_CM4F/port.o
                0x0800c57c                vPortExitCritical
 .text.PendSV_Handler
                0x0800c5d0       0x68 ./Middlewares/Third_Party/FreeRTOS/Source/portable/GCC/ARM_CM4F/port.o
                0x0800c5d0                PendSV_Handler
 .text.xPortSysTickHandler
                0x0800c638       0x44 ./Middlewares/Third_Party/FreeRTOS/Source/portable/GCC/ARM_CM4F/port.o
                0x0800c638                xPortSysTickHandler
 .text.vPortSetupTimerInterrupt
                0x0800c67c       0x48 ./Middlewares/Third_Party/FreeRTOS/Source/portable/GCC/ARM_CM4F/port.o
                0x0800c67c                vPortSetupTimerInterrupt
 .text.vPortEnableVFP
                0x0800c6c4       0x14 ./Middlewares/Third_Party/FreeRTOS/Source/portable/GCC/ARM_CM4F/port.o
 .text.vPortValidateInterruptPriority
                0x0800c6d8       0x84 ./Middlewares/Third_Party/FreeRTOS/Source/portable/GCC/ARM_CM4F/port.o
                0x0800c6d8                vPortValidateInterruptPriority
 .text.pvPortMalloc
                0x0800c75c      0x19c ./Middlewares/Third_Party/FreeRTOS/Source/portable/MemMang/heap_4.o
                0x0800c75c                pvPortMalloc
 .text.vPortFree
                0x0800c8f8       0xc8 ./Middlewares/Third_Party/FreeRTOS/Source/portable/MemMang/heap_4.o
                0x0800c8f8                vPortFree
 .text.prvHeapInit
                0x0800c9c0       0xc4 ./Middlewares/Third_Party/FreeRTOS/Source/portable/MemMang/heap_4.o
 .text.prvInsertBlockIntoFreeList
                0x0800ca84       0xb4 ./Middlewares/Third_Party/FreeRTOS/Source/portable/MemMang/heap_4.o
 .text.snprintf
                0x0800cb38       0x6c C:/ST/STM32CubeIDE_1.18.0/STM32CubeIDE/plugins/com.st.stm32cube.ide.mcu.externaltools.gnu-tools-for-stm32.13.3.rel1.win32_1.0.0.202411081344/tools/bin/../lib/gcc/arm-none-eabi/13.3.1/../../../../arm-none-eabi/lib/thumb/v7e-m+fp/hard\libc_nano.a(libc_a-snprintf.o)
                0x0800cb38                sniprintf
                0x0800cb38                snprintf
 .text._vsnprintf_r
                0x0800cba4       0x5c C:/ST/STM32CubeIDE_1.18.0/STM32CubeIDE/plugins/com.st.stm32cube.ide.mcu.externaltools.gnu-tools-for-stm32.13.3.rel1.win32_1.0.0.202411081344/tools/bin/../lib/gcc/arm-none-eabi/13.3.1/../../../../arm-none-eabi/lib/thumb/v7e-m+fp/hard\libc_nano.a(libc_a-vsnprintf.o)
                0x0800cba4                _vsniprintf_r
                0x0800cba4                _vsnprintf_r
 .text.vsnprintf
                0x0800cc00       0x1c C:/ST/STM32CubeIDE_1.18.0/STM32CubeIDE/plugins/com.st.stm32cube.ide.mcu.externaltools.gnu-tools-for-stm32.13.3.rel1.win32_1.0.0.202411081344/tools/bin/../lib/gcc/arm-none-eabi/13.3.1/../../../../arm-none-eabi/lib/thumb/v7e-m+fp/hard\libc_nano.a(libc_a-vsnprintf.o)
                0x0800cc00                vsniprintf
                0x0800cc00                vsnprintf
 .text.memcmp   0x0800cc1c       0x20 C:/ST/STM32CubeIDE_1.18.0/STM32CubeIDE/plugins/com.st.stm32cube.ide.mcu.externaltools.gnu-tools-for-stm32.13.3.rel1.win32_1.0.0.202411081344/tools/bin/../lib/gcc/arm-none-eabi/13.3.1/../../../../arm-none-eabi/lib/thumb/v7e-m+fp/hard\libc_nano.a(libc_a-memcmp.o)
                0x0800cc1c                memcmp
 .text.memset   0x0800cc3c       0x10 C:/ST/STM32CubeIDE_1.18.0/STM32CubeIDE/plugins/com.st.stm32cube.ide.mcu.externaltools.gnu-tools-for-stm32.13.3.rel1.win32_1.0.0.202411081344/tools/bin/../lib/gcc/arm-none-eabi/13.3.1/../../../../arm-none-eabi/lib/thumb/v7e-m+fp/hard\libc_nano.a(libc_a-memset.o)
                0x0800cc3c                memset
 .text.strncpy  0x0800cc4c       0x26 C:/ST/STM32CubeIDE_1.18.0/STM32CubeIDE/plugins/com.st.stm32cube.ide.mcu.externaltools.gnu-tools-for-stm32.13.3.rel1.win32_1.0.0.202411081344/tools/bin/../lib/gcc/arm-none-eabi/13.3.1/../../../../arm-none-eabi/lib/thumb/v7e-m+fp/hard\libc_nano.a(libc_a-strncpy.o)
                0x0800cc4c                strncpy
 .text.strnlen  0x0800cc72       0x18 C:/ST/STM32CubeIDE_1.18.0/STM32CubeIDE/plugins/com.st.stm32cube.ide.mcu.externaltools.gnu-tools-for-stm32.13.3.rel1.win32_1.0.0.202411081344/tools/bin/../lib/gcc/arm-none-eabi/13.3.1/../../../../arm-none-eabi/lib/thumb/v7e-m+fp/hard\libc_nano.a(libc_a-strnlen.o)
                0x0800cc72                strnlen
 *fill*         0x0800cc8a        0x2 
 .text.__errno  0x0800cc8c        0xc C:/ST/STM32CubeIDE_1.18.0/STM32CubeIDE/plugins/com.st.stm32cube.ide.mcu.externaltools.gnu-tools-for-stm32.13.3.rel1.win32_1.0.0.202411081344/tools/bin/../lib/gcc/arm-none-eabi/13.3.1/../../../../arm-none-eabi/lib/thumb/v7e-m+fp/hard\libc_nano.a(libc_a-errno.o)
                0x0800cc8c                __errno
 .text.__libc_init_array
                0x0800cc98       0x48 C:/ST/STM32CubeIDE_1.18.0/STM32CubeIDE/plugins/com.st.stm32cube.ide.mcu.externaltools.gnu-tools-for-stm32.13.3.rel1.win32_1.0.0.202411081344/tools/bin/../lib/gcc/arm-none-eabi/13.3.1/../../../../arm-none-eabi/lib/thumb/v7e-m+fp/hard\libc_nano.a(libc_a-init.o)
                0x0800cc98                __libc_init_array
 .text.__retarget_lock_acquire_recursive
                0x0800cce0        0x2 C:/ST/STM32CubeIDE_1.18.0/STM32CubeIDE/plugins/com.st.stm32cube.ide.mcu.externaltools.gnu-tools-for-stm32.13.3.rel1.win32_1.0.0.202411081344/tools/bin/../lib/gcc/arm-none-eabi/13.3.1/../../../../arm-none-eabi/lib/thumb/v7e-m+fp/hard\libc_nano.a(libc_a-lock.o)
                0x0800cce0                __retarget_lock_acquire_recursive
 .text.__retarget_lock_release_recursive
                0x0800cce2        0x2 C:/ST/STM32CubeIDE_1.18.0/STM32CubeIDE/plugins/com.st.stm32cube.ide.mcu.externaltools.gnu-tools-for-stm32.13.3.rel1.win32_1.0.0.202411081344/tools/bin/../lib/gcc/arm-none-eabi/13.3.1/../../../../arm-none-eabi/lib/thumb/v7e-m+fp/hard\libc_nano.a(libc_a-lock.o)
                0x0800cce2                __retarget_lock_release_recursive
 .text.memcpy   0x0800cce4       0x1c C:/ST/STM32CubeIDE_1.18.0/STM32CubeIDE/plugins/com.st.stm32cube.ide.mcu.externaltools.gnu-tools-for-stm32.13.3.rel1.win32_1.0.0.202411081344/tools/bin/../lib/gcc/arm-none-eabi/13.3.1/../../../../arm-none-eabi/lib/thumb/v7e-m+fp/hard\libc_nano.a(libc_a-memcpy-stub.o)
                0x0800cce4                memcpy
 .text._free_r  0x0800cd00       0x94 C:/ST/STM32CubeIDE_1.18.0/STM32CubeIDE/plugins/com.st.stm32cube.ide.mcu.externaltools.gnu-tools-for-stm32.13.3.rel1.win32_1.0.0.202411081344/tools/bin/../lib/gcc/arm-none-eabi/13.3.1/../../../../arm-none-eabi/lib/thumb/v7e-m+fp/hard\libc_nano.a(libc_a-freer.o)
                0x0800cd00                _free_r
 .text.sbrk_aligned
                0x0800cd94       0x44 C:/ST/STM32CubeIDE_1.18.0/STM32CubeIDE/plugins/com.st.stm32cube.ide.mcu.externaltools.gnu-tools-for-stm32.13.3.rel1.win32_1.0.0.202411081344/tools/bin/../lib/gcc/arm-none-eabi/13.3.1/../../../../arm-none-eabi/lib/thumb/v7e-m+fp/hard\libc_nano.a(libc_a-mallocr.o)
 .text._malloc_r
                0x0800cdd8      0x100 C:/ST/STM32CubeIDE_1.18.0/STM32CubeIDE/plugins/com.st.stm32cube.ide.mcu.externaltools.gnu-tools-for-stm32.13.3.rel1.win32_1.0.0.202411081344/tools/bin/../lib/gcc/arm-none-eabi/13.3.1/../../../../arm-none-eabi/lib/thumb/v7e-m+fp/hard\libc_nano.a(libc_a-mallocr.o)
                0x0800cdd8                _malloc_r
 .text.__malloc_lock
                0x0800ced8        0xc C:/ST/STM32CubeIDE_1.18.0/STM32CubeIDE/plugins/com.st.stm32cube.ide.mcu.externaltools.gnu-tools-for-stm32.13.3.rel1.win32_1.0.0.202411081344/tools/bin/../lib/gcc/arm-none-eabi/13.3.1/../../../../arm-none-eabi/lib/thumb/v7e-m+fp/hard\libc_nano.a(libc_a-mlock.o)
                0x0800ced8                __malloc_lock
 .text.__malloc_unlock
                0x0800cee4        0xc C:/ST/STM32CubeIDE_1.18.0/STM32CubeIDE/plugins/com.st.stm32cube.ide.mcu.externaltools.gnu-tools-for-stm32.13.3.rel1.win32_1.0.0.202411081344/tools/bin/../lib/gcc/arm-none-eabi/13.3.1/../../../../arm-none-eabi/lib/thumb/v7e-m+fp/hard\libc_nano.a(libc_a-mlock.o)
                0x0800cee4                __malloc_unlock
 .text.__ssputs_r
                0x0800cef0       0xb6 C:/ST/STM32CubeIDE_1.18.0/STM32CubeIDE/plugins/com.st.stm32cube.ide.mcu.externaltools.gnu-tools-for-stm32.13.3.rel1.win32_1.0.0.202411081344/tools/bin/../lib/gcc/arm-none-eabi/13.3.1/../../../../arm-none-eabi/lib/thumb/v7e-m+fp/hard\libc_nano.a(libc_a-nano-svfprintf.o)
                0x0800cef0                __ssputs_r
 *fill*         0x0800cfa6        0x2 
 .text._svfprintf_r
                0x0800cfa8      0x1f8 C:/ST/STM32CubeIDE_1.18.0/STM32CubeIDE/plugins/com.st.stm32cube.ide.mcu.externaltools.gnu-tools-for-stm32.13.3.rel1.win32_1.0.0.202411081344/tools/bin/../lib/gcc/arm-none-eabi/13.3.1/../../../../arm-none-eabi/lib/thumb/v7e-m+fp/hard\libc_nano.a(libc_a-nano-svfprintf.o)
                0x0800cfa8                _svfiprintf_r
                0x0800cfa8                _svfprintf_r
 .text._printf_common
                0x0800d1a0       0xda C:/ST/STM32CubeIDE_1.18.0/STM32CubeIDE/plugins/com.st.stm32cube.ide.mcu.externaltools.gnu-tools-for-stm32.13.3.rel1.win32_1.0.0.202411081344/tools/bin/../lib/gcc/arm-none-eabi/13.3.1/../../../../arm-none-eabi/lib/thumb/v7e-m+fp/hard\libc_nano.a(libc_a-nano-vfprintf_i.o)
                0x0800d1a0                _printf_common
 *fill*         0x0800d27a        0x2 
 .text._printf_i
                0x0800d27c      0x23c C:/ST/STM32CubeIDE_1.18.0/STM32CubeIDE/plugins/com.st.stm32cube.ide.mcu.externaltools.gnu-tools-for-stm32.13.3.rel1.win32_1.0.0.202411081344/tools/bin/../lib/gcc/arm-none-eabi/13.3.1/../../../../arm-none-eabi/lib/thumb/v7e-m+fp/hard\libc_nano.a(libc_a-nano-vfprintf_i.o)
                0x0800d27c                _printf_i
 .text.memmove  0x0800d4b8       0x34 C:/ST/STM32CubeIDE_1.18.0/STM32CubeIDE/plugins/com.st.stm32cube.ide.mcu.externaltools.gnu-tools-for-stm32.13.3.rel1.win32_1.0.0.202411081344/tools/bin/../lib/gcc/arm-none-eabi/13.3.1/../../../../arm-none-eabi/lib/thumb/v7e-m+fp/hard\libc_nano.a(libc_a-memmove.o)
                0x0800d4b8                memmove
 .text._sbrk_r  0x0800d4ec       0x20 C:/ST/STM32CubeIDE_1.18.0/STM32CubeIDE/plugins/com.st.stm32cube.ide.mcu.externaltools.gnu-tools-for-stm32.13.3.rel1.win32_1.0.0.202411081344/tools/bin/../lib/gcc/arm-none-eabi/13.3.1/../../../../arm-none-eabi/lib/thumb/v7e-m+fp/hard\libc_nano.a(libc_a-sbrkr.o)
                0x0800d4ec                _sbrk_r
 .text._realloc_r
                0x0800d50c       0x5c C:/ST/STM32CubeIDE_1.18.0/STM32CubeIDE/plugins/com.st.stm32cube.ide.mcu.externaltools.gnu-tools-for-stm32.13.3.rel1.win32_1.0.0.202411081344/tools/bin/../lib/gcc/arm-none-eabi/13.3.1/../../../../arm-none-eabi/lib/thumb/v7e-m+fp/hard\libc_nano.a(libc_a-reallocr.o)
                0x0800d50c                _realloc_r
 .text._malloc_usable_size_r
                0x0800d568       0x10 C:/ST/STM32CubeIDE_1.18.0/STM32CubeIDE/plugins/com.st.stm32cube.ide.mcu.externaltools.gnu-tools-for-stm32.13.3.rel1.win32_1.0.0.202411081344/tools/bin/../lib/gcc/arm-none-eabi/13.3.1/../../../../arm-none-eabi/lib/thumb/v7e-m+fp/hard\libc_nano.a(libc_a-msizer.o)
                0x0800d568                _malloc_usable_size_r
 *(.glue_7)
 .glue_7        0x0800d578        0x0 linker stubs
 *(.glue_7t)
 .glue_7t       0x0800d578        0x0 linker stubs
 *(.eh_frame)
 .eh_frame      0x0800d578        0x0 C:/ST/STM32CubeIDE_1.18.0/STM32CubeIDE/plugins/com.st.stm32cube.ide.mcu.externaltools.gnu-tools-for-stm32.13.3.rel1.win32_1.0.0.202411081344/tools/bin/../lib/gcc/arm-none-eabi/13.3.1/thumb/v7e-m+fp/hard/crtbegin.o
 *(.init)
 .init          0x0800d578        0x4 C:/ST/STM32CubeIDE_1.18.0/STM32CubeIDE/plugins/com.st.stm32cube.ide.mcu.externaltools.gnu-tools-for-stm32.13.3.rel1.win32_1.0.0.202411081344/tools/bin/../lib/gcc/arm-none-eabi/13.3.1/thumb/v7e-m+fp/hard/crti.o
                0x0800d578                _init
 .init          0x0800d57c        0x8 C:/ST/STM32CubeIDE_1.18.0/STM32CubeIDE/plugins/com.st.stm32cube.ide.mcu.externaltools.gnu-tools-for-stm32.13.3.rel1.win32_1.0.0.202411081344/tools/bin/../lib/gcc/arm-none-eabi/13.3.1/thumb/v7e-m+fp/hard/crtn.o
 *(.fini)
 .fini          0x0800d584        0x4 C:/ST/STM32CubeIDE_1.18.0/STM32CubeIDE/plugins/com.st.stm32cube.ide.mcu.externaltools.gnu-tools-for-stm32.13.3.rel1.win32_1.0.0.202411081344/tools/bin/../lib/gcc/arm-none-eabi/13.3.1/thumb/v7e-m+fp/hard/crti.o
                0x0800d584                _fini
 .fini          0x0800d588        0x8 C:/ST/STM32CubeIDE_1.18.0/STM32CubeIDE/plugins/com.st.stm32cube.ide.mcu.externaltools.gnu-tools-for-stm32.13.3.rel1.win32_1.0.0.202411081344/tools/bin/../lib/gcc/arm-none-eabi/13.3.1/thumb/v7e-m+fp/hard/crtn.o
                0x0800d590                        . = ALIGN (0x4)
                0x0800d590                        _etext = .

.vfp11_veneer   0x0800d590        0x0
 .vfp11_veneer  0x0800d590        0x0 linker stubs

.v4_bx          0x0800d590        0x0
 .v4_bx         0x0800d590        0x0 linker stubs

.iplt           0x0800d590        0x0
 .iplt          0x0800d590        0x0 C:/ST/STM32CubeIDE_1.18.0/STM32CubeIDE/plugins/com.st.stm32cube.ide.mcu.externaltools.gnu-tools-for-stm32.13.3.rel1.win32_1.0.0.202411081344/tools/bin/../lib/gcc/arm-none-eabi/13.3.1/thumb/v7e-m+fp/hard/crtbegin.o

.rodata         0x0800d590      0x3bc
                0x0800d590                        . = ALIGN (0x4)
 *(.rodata)
 .rodata        0x0800d590       0x99 ./Core/Src/app/Log.o
 *fill*         0x0800d629        0x3 
 .rodata        0x0800d62c       0x21 ./Core/Src/app/eeprom.o
 *fill*         0x0800d64d        0x3 
 .rodata        0x0800d650       0x9b ./Core/Src/app/fault.o
 *fill*         0x0800d6eb        0x1 
 .rodata        0x0800d6ec      0x13c ./Core/Src/main.o
 .rodata        0x0800d828        0x5 ./Middlewares/Third_Party/FreeRTOS/Source/tasks.o
 *fill*         0x0800d82d        0x3 
 .rodata        0x0800d830        0xd ./Middlewares/Third_Party/FreeRTOS/Source/timers.o
 *(.rodata*)
 *fill*         0x0800d83d        0x3 
 .rodata.NormalTask_attributes
                0x0800d840       0x24 ./Core/Src/main.o
                0x0800d840                NormalTask_attributes
 .rodata.FaultTask02_attributes
                0x0800d864       0x24 ./Core/Src/main.o
                0x0800d864                FaultTask02_attributes
 .rodata.SSPmasterTask03_attributes
                0x0800d888       0x24 ./Core/Src/main.o
                0x0800d888                SSPmasterTask03_attributes
 .rodata.SyncTask04_attributes
                0x0800d8ac       0x24 ./Core/Src/main.o
                0x0800d8ac                SyncTask04_attributes
 .rodata.AHBPrescTable
                0x0800d8d0       0x10 ./Core/Src/system_stm32l4xx.o
                0x0800d8d0                AHBPrescTable
 .rodata.APBPrescTable
                0x0800d8e0        0x8 ./Core/Src/system_stm32l4xx.o
                0x0800d8e0                APBPrescTable
 .rodata.MSIRangeTable
                0x0800d8e8       0x30 ./Core/Src/system_stm32l4xx.o
                0x0800d8e8                MSIRangeTable
 .rodata._svfprintf_r.str1.1
                0x0800d918       0x33 C:/ST/STM32CubeIDE_1.18.0/STM32CubeIDE/plugins/com.st.stm32cube.ide.mcu.externaltools.gnu-tools-for-stm32.13.3.rel1.win32_1.0.0.202411081344/tools/bin/../lib/gcc/arm-none-eabi/13.3.1/../../../../arm-none-eabi/lib/thumb/v7e-m+fp/hard\libc_nano.a(libc_a-nano-svfprintf.o)
                                 0x11 (size before relaxing)
 .rodata._printf_i.str1.1
                0x0800d94b       0x22 C:/ST/STM32CubeIDE_1.18.0/STM32CubeIDE/plugins/com.st.stm32cube.ide.mcu.externaltools.gnu-tools-for-stm32.13.3.rel1.win32_1.0.0.202411081344/tools/bin/../lib/gcc/arm-none-eabi/13.3.1/../../../../arm-none-eabi/lib/thumb/v7e-m+fp/hard\libc_nano.a(libc_a-nano-vfprintf_i.o)
                0x0800d970                        . = ALIGN (0x4)
 *fill*         0x0800d94b        0x1 

.ARM.extab      0x0800d94c        0x0
                0x0800d94c                        . = ALIGN (0x4)
 *(.ARM.extab* .gnu.linkonce.armextab.*)
                0x0800d94c                        . = ALIGN (0x4)

.ARM            0x0800d94c        0x8
                0x0800d94c                        . = ALIGN (0x4)
                0x0800d94c                        __exidx_start = .
 *(.ARM.exidx*)
 .ARM.exidx     0x0800d94c        0x8 C:/ST/STM32CubeIDE_1.18.0/STM32CubeIDE/plugins/com.st.stm32cube.ide.mcu.externaltools.gnu-tools-for-stm32.13.3.rel1.win32_1.0.0.202411081344/tools/bin/../lib/gcc/arm-none-eabi/13.3.1/../../../../arm-none-eabi/lib/thumb/v7e-m+fp/hard\libc_nano.a(libc_a-strlen.o)
 .ARM.exidx     0x0800d954        0x0 C:/ST/STM32CubeIDE_1.18.0/STM32CubeIDE/plugins/com.st.stm32cube.ide.mcu.externaltools.gnu-tools-for-stm32.13.3.rel1.win32_1.0.0.202411081344/tools/bin/../lib/gcc/arm-none-eabi/13.3.1/../../../../arm-none-eabi/lib/thumb/v7e-m+fp/hard\libc_nano.a(libc_a-memchr.o)
                                  0x8 (size before relaxing)
 .ARM.exidx     0x0800d954        0x0 C:/ST/STM32CubeIDE_1.18.0/STM32CubeIDE/plugins/com.st.stm32cube.ide.mcu.externaltools.gnu-tools-for-stm32.13.3.rel1.win32_1.0.0.202411081344/tools/bin/../lib/gcc/arm-none-eabi/13.3.1/thumb/v7e-m+fp/hard\libgcc.a(_udivmoddi4.o)
                                  0x8 (size before relaxing)
                0x0800d954                        __exidx_end = .
                0x0800d954                        . = ALIGN (0x4)

.preinit_array  0x0800d954        0x0
                0x0800d954                        . = ALIGN (0x4)
                0x0800d954                        PROVIDE (__preinit_array_start = .)
 *(.preinit_array*)
                0x0800d954                        PROVIDE (__preinit_array_end = .)
                0x0800d954                        . = ALIGN (0x4)

.init_array     0x0800d954        0x4
                0x0800d954                        . = ALIGN (0x4)
                0x0800d954                        PROVIDE (__init_array_start = .)
 *(SORT_BY_NAME(.init_array.*))
 *(.init_array*)
 .init_array    0x0800d954        0x4 C:/ST/STM32CubeIDE_1.18.0/STM32CubeIDE/plugins/com.st.stm32cube.ide.mcu.externaltools.gnu-tools-for-stm32.13.3.rel1.win32_1.0.0.202411081344/tools/bin/../lib/gcc/arm-none-eabi/13.3.1/thumb/v7e-m+fp/hard/crtbegin.o
                0x0800d958                        PROVIDE (__init_array_end = .)
                0x0800d958                        . = ALIGN (0x4)

.fini_array     0x0800d958        0x4
                0x0800d958                        . = ALIGN (0x4)
                [!provide]                        PROVIDE (__fini_array_start = .)
 *(SORT_BY_NAME(.fini_array.*))
 *(.fini_array*)
 .fini_array    0x0800d958        0x4 C:/ST/STM32CubeIDE_1.18.0/STM32CubeIDE/plugins/com.st.stm32cube.ide.mcu.externaltools.gnu-tools-for-stm32.13.3.rel1.win32_1.0.0.202411081344/tools/bin/../lib/gcc/arm-none-eabi/13.3.1/thumb/v7e-m+fp/hard/crtbegin.o
                [!provide]                        PROVIDE (__fini_array_end = .)
                0x0800d95c                        . = ALIGN (0x4)
                0x0800d95c                        _sidata = LOADADDR (.data)

.rel.dyn        0x0800d95c        0x0
 .rel.iplt      0x0800d95c        0x0 C:/ST/STM32CubeIDE_1.18.0/STM32CubeIDE/plugins/com.st.stm32cube.ide.mcu.externaltools.gnu-tools-for-stm32.13.3.rel1.win32_1.0.0.202411081344/tools/bin/../lib/gcc/arm-none-eabi/13.3.1/thumb/v7e-m+fp/hard/crtbegin.o

.data           0x20000000      0x218 load address 0x0800d95c
                0x20000000                        . = ALIGN (0x4)
                0x20000000                        _sdata = .
 *(.data)
 *(.data*)
 .data.log_prefixes
                0x20000000       0x18 ./Core/Src/app/Log.o
 .data.current_log_level
                0x20000018        0x1 ./Core/Src/app/Log.o
 *fill*         0x20000019        0x3 
 .data.fault_config
                0x2000001c      0x138 ./Core/Src/app/fault.o
 .data.Parameters
                0x20000154       0x64 ./Core/Src/app/telemetry.o
 .data.SystemCoreClock
                0x200001b8        0x4 ./Core/Src/system_stm32l4xx.o
                0x200001b8                SystemCoreClock
 .data.uwTickPrio
                0x200001bc        0x4 ./Drivers/STM32L4xx_HAL_Driver/Src/stm32l4xx_hal.o
                0x200001bc                uwTickPrio
 .data.uwTickFreq
                0x200001c0        0x1 ./Drivers/STM32L4xx_HAL_Driver/Src/stm32l4xx_hal.o
                0x200001c0                uwTickFreq
 *fill*         0x200001c1        0x3 
 .data.uxCriticalNesting
                0x200001c4        0x4 ./Middlewares/Third_Party/FreeRTOS/Source/portable/GCC/ARM_CM4F/port.o
 .data._impure_ptr
                0x200001c8        0x4 C:/ST/STM32CubeIDE_1.18.0/STM32CubeIDE/plugins/com.st.stm32cube.ide.mcu.externaltools.gnu-tools-for-stm32.13.3.rel1.win32_1.0.0.202411081344/tools/bin/../lib/gcc/arm-none-eabi/13.3.1/../../../../arm-none-eabi/lib/thumb/v7e-m+fp/hard\libc_nano.a(libc_a-impure.o)
                0x200001c8                _impure_ptr
 .data._impure_data
                0x200001cc       0x4c C:/ST/STM32CubeIDE_1.18.0/STM32CubeIDE/plugins/com.st.stm32cube.ide.mcu.externaltools.gnu-tools-for-stm32.13.3.rel1.win32_1.0.0.202411081344/tools/bin/../lib/gcc/arm-none-eabi/13.3.1/../../../../arm-none-eabi/lib/thumb/v7e-m+fp/hard\libc_nano.a(libc_a-impure.o)
                0x200001cc                _impure_data
 *(.RamFunc)
 *(.RamFunc*)
                0x20000218                        . = ALIGN (0x4)
                0x20000218                        _edata = .

.igot.plt       0x20000218        0x0 load address 0x0800db74
 .igot.plt      0x20000218        0x0 C:/ST/STM32CubeIDE_1.18.0/STM32CubeIDE/plugins/com.st.stm32cube.ide.mcu.externaltools.gnu-tools-for-stm32.13.3.rel1.win32_1.0.0.202411081344/tools/bin/../lib/gcc/arm-none-eabi/13.3.1/thumb/v7e-m+fp/hard/crtbegin.o
                0x20000218                        . = ALIGN (0x4)

.bss            0x20000218     0x3ec4 load address 0x0800db74
                0x20000218                        _sbss = .
                0x20000218                        __bss_start__ = _sbss
 *(.bss)
 .bss           0x20000218       0x1c C:/ST/STM32CubeIDE_1.18.0/STM32CubeIDE/plugins/com.st.stm32cube.ide.mcu.externaltools.gnu-tools-for-stm32.13.3.rel1.win32_1.0.0.202411081344/tools/bin/../lib/gcc/arm-none-eabi/13.3.1/thumb/v7e-m+fp/hard/crtbegin.o
 *(.bss*)
 .bss.fault_states
                0x20000234       0x68 ./Core/Src/app/fault.o
 .bss.fault_log_index
                0x2000029c        0x1 ./Core/Src/app/fault.o
 *fill*         0x2000029d        0x3 
 .bss.ssp_uart1
                0x200002a0        0x4 ./Core/Src/app/ssp.o
 .bss.ssp_uart2
                0x200002a4        0x4 ./Core/Src/app/ssp.o
 .bss.rx_buffer1
                0x200002a8      0x100 ./Core/Src/app/ssp.o
 .bss.rx_buffer2
                0x200003a8      0x100 ./Core/Src/app/ssp.o
 .bss.framing_errors
                0x200004a8        0x4 ./Core/Src/app/ssp.o
 *fill*         0x200004ac        0x4 
 .bss.sync_counter
                0x200004b0       0x10 ./Core/Src/app/sync_counter.o
 .bss.TelemetryData
                0x200004c0        0xc ./Core/Src/app/telemetry.o
 .bss.adc_ready
                0x200004cc        0x1 ./Core/Src/main.o
                0x200004cc                adc_ready
 *fill*         0x200004cd        0x3 
 .bss.hadc1     0x200004d0       0x68 ./Core/Src/main.o
                0x200004d0                hadc1
 .bss.hi2c2     0x20000538       0x54 ./Core/Src/main.o
                0x20000538                hi2c2
 .bss.hdma_i2c2_rx
                0x2000058c       0x48 ./Core/Src/main.o
                0x2000058c                hdma_i2c2_rx
 .bss.hdma_i2c2_tx
                0x200005d4       0x48 ./Core/Src/main.o
                0x200005d4                hdma_i2c2_tx
 .bss.hspi1     0x2000061c       0x64 ./Core/Src/main.o
                0x2000061c                hspi1
 .bss.hspi3     0x20000680       0x64 ./Core/Src/main.o
                0x20000680                hspi3
 .bss.htim1     0x200006e4       0x4c ./Core/Src/main.o
                0x200006e4                htim1
 .bss.htim2     0x20000730       0x4c ./Core/Src/main.o
                0x20000730                htim2
 .bss.htim3     0x2000077c       0x4c ./Core/Src/main.o
                0x2000077c                htim3
 .bss.htim4     0x200007c8       0x4c ./Core/Src/main.o
                0x200007c8                htim4
 .bss.huart1    0x20000814       0x88 ./Core/Src/main.o
                0x20000814                huart1
 .bss.huart2    0x2000089c       0x88 ./Core/Src/main.o
                0x2000089c                huart2
 .bss.huart3    0x20000924       0x88 ./Core/Src/main.o
                0x20000924                huart3
 .bss.hdma_usart2_tx
                0x200009ac       0x48 ./Core/Src/main.o
                0x200009ac                hdma_usart2_tx
 .bss.hdma_usart2_rx
                0x200009f4       0x48 ./Core/Src/main.o
                0x200009f4                hdma_usart2_rx
 .bss.hdma_usart3_tx
                0x20000a3c       0x48 ./Core/Src/main.o
                0x20000a3c                hdma_usart3_tx
 .bss.hdma_usart3_rx
                0x20000a84       0x48 ./Core/Src/main.o
                0x20000a84                hdma_usart3_rx
 .bss.sync_pulse_triggered
                0x20000acc        0x1 ./Core/Src/main.o
                0x20000acc                sync_pulse_triggered
 *fill*         0x20000acd        0x3 
 .bss.NormalTaskHandle
                0x20000ad0        0x4 ./Core/Src/main.o
                0x20000ad0                NormalTaskHandle
 .bss.FaultTask02Handle
                0x20000ad4        0x4 ./Core/Src/main.o
                0x20000ad4                FaultTask02Handle
 .bss.SSPmasterTask03Handle
                0x20000ad8        0x4 ./Core/Src/main.o
                0x20000ad8                SSPmasterTask03Handle
 .bss.SyncTask04Handle
                0x20000adc        0x4 ./Core/Src/main.o
                0x20000adc                SyncTask04Handle
 .bss.htim6     0x20000ae0       0x4c ./Core/Src/stm32l4xx_hal_timebase_tim.o
                0x20000ae0                htim6
 .bss.__sbrk_heap_end
                0x20000b2c        0x4 ./Core/Src/sysmem.o
 .bss.uwTick    0x20000b30        0x4 ./Drivers/STM32L4xx_HAL_Driver/Src/stm32l4xx_hal.o
                0x20000b30                uwTick
 .bss.KernelState
                0x20000b34        0x4 ./Middlewares/Third_Party/FreeRTOS/Source/CMSIS_RTOS_V2/cmsis_os2.o
 .bss.Idle_TCB.3
                0x20000b38       0x5c ./Middlewares/Third_Party/FreeRTOS/Source/CMSIS_RTOS_V2/cmsis_os2.o
 .bss.Idle_Stack.2
                0x20000b94      0x200 ./Middlewares/Third_Party/FreeRTOS/Source/CMSIS_RTOS_V2/cmsis_os2.o
 .bss.Timer_TCB.1
                0x20000d94       0x5c ./Middlewares/Third_Party/FreeRTOS/Source/CMSIS_RTOS_V2/cmsis_os2.o
 .bss.Timer_Stack.0
                0x20000df0      0x400 ./Middlewares/Third_Party/FreeRTOS/Source/CMSIS_RTOS_V2/cmsis_os2.o
 .bss.xQueueRegistry
                0x200011f0       0x40 ./Middlewares/Third_Party/FreeRTOS/Source/queue.o
                0x200011f0                xQueueRegistry
 .bss.pxCurrentTCB
                0x20001230        0x4 ./Middlewares/Third_Party/FreeRTOS/Source/tasks.o
                0x20001230                pxCurrentTCB
 .bss.pxReadyTasksLists
                0x20001234      0x460 ./Middlewares/Third_Party/FreeRTOS/Source/tasks.o
 .bss.xDelayedTaskList1
                0x20001694       0x14 ./Middlewares/Third_Party/FreeRTOS/Source/tasks.o
 .bss.xDelayedTaskList2
                0x200016a8       0x14 ./Middlewares/Third_Party/FreeRTOS/Source/tasks.o
 .bss.pxDelayedTaskList
                0x200016bc        0x4 ./Middlewares/Third_Party/FreeRTOS/Source/tasks.o
 .bss.pxOverflowDelayedTaskList
                0x200016c0        0x4 ./Middlewares/Third_Party/FreeRTOS/Source/tasks.o
 .bss.xPendingReadyList
                0x200016c4       0x14 ./Middlewares/Third_Party/FreeRTOS/Source/tasks.o
 .bss.xTasksWaitingTermination
                0x200016d8       0x14 ./Middlewares/Third_Party/FreeRTOS/Source/tasks.o
 .bss.uxDeletedTasksWaitingCleanUp
                0x200016ec        0x4 ./Middlewares/Third_Party/FreeRTOS/Source/tasks.o
 .bss.xSuspendedTaskList
                0x200016f0       0x14 ./Middlewares/Third_Party/FreeRTOS/Source/tasks.o
 .bss.uxCurrentNumberOfTasks
                0x20001704        0x4 ./Middlewares/Third_Party/FreeRTOS/Source/tasks.o
 .bss.xTickCount
                0x20001708        0x4 ./Middlewares/Third_Party/FreeRTOS/Source/tasks.o
 .bss.uxTopReadyPriority
                0x2000170c        0x4 ./Middlewares/Third_Party/FreeRTOS/Source/tasks.o
 .bss.xSchedulerRunning
                0x20001710        0x4 ./Middlewares/Third_Party/FreeRTOS/Source/tasks.o
 .bss.xPendedTicks
                0x20001714        0x4 ./Middlewares/Third_Party/FreeRTOS/Source/tasks.o
 .bss.xYieldPending
                0x20001718        0x4 ./Middlewares/Third_Party/FreeRTOS/Source/tasks.o
 .bss.xNumOfOverflows
                0x2000171c        0x4 ./Middlewares/Third_Party/FreeRTOS/Source/tasks.o
 .bss.uxTaskNumber
                0x20001720        0x4 ./Middlewares/Third_Party/FreeRTOS/Source/tasks.o
 .bss.xNextTaskUnblockTime
                0x20001724        0x4 ./Middlewares/Third_Party/FreeRTOS/Source/tasks.o
 .bss.xIdleTaskHandle
                0x20001728        0x4 ./Middlewares/Third_Party/FreeRTOS/Source/tasks.o
 .bss.uxSchedulerSuspended
                0x2000172c        0x4 ./Middlewares/Third_Party/FreeRTOS/Source/tasks.o
 .bss.xActiveTimerList1
                0x20001730       0x14 ./Middlewares/Third_Party/FreeRTOS/Source/timers.o
 .bss.xActiveTimerList2
                0x20001744       0x14 ./Middlewares/Third_Party/FreeRTOS/Source/timers.o
 .bss.pxCurrentTimerList
                0x20001758        0x4 ./Middlewares/Third_Party/FreeRTOS/Source/timers.o
 .bss.pxOverflowTimerList
                0x2000175c        0x4 ./Middlewares/Third_Party/FreeRTOS/Source/timers.o
 .bss.xTimerQueue
                0x20001760        0x4 ./Middlewares/Third_Party/FreeRTOS/Source/timers.o
 .bss.xTimerTaskHandle
                0x20001764        0x4 ./Middlewares/Third_Party/FreeRTOS/Source/timers.o
 .bss.xLastTime.2
                0x20001768        0x4 ./Middlewares/Third_Party/FreeRTOS/Source/timers.o
 .bss.ucStaticTimerQueueStorage.1
                0x2000176c       0xa0 ./Middlewares/Third_Party/FreeRTOS/Source/timers.o
 .bss.xStaticTimerQueue.0
                0x2000180c       0x50 ./Middlewares/Third_Party/FreeRTOS/Source/timers.o
 .bss.ucMaxSysCallPriority
                0x2000185c        0x1 ./Middlewares/Third_Party/FreeRTOS/Source/portable/GCC/ARM_CM4F/port.o
 *fill*         0x2000185d        0x3 
 .bss.ulMaxPRIGROUPValue
                0x20001860        0x4 ./Middlewares/Third_Party/FreeRTOS/Source/portable/GCC/ARM_CM4F/port.o
 .bss.ucHeap    0x20001864     0x2710 ./Middlewares/Third_Party/FreeRTOS/Source/portable/MemMang/heap_4.o
 .bss.xStart    0x20003f74        0x8 ./Middlewares/Third_Party/FreeRTOS/Source/portable/MemMang/heap_4.o
 .bss.pxEnd     0x20003f7c        0x4 ./Middlewares/Third_Party/FreeRTOS/Source/portable/MemMang/heap_4.o
 .bss.xFreeBytesRemaining
                0x20003f80        0x4 ./Middlewares/Third_Party/FreeRTOS/Source/portable/MemMang/heap_4.o
 .bss.xMinimumEverFreeBytesRemaining
                0x20003f84        0x4 ./Middlewares/Third_Party/FreeRTOS/Source/portable/MemMang/heap_4.o
 .bss.xNumberOfSuccessfulAllocations
                0x20003f88        0x4 ./Middlewares/Third_Party/FreeRTOS/Source/portable/MemMang/heap_4.o
 .bss.xNumberOfSuccessfulFrees
                0x20003f8c        0x4 ./Middlewares/Third_Party/FreeRTOS/Source/portable/MemMang/heap_4.o
 .bss.xBlockAllocatedBit
                0x20003f90        0x4 ./Middlewares/Third_Party/FreeRTOS/Source/portable/MemMang/heap_4.o
 .bss.__sf      0x20003f94      0x138 C:/ST/STM32CubeIDE_1.18.0/STM32CubeIDE/plugins/com.st.stm32cube.ide.mcu.externaltools.gnu-tools-for-stm32.13.3.rel1.win32_1.0.0.202411081344/tools/bin/../lib/gcc/arm-none-eabi/13.3.1/../../../../arm-none-eabi/lib/thumb/v7e-m+fp/hard\libc_nano.a(libc_a-findfp.o)
                0x20003f94                __sf
 .bss.errno     0x200040cc        0x4 C:/ST/STM32CubeIDE_1.18.0/STM32CubeIDE/plugins/com.st.stm32cube.ide.mcu.externaltools.gnu-tools-for-stm32.13.3.rel1.win32_1.0.0.202411081344/tools/bin/../lib/gcc/arm-none-eabi/13.3.1/../../../../arm-none-eabi/lib/thumb/v7e-m+fp/hard\libc_nano.a(libc_a-reent.o)
                0x200040cc                errno
 .bss.__lock___malloc_recursive_mutex
                0x200040d0        0x1 C:/ST/STM32CubeIDE_1.18.0/STM32CubeIDE/plugins/com.st.stm32cube.ide.mcu.externaltools.gnu-tools-for-stm32.13.3.rel1.win32_1.0.0.202411081344/tools/bin/../lib/gcc/arm-none-eabi/13.3.1/../../../../arm-none-eabi/lib/thumb/v7e-m+fp/hard\libc_nano.a(libc_a-lock.o)
                0x200040d0                __lock___malloc_recursive_mutex
 *fill*         0x200040d1        0x3 
 .bss.__malloc_sbrk_start
                0x200040d4        0x4 C:/ST/STM32CubeIDE_1.18.0/STM32CubeIDE/plugins/com.st.stm32cube.ide.mcu.externaltools.gnu-tools-for-stm32.13.3.rel1.win32_1.0.0.202411081344/tools/bin/../lib/gcc/arm-none-eabi/13.3.1/../../../../arm-none-eabi/lib/thumb/v7e-m+fp/hard\libc_nano.a(libc_a-mallocr.o)
                0x200040d4                __malloc_sbrk_start
 .bss.__malloc_free_list
                0x200040d8        0x4 C:/ST/STM32CubeIDE_1.18.0/STM32CubeIDE/plugins/com.st.stm32cube.ide.mcu.externaltools.gnu-tools-for-stm32.13.3.rel1.win32_1.0.0.202411081344/tools/bin/../lib/gcc/arm-none-eabi/13.3.1/../../../../arm-none-eabi/lib/thumb/v7e-m+fp/hard\libc_nano.a(libc_a-mallocr.o)
                0x200040d8                __malloc_free_list
 *(COMMON)
                0x200040dc                        . = ALIGN (0x4)
                0x200040dc                        _ebss = .
                0x200040dc                        __bss_end__ = _ebss

._user_heap_stack
                0x200040dc      0x604 load address 0x0800db74
                0x200040e0                        . = ALIGN (0x8)
 *fill*         0x200040dc        0x4 
                [!provide]                        PROVIDE (end = .)
                0x200040e0                        PROVIDE (_end = .)
                0x200042e0                        . = (. + _Min_Heap_Size)
 *fill*         0x200040e0      0x200 
                0x200046e0                        . = (. + _Min_Stack_Size)
 *fill*         0x200042e0      0x400 
                0x200046e0                        . = ALIGN (0x8)

/DISCARD/
 libc.a(*)
 libm.a(*)
 libgcc.a(*)

.ARM.attributes
                0x00000000       0x30
 *(.ARM.attributes)
 .ARM.attributes
                0x00000000       0x22 C:/ST/STM32CubeIDE_1.18.0/STM32CubeIDE/plugins/com.st.stm32cube.ide.mcu.externaltools.gnu-tools-for-stm32.13.3.rel1.win32_1.0.0.202411081344/tools/bin/../lib/gcc/arm-none-eabi/13.3.1/thumb/v7e-m+fp/hard/crti.o
 .ARM.attributes
                0x00000022       0x34 C:/ST/STM32CubeIDE_1.18.0/STM32CubeIDE/plugins/com.st.stm32cube.ide.mcu.externaltools.gnu-tools-for-stm32.13.3.rel1.win32_1.0.0.202411081344/tools/bin/../lib/gcc/arm-none-eabi/13.3.1/thumb/v7e-m+fp/hard/crtbegin.o
 .ARM.attributes
                0x00000056       0x34 ./Core/Src/app/Log.o
 .ARM.attributes
                0x0000008a       0x34 ./Core/Src/app/delay.o
 .ARM.attributes
                0x000000be       0x34 ./Core/Src/app/eeprom.o
 .ARM.attributes
                0x000000f2       0x34 ./Core/Src/app/fault.o
 .ARM.attributes
                0x00000126       0x34 ./Core/Src/app/i2c_comm.o
 .ARM.attributes
                0x0000015a       0x34 ./Core/Src/app/ssp.o
 .ARM.attributes
                0x0000018e       0x34 ./Core/Src/app/sync_counter.o
 .ARM.attributes
                0x000001c2       0x34 ./Core/Src/app/telemetry.o
 .ARM.attributes
                0x000001f6       0x34 ./Core/Src/main.o
 .ARM.attributes
                0x0000022a       0x34 ./Core/Src/stm32l4xx_hal_msp.o
 .ARM.attributes
                0x0000025e       0x34 ./Core/Src/stm32l4xx_hal_timebase_tim.o
 .ARM.attributes
                0x00000292       0x34 ./Core/Src/stm32l4xx_it.o
 .ARM.attributes
                0x000002c6       0x34 ./Core/Src/sysmem.o
 .ARM.attributes
                0x000002fa       0x34 ./Core/Src/system_stm32l4xx.o
 .ARM.attributes
                0x0000032e       0x21 ./Core/Startup/startup_stm32l496vgtx.o
 .ARM.attributes
                0x0000034f       0x34 ./Drivers/STM32L4xx_HAL_Driver/Src/stm32l4xx_hal.o
 .ARM.attributes
                0x00000383       0x34 ./Drivers/STM32L4xx_HAL_Driver/Src/stm32l4xx_hal_adc.o
 .ARM.attributes
                0x000003b7       0x34 ./Drivers/STM32L4xx_HAL_Driver/Src/stm32l4xx_hal_adc_ex.o
 .ARM.attributes
                0x000003eb       0x34 ./Drivers/STM32L4xx_HAL_Driver/Src/stm32l4xx_hal_cortex.o
 .ARM.attributes
                0x0000041f       0x34 ./Drivers/STM32L4xx_HAL_Driver/Src/stm32l4xx_hal_dma.o
 .ARM.attributes
                0x00000453       0x34 ./Drivers/STM32L4xx_HAL_Driver/Src/stm32l4xx_hal_gpio.o
 .ARM.attributes
                0x00000487       0x34 ./Drivers/STM32L4xx_HAL_Driver/Src/stm32l4xx_hal_i2c.o
 .ARM.attributes
                0x000004bb       0x34 ./Drivers/STM32L4xx_HAL_Driver/Src/stm32l4xx_hal_i2c_ex.o
 .ARM.attributes
                0x000004ef       0x34 ./Drivers/STM32L4xx_HAL_Driver/Src/stm32l4xx_hal_pwr_ex.o
 .ARM.attributes
                0x00000523       0x34 ./Drivers/STM32L4xx_HAL_Driver/Src/stm32l4xx_hal_rcc.o
 .ARM.attributes
                0x00000557       0x34 ./Drivers/STM32L4xx_HAL_Driver/Src/stm32l4xx_hal_rcc_ex.o
 .ARM.attributes
                0x0000058b       0x34 ./Drivers/STM32L4xx_HAL_Driver/Src/stm32l4xx_hal_spi.o
 .ARM.attributes
                0x000005bf       0x34 ./Drivers/STM32L4xx_HAL_Driver/Src/stm32l4xx_hal_tim.o
 .ARM.attributes
                0x000005f3       0x34 ./Drivers/STM32L4xx_HAL_Driver/Src/stm32l4xx_hal_tim_ex.o
 .ARM.attributes
                0x00000627       0x34 ./Drivers/STM32L4xx_HAL_Driver/Src/stm32l4xx_hal_uart.o
 .ARM.attributes
                0x0000065b       0x34 ./Drivers/STM32L4xx_HAL_Driver/Src/stm32l4xx_hal_uart_ex.o
 .ARM.attributes
                0x0000068f       0x34 ./Middlewares/Third_Party/FreeRTOS/Source/CMSIS_RTOS_V2/cmsis_os2.o