Archive member included to satisfy reference by file (symbol)

C:/ST/STM32CubeIDE_1.18.0/STM32CubeIDE/plugins/com.st.stm32cube.ide.mcu.externaltools.gnu-tools-for-stm32.13.3.rel1.win32_1.0.0.202411081344/tools/bin/../lib/gcc/arm-none-eabi/13.3.1/../../../../arm-none-eabi/lib/thumb/v7e-m+fp/hard\libc_nano.a(libc_a-exit.o)
                              C:/ST/STM32CubeIDE_1.18.0/STM32CubeIDE/plugins/com.st.stm32cube.ide.mcu.externaltools.gnu-tools-for-stm32.13.3.rel1.win32_1.0.0.202411081344/tools/bin/../lib/gcc/arm-none-eabi/13.3.1/../../../../arm-none-eabi/lib/thumb/v7e-m+fp/hard/crt0.o (exit)
C:/ST/STM32CubeIDE_1.18.0/STM32CubeIDE/plugins/com.st.stm32cube.ide.mcu.externaltools.gnu-tools-for-stm32.13.3.rel1.win32_1.0.0.202411081344/tools/bin/../lib/gcc/arm-none-eabi/13.3.1/../../../../arm-none-eabi/lib/thumb/v7e-m+fp/hard\libc_nano.a(libc_a-findfp.o)
                              C:/ST/STM32CubeIDE_1.18.0/STM32CubeIDE/plugins/com.st.stm32cube.ide.mcu.externaltools.gnu-tools-for-stm32.13.3.rel1.win32_1.0.0.202411081344/tools/bin/../lib/gcc/arm-none-eabi/13.3.1/../../../../arm-none-eabi/lib/thumb/v7e-m+fp/hard\libc_nano.a(libc_a-exit.o) (__stdio_exit_handler)
C:/ST/STM32CubeIDE_1.18.0/STM32CubeIDE/plugins/com.st.stm32cube.ide.mcu.externaltools.gnu-tools-for-stm32.13.3.rel1.win32_1.0.0.202411081344/tools/bin/../lib/gcc/arm-none-eabi/13.3.1/../../../../arm-none-eabi/lib/thumb/v7e-m+fp/hard\libc_nano.a(libc_a-fwalk.o)
                              C:/ST/STM32CubeIDE_1.18.0/STM32CubeIDE/plugins/com.st.stm32cube.ide.mcu.externaltools.gnu-tools-for-stm32.13.3.rel1.win32_1.0.0.202411081344/tools/bin/../lib/gcc/arm-none-eabi/13.3.1/../../../../arm-none-eabi/lib/thumb/v7e-m+fp/hard\libc_nano.a(libc_a-findfp.o) (_fwalk_sglue)
C:/ST/STM32CubeIDE_1.18.0/STM32CubeIDE/plugins/com.st.stm32cube.ide.mcu.externaltools.gnu-tools-for-stm32.13.3.rel1.win32_1.0.0.202411081344/tools/bin/../lib/gcc/arm-none-eabi/13.3.1/../../../../arm-none-eabi/lib/thumb/v7e-m+fp/hard\libc_nano.a(libc_a-snprintf.o)
                              ./Core/Src/app/Log.o (snprintf)
C:/ST/STM32CubeIDE_1.18.0/STM32CubeIDE/plugins/com.st.stm32cube.ide.mcu.externaltools.gnu-tools-for-stm32.13.3.rel1.win32_1.0.0.202411081344/tools/bin/../lib/gcc/arm-none-eabi/13.3.1/../../../../arm-none-eabi/lib/thumb/v7e-m+fp/hard\libc_nano.a(libc_a-stdio.o)
                              C:/ST/STM32CubeIDE_1.18.0/STM32CubeIDE/plugins/com.st.stm32cube.ide.mcu.externaltools.gnu-tools-for-stm32.13.3.rel1.win32_1.0.0.202411081344/tools/bin/../lib/gcc/arm-none-eabi/13.3.1/../../../../arm-none-eabi/lib/thumb/v7e-m+fp/hard\libc_nano.a(libc_a-findfp.o) (__sread)
C:/ST/STM32CubeIDE_1.18.0/STM32CubeIDE/plugins/com.st.stm32cube.ide.mcu.externaltools.gnu-tools-for-stm32.13.3.rel1.win32_1.0.0.202411081344/tools/bin/../lib/gcc/arm-none-eabi/13.3.1/../../../../arm-none-eabi/lib/thumb/v7e-m+fp/hard\libc_nano.a(libc_a-vsnprintf.o)
                              ./Core/Src/app/Log.o (vsnprintf)
C:/ST/STM32CubeIDE_1.18.0/STM32CubeIDE/plugins/com.st.stm32cube.ide.mcu.externaltools.gnu-tools-for-stm32.13.3.rel1.win32_1.0.0.202411081344/tools/bin/../lib/gcc/arm-none-eabi/13.3.1/../../../../arm-none-eabi/lib/thumb/v7e-m+fp/hard\libc_nano.a(libc_a-memset.o)
                              C:/ST/STM32CubeIDE_1.18.0/STM32CubeIDE/plugins/com.st.stm32cube.ide.mcu.externaltools.gnu-tools-for-stm32.13.3.rel1.win32_1.0.0.202411081344/tools/bin/../lib/gcc/arm-none-eabi/13.3.1/../../../../arm-none-eabi/lib/thumb/v7e-m+fp/hard/crt0.o (memset)
C:/ST/STM32CubeIDE_1.18.0/STM32CubeIDE/plugins/com.st.stm32cube.ide.mcu.externaltools.gnu-tools-for-stm32.13.3.rel1.win32_1.0.0.202411081344/tools/bin/../lib/gcc/arm-none-eabi/13.3.1/../../../../arm-none-eabi/lib/thumb/v7e-m+fp/hard\libc_nano.a(libc_a-strncpy.o)
                              ./Core/Src/app/fault.o (strncpy)
C:/ST/STM32CubeIDE_1.18.0/STM32CubeIDE/plugins/com.st.stm32cube.ide.mcu.externaltools.gnu-tools-for-stm32.13.3.rel1.win32_1.0.0.202411081344/tools/bin/../lib/gcc/arm-none-eabi/13.3.1/../../../../arm-none-eabi/lib/thumb/v7e-m+fp/hard\libc_nano.a(libc_a-strnlen.o)
                              ./Core/Src/app/Log.o (strnlen)
C:/ST/STM32CubeIDE_1.18.0/STM32CubeIDE/plugins/com.st.stm32cube.ide.mcu.externaltools.gnu-tools-for-stm32.13.3.rel1.win32_1.0.0.202411081344/tools/bin/../lib/gcc/arm-none-eabi/13.3.1/../../../../arm-none-eabi/lib/thumb/v7e-m+fp/hard\libc_nano.a(libc_a-closer.o)
                              C:/ST/STM32CubeIDE_1.18.0/STM32CubeIDE/plugins/com.st.stm32cube.ide.mcu.externaltools.gnu-tools-for-stm32.13.3.rel1.win32_1.0.0.202411081344/tools/bin/../lib/gcc/arm-none-eabi/13.3.1/../../../../arm-none-eabi/lib/thumb/v7e-m+fp/hard\libc_nano.a(libc_a-stdio.o) (_close_r)
C:/ST/STM32CubeIDE_1.18.0/STM32CubeIDE/plugins/com.st.stm32cube.ide.mcu.externaltools.gnu-tools-for-stm32.13.3.rel1.win32_1.0.0.202411081344/tools/bin/../lib/gcc/arm-none-eabi/13.3.1/../../../../arm-none-eabi/lib/thumb/v7e-m+fp/hard\libc_nano.a(libc_a-reent.o)
[...]
Memory Configuration

Name             Origin             Length             Attributes
RAM              0x20000000         0x00040000         xrw
RAM2             0x10000000         0x00010000         xrw
FLASH            0x08000000         0x00100000         xr
*default*        0x00000000         0xffffffff

Linker script and memory map

LOAD C:/ST/STM32CubeIDE_1.18.0/STM32CubeIDE/plugins/com.st.stm32cube.ide.mcu.externaltools.gnu-tools-for-stm32.13.3.rel1.win32_1.0.0.202411081344/tools/bin/../lib/gcc/arm-none-eabi/13.3.1/thumb/v7e-m+fp/hard/crti.o
LOAD C:/ST/STM32CubeIDE_1.18.0/STM32CubeIDE/plugins/com.st.stm32cube.ide.mcu.externaltools.gnu-tools-for-stm32.13.3.rel1.win32_1.0.0.202411081344/tools/bin/../lib/gcc/arm-none-eabi/13.3.1/thumb/v7e-m+fp/hard/crtbegin.o
LOAD C:/ST/STM32CubeIDE_1.18.0/STM32CubeIDE/plugins/com.st.stm32cube.ide.mcu.externaltools.gnu-tools-for-stm32.13.3.rel1.win32_1.0.0.202411081344/tools/bin/../lib/gcc/arm-none-eabi/13.3.1/../../../../arm-none-eabi/lib/thumb/v7e-m+fp/hard/crt0.o
LOAD ./Core/Src/app/Log.o
LOAD ./Core/Src/app/delay.o
LOAD ./Core/Src/app/eeprom.o
LOAD ./Core/Src/app/fault.o
LOAD ./Core/Src/app/i2c_comm.o
LOAD ./Core/Src/app/satellite_modes.o
LOAD ./Core/Src/app/ssp.o
LOAD ./Core/Src/app/sync_counter.o
LOAD ./Core/Src/app/telemetry.o
LOAD ./Core/Src/freertos.o
LOAD ./Core/Src/main.o
LOAD ./Core/Src/stm32l4xx_hal_msp.o
LOAD ./Core/Src/stm32l4xx_hal_timebase_tim.o
LOAD ./Core/Src/stm32l4xx_it.o
LOAD ./Core/Src/syscalls.o
LOAD ./Core/Src/sysmem.o
LOAD ./Core/Src/system_stm32l4xx.o
LOAD ./Core/Startup/startup_stm32l496vgtx.o
LOAD ./Drivers/STM32L4xx_HAL_Driver/Src/stm32l4xx_hal.o
LOAD ./Drivers/STM32L4xx_HAL_Driver/Src/stm32l4xx_hal_adc.o
LOAD ./Drivers/STM32L4xx_HAL_Driver/Src/stm32l4xx_hal_adc_ex.o
LOAD ./Drivers/STM32L4xx_HAL_Driver/Src/stm32l4xx_hal_cortex.o
LOAD ./Drivers/STM32L4xx_HAL_Driver/Src/stm32l4xx_hal_dma.o
LOAD ./Drivers/STM32L4xx_HAL_Driver/Src/stm32l4xx_hal_dma_ex.o
LOAD ./Drivers/STM32L4xx_HAL_Driver/Src/stm32l4xx_hal_exti.o
LOAD ./Drivers/STM32L4xx_HAL_Driver/Src/stm32l4xx_hal_flash.o
LOAD ./Drivers/STM32L4xx_HAL_Driver/Src/stm32l4xx_hal_flash_ex.o
LOAD ./Drivers/STM32L4xx_HAL_Driver/Src/stm32l4xx_hal_flash_ramfunc.o
LOAD ./Drivers/STM32L4xx_HAL_Driver/Src/stm32l4xx_hal_gpio.o
LOAD ./Drivers/STM32L4xx_HAL_Driver/Src/stm32l4xx_hal_i2c.o
LOAD ./Drivers/STM32L4xx_HAL_Driver/Src/stm32l4xx_hal_i2c_ex.o
LOAD ./Drivers/STM32L4xx_HAL_Driver/Src/stm32l4xx_hal_pwr.o
LOAD ./Drivers/STM32L4xx_HAL_Driver/Src/stm32l4xx_hal_pwr_ex.o
LOAD ./Drivers/STM32L4xx_HAL_Driver/Src/stm32l4xx_hal_rcc.o
LOAD ./Drivers/STM32L4xx_HAL_Driver/Src/stm32l4xx_hal_rcc_ex.o
LOAD ./Drivers/STM32L4xx_HAL_Driver/Src/stm32l4xx_hal_spi.o
LOAD ./Drivers/STM32L4xx_HAL_Driver/Src/stm32l4xx_hal_spi_ex.o
LOAD ./Drivers/STM32L4xx_HAL_Driver/Src/stm32l4xx_hal_tim.o
LOAD ./Drivers/STM32L4xx_HAL_Driver/Src/stm32l4xx_hal_tim_ex.o
LOAD ./Drivers/STM32L4xx_HAL_Driver/Src/stm32l4xx_hal_uart.o
LOAD ./Drivers/STM32L4xx_HAL_Driver/Src/stm32l4xx_hal_uart_ex.o
LOAD ./Middlewares/Third_Party/FreeRTOS/Source/CMSIS_RTOS_V2/cmsis_os2.o
LOAD ./Middlewares/Third_Party/FreeRTOS/Source/croutine.o
LOAD ./Middlewares/Third_Party/FreeRTOS/Source/event_groups.o
LOAD ./Middlewares/Third_Party/FreeRTOS/Source/list.o
LOAD ./Middlewares/Third_Party/FreeRTOS/Source/queue.o
LOAD ./Middlewares/Third_Party/FreeRTOS/Source/stream_buffer.o
LOAD ./Middlewares/Third_Party/FreeRTOS/Source/tasks.o
LOAD ./Middlewares/Third_Party/FreeRTOS/Source/timers.o
LOAD ./Middlewares/Third_Party/FreeRTOS/Source/portable/GCC/ARM_CM4F/port.o
LOAD ./Middlewares/Third_Party/FreeRTOS/Source/portable/MemMang/heap_4.o
START GROUP
LOAD C:/ST/STM32CubeIDE_1.18.0/STM32CubeIDE/plugins/com.st.stm32cube.ide.mcu.externaltools.gnu-tools-for-stm32.13.3.rel1.win32_1.0.0.202411081344/tools/bin/../lib/gcc/arm-none-eabi/13.3.1/../../../../arm-none-eabi/lib/thumb/v7e-m+fp/hard\libc_nano.a
LOAD C:/ST/STM32CubeIDE_1.18.0/STM32CubeIDE/plugins/com.st.stm32cube.ide.mcu.externaltools.gnu-tools-for-stm32.13.3.rel1.win32_1.0.0.202411081344/tools/bin/../lib/gcc/arm-none-eabi/13.3.1/../../../../arm-none-eabi/lib/thumb/v7e-m+fp/hard\libm.a
END GROUP
START GROUP
LOAD C:/ST/STM32CubeIDE_1.18.0/STM32CubeIDE/plugins/com.st.stm32cube.ide.mcu.externaltools.gnu-tools-for-stm32.13.3.rel1.win32_1.0.0.202411081344/tools/bin/../lib/gcc/arm-none-eabi/13.3.1/thumb/v7e-m+fp/hard\libgcc.a
LOAD C:/ST/STM32CubeIDE_1.18.0/STM32CubeIDE/plugins/com.st.stm32cube.ide.mcu.externaltools.gnu-tools-for-stm32.13.3.rel1.win32_1.0.0.202411081344/tools/bin/../lib/gcc/arm-none-eabi/13.3.1/../../../../arm-none-eabi/lib/thumb/v7e-m+fp/hard\libc_nano.a
END GROUP
START GROUP
LOAD C:/ST/STM32CubeIDE_1.18.0/STM32CubeIDE/plugins/com.st.stm32cube.ide.mcu.externaltools.gnu-tools-for-stm32.13.3.rel1.win32_1.0.0.202411081344/tools/bin/../lib/gcc/arm-none-eabi/13.3.1/thumb/v7e-m+fp/hard\libgcc.a
LOAD C:/ST/STM32CubeIDE_1.18.0/STM32CubeIDE/plugins/com.st.stm32cube.ide.mcu.externaltools.gnu-tools-for-stm32.13.3.rel1.win32_1.0.0.202411081344/tools/bin/../lib/gcc/arm-none-eabi/13.3.1/../../../../arm-none-eabi/lib/thumb/v7e-m+fp/hard\libc_nano.a
LOAD C:/ST/STM32CubeIDE_1.18.0/STM32CubeIDE/plugins/com.st.stm32cube.ide.mcu.externaltools.gnu-tools-for-stm32.13.3.rel1.win32_1.0.0.202411081344/tools/bin/../lib/gcc/arm-none-eabi/13.3.1/../../../../arm-none-eabi/lib/thumb/v7e-m+fp/hard\libnosys.a
END GROUP
START GROUP
LOAD C:/ST/STM32CubeIDE_1.18.0/STM32CubeIDE/plugins/com.st.stm32cube.ide.mcu.externaltools.gnu-tools-for-stm32.13.3.rel1.win32_1.0.0.202411081344/tools/bin/../lib/gcc/arm-none-eabi/13.3.1/thumb/v7e-m+fp/hard\libgcc.a
LOAD C:/ST/STM32CubeIDE_1.18.0/STM32CubeIDE/plugins/com.st.stm32cube.ide.mcu.externaltools.gnu-tools-for-stm32.13.3.rel1.win32_1.0.0.202411081344/tools/bin/../lib/gcc/arm-none-eabi/13.3.1/../../../../arm-none-eabi/lib/thumb/v7e-m+fp/hard\libc_nano.a
LOAD C:/ST/STM32CubeIDE_1.18.0/STM32CubeIDE/plugins/com.st.stm32cube.ide.mcu.externaltools.gnu-tools-for-stm32.13.3.rel1.win32_1.0.0.202411081344/tools/bin/../lib/gcc/arm-none-eabi/13.3.1/../../../../arm-none-eabi/lib/thumb/v7e-m+fp/hard\libnosys.a
END GROUP
LOAD C:/ST/STM32CubeIDE_1.18.0/STM32CubeIDE/plugins/com.st.stm32cube.ide.mcu.externaltools.gnu-tools-for-stm32.13.3.rel1.win32_1.0.0.202411081344/tools/bin/../lib/gcc/arm-none-eabi/13.3.1/thumb/v7e-m+fp/hard/crtend.o
LOAD C:/ST/STM32CubeIDE_1.18.0/STM32CubeIDE/plugins/com.st.stm32cube.ide.mcu.externaltools.gnu-tools-for-stm32.13.3.rel1.win32_1.0.0.202411081344/tools/bin/../lib/gcc/arm-none-eabi/13.3.1/thumb/v7e-m+fp/hard/crtn.o
                0x20040000                        _estack = (ORIGIN (RAM) + LENGTH (RAM))
                0x00000200                        _Min_Heap_Size = 0x200
                0x00000400                        _Min_Stack_Size = 0x400

.isr_vector     0x08000000      0x1ac
                0x08000000                        . = ALIGN (0x4)
 *(.isr_vector)
 .isr_vector    0x08000000      0x1ac ./Core/Startup/startup_stm32l496vgtx.o
                0x08000000                g_pfnVectors
                0x080001ac                        . = ALIGN (0x4)

.text           0x080001b0     0xbd64
                0x080001b0                        . = ALIGN (0x4)
 *(.text)
 .text          0x080001b0       0x40 C:/ST/STM32CubeIDE_1.18.0/STM32CubeIDE/plugins/com.st.stm32cube.ide.mcu.externaltools.gnu-tools-for-stm32.13.3.rel1.win32_1.0.0.202411081344/tools/bin/../lib/gcc/arm-none-eabi/13.3.1/thumb/v7e-m+fp/hard/crtbegin.o
 .text          0x080001f0      0x378 C:/ST/STM32CubeIDE_1.18.0/STM32CubeIDE/plugins/com.st.stm32cube.ide.mcu.externaltools.gnu-tools-for-stm32.13.3.rel1.win32_1.0.0.202411081344/tools/bin/../lib/gcc/arm-none-eabi/13.3.1/thumb/v7e-m+fp/hard\libgcc.a(_arm_addsubdf3.o)
                0x080001f0                __aeabi_drsub
                0x080001f8                __aeabi_dsub
                0x080001f8                __subdf3
                0x080001fc                __aeabi_dadd
                0x080001fc                __adddf3
                0x08000474                __floatunsidf
                0x08000474                __aeabi_ui2d
                0x08000494                __floatsidf
                0x08000494                __aeabi_i2d
                0x080004b8                __aeabi_f2d
                0x080004b8                __extendsfdf2
                0x080004fc                __floatundidf
                0x080004fc                __aeabi_ul2d
                0x0800050c                __floatdidf
                0x0800050c                __aeabi_l2d
 .text          0x08000568      0x424 C:/ST/STM32CubeIDE_1.18.0/STM32CubeIDE/plugins/com.st.stm32cube.ide.mcu.externaltools.gnu-tools-for-stm32.13.3.rel1.win32_1.0.0.202411081344/tools/bin/../lib/gcc/arm-none-eabi/13.3.1/thumb/v7e-m+fp/hard\libgcc.a(_arm_muldivdf3.o)
                0x08000568                __aeabi_dmul
                0x08000568                __muldf3
                0x080007bc                __divdf3
                0x080007bc                __aeabi_ddiv
 .text          0x0800098c       0x40 C:/ST/STM32CubeIDE_1.18.0/STM32CubeIDE/plugins/com.st.stm32cube.ide.mcu.externaltools.gnu-tools-for-stm32.13.3.rel1.win32_1.0.0.202411081344/tools/bin/../lib/gcc/arm-none-eabi/13.3.1/thumb/v7e-m+fp/hard\libgcc.a(_arm_fixunsdfsi.o)
                0x0800098c                __aeabi_d2uiz
                0x0800098c                __fixunsdfsi
 .text          0x080009cc       0x30 C:/ST/STM32CubeIDE_1.18.0/STM32CubeIDE/plugins/com.st.stm32cube.ide.mcu.externaltools.gnu-tools-for-stm32.13.3.rel1.win32_1.0.0.202411081344/tools/bin/../lib/gcc/arm-none-eabi/13.3.1/thumb/v7e-m+fp/hard\libgcc.a(_aeabi_uldivmod.o)
                0x080009cc                __aeabi_uldivmod
 .text          0x080009fc      0x2f8 C:/ST/STM32CubeIDE_1.18.0/STM32CubeIDE/plugins/com.st.stm32cube.ide.mcu.externaltools.gnu-tools-for-stm32.13.3.rel1.win32_1.0.0.202411081344/tools/bin/../lib/gcc/arm-none-eabi/13.3.1/thumb/v7e-m+fp/hard\libgcc.a(_udivmoddi4.o)
                0x080009fc                __udivmoddi4
 .text          0x08000cf4        0x4 C:/ST/STM32CubeIDE_1.18.0/STM32CubeIDE/plugins/com.st.stm32cube.ide.mcu.externaltools.gnu-tools-for-stm32.13.3.rel1.win32_1.0.0.202411081344/tools/bin/../lib/gcc/arm-none-eabi/13.3.1/thumb/v7e-m+fp/hard\libgcc.a(_dvmd_tls.o)
                0x08000cf4                __aeabi_idiv0
                0x08000cf4                __aeabi_ldiv0
 *(.text*)
 .text.software_delay_start
                0x08000cf8       0x2c ./Core/Src/app/delay.o
 .text.software_delay_elapsed
                0x08000d24       0x40 ./Core/Src/app/delay.o
 .text.SoftwareDelay
                0x08000d64       0x30 ./Core/Src/app/delay.o
                0x08000d64                SoftwareDelay
 .text.epspd_Init
                0x08000d94       0x4c ./Core/Src/app/eeprom.o
                0x08000d94                epspd_Init
 .text.epspd_WriteTelemetry
                0x08000de0      0x150 ./Core/Src/app/eeprom.o
                0x08000de0                epspd_WriteTelemetry
 .text.SatelliteModes_Init
                0x08000f30       0x2c ./Core/Src/app/satellite_modes.o
                0x08000f30                SatelliteModes_Init
 .text.SatelliteModes_ConfigurePowerLines
                0x08000f5c      0x2a0 ./Core/Src/app/satellite_modes.o
                0x08000f5c                SatelliteModes_ConfigurePowerLines
 .text.SSP_GetRxBuffer
                0x080011fc       0x30 ./Core/Src/app/ssp.o
 .text.SSP_Init
                0x0800122c       0x98 ./Core/Src/app/ssp.o
                0x0800122c                SSP_Init
 .text.HAL_UART_TxCpltCallback
                0x080012c4       0x58 ./Core/Src/app/ssp.o
                0x080012c4                HAL_UART_TxCpltCallback
 .text.HAL_UART_ErrorCallback
                0x0800131c       0x50 ./Core/Src/app/ssp.o
                0x0800131c                HAL_UART_ErrorCallback
 .text.SyncCounter_Init
                0x0800136c       0x64 ./Core/Src/app/sync_counter.o
                0x0800136c                SyncCounter_Init
 .text.GetSyncTimestamp
                0x080013d0       0x3c ./Core/Src/app/sync_counter.o
                0x080013d0                GetSyncTimestamp
 .text.SelectMultiplexerChannel
                0x0800140c       0x58 ./Core/Src/app/telemetry.o
 *fill*         0x08001464        0x4 
 .text.EPSPD_UpdateTelemetryAndParameters
                0x08001468      0x628 ./Core/Src/app/telemetry.o
                0x08001468                EPSPD_UpdateTelemetryAndParameters
 .text.main     0x08001a90       0xe4 ./Core/Src/main.o
                0x08001a90                main
 .text.SystemClock_Config
                0x08001b74       0x8a ./Core/Src/main.o
                0x08001b74                SystemClock_Config
 *fill*         0x08001bfe        0x2 
 .text.MX_ADC1_Init
                0x08001c00       0xec ./Core/Src/main.o
 .text.MX_I2C2_Init
                0x08001cec       0x80 ./Core/Src/main.o
 .text.MX_SPI1_Init
                0x08001d6c       0x74 ./Core/Src/main.o
 .text.MX_SPI3_Init
                0x08001de0       0x74 ./Core/Src/main.o
 .text.MX_TIM1_Init
                0x08001e54       0xa8 ./Core/Src/main.o
 .text.MX_TIM2_Init
                0x08001efc       0x9c ./Core/Src/main.o
 .text.MX_TIM3_Init
                0x08001f98       0x9c ./Core/Src/main.o
 .text.MX_TIM4_Init
                0x08002034       0x9c ./Core/Src/main.o
 .text.MX_USART1_UART_Init
                0x080020d0       0x60 ./Core/Src/main.o
 .text.MX_USART2_UART_Init
                0x08002130       0x64 ./Core/Src/main.o
 .text.MX_USART3_UART_Init
                0x08002194       0x64 ./Core/Src/main.o
 .text.MX_DMA_Init
                0x080021f8       0x8c ./Core/Src/main.o
 .text.MX_GPIO_Init
                0x08002284      0x254 ./Core/Src/main.o
 .text.StartDefaultTask
                0x080024d8       0x74 ./Core/Src/main.o
                0x080024d8                StartDefaultTask
 .text.Error_Handler
                0x0800254c        0xc ./Core/Src/main.o
                0x0800254c                Error_Handler
 .text.HAL_MspInit
                0x08002558       0x50 ./Core/Src/stm32l4xx_hal_msp.o
                0x08002558                HAL_MspInit
 .text.HAL_ADC_MspInit
                0x080025a8      0x144 ./Core/Src/stm32l4xx_hal_msp.o
                0x080025a8                HAL_ADC_MspInit
 .text.HAL_I2C_MspInit
                0x080026ec      0x174 ./Core/Src/stm32l4xx_hal_msp.o
                0x080026ec                HAL_I2C_MspInit
 .text.HAL_SPI_MspInit
                0x08002860      0x13c ./Core/Src/stm32l4xx_hal_msp.o
                0x08002860                HAL_SPI_MspInit
 .text.HAL_TIM_Base_MspInit
                0x0800299c       0xb4 ./Core/Src/stm32l4xx_hal_msp.o
                0x0800299c                HAL_TIM_Base_MspInit
 .text.HAL_UART_MspInit
                0x08002a50      0x3b8 ./Core/Src/stm32l4xx_hal_msp.o
                0x08002a50                HAL_UART_MspInit
 .text.HAL_InitTick
                0x08002e08       0xf4 ./Core/Src/stm32l4xx_hal_timebase_tim.o
                0x08002e08                HAL_InitTick
 .text.NMI_Handler
                0x08002efc        0x8 ./Core/Src/stm32l4xx_it.o
                0x08002efc                NMI_Handler
 .text.HardFault_Handler
                0x08002f04        0x8 ./Core/Src/stm32l4xx_it.o
                0x08002f04                HardFault_Handler
 .text.MemManage_Handler
                0x08002f0c        0x8 ./Core/Src/stm32l4xx_it.o
                0x08002f0c                MemManage_Handler
 .text.BusFault_Handler
                0x08002f14        0x8 ./Core/Src/stm32l4xx_it.o
                0x08002f14                BusFault_Handler
 .text.UsageFault_Handler
                0x08002f1c        0x8 ./Core/Src/stm32l4xx_it.o
                0x08002f1c                UsageFault_Handler
 .text.DebugMon_Handler
                0x08002f24        0xe ./Core/Src/stm32l4xx_it.o
                0x08002f24                DebugMon_Handler
 .text.EXTI1_IRQHandler
                0x08002f32        0xe ./Core/Src/stm32l4xx_it.o
                0x08002f32                EXTI1_IRQHandler
 .text.DMA1_Channel2_IRQHandler
                0x08002f40       0x14 ./Core/Src/stm32l4xx_it.o
                0x08002f40                DMA1_Channel2_IRQHandler
 .text.DMA1_Channel3_IRQHandler
                0x08002f54       0x14 ./Core/Src/stm32l4xx_it.o
                0x08002f54                DMA1_Channel3_IRQHandler
 .text.DMA1_Channel4_IRQHandler
                0x08002f68       0x14 ./Core/Src/stm32l4xx_it.o
                0x08002f68                DMA1_Channel4_IRQHandler
 .text.DMA1_Channel5_IRQHandler
                0x08002f7c       0x14 ./Core/Src/stm32l4xx_it.o
                0x08002f7c                DMA1_Channel5_IRQHandler
 .text.DMA1_Channel6_IRQHandler
                0x08002f90       0x14 ./Core/Src/stm32l4xx_it.o
                0x08002f90                DMA1_Channel6_IRQHandler
 .text.DMA1_Channel7_IRQHandler
                0x08002fa4       0x14 ./Core/Src/stm32l4xx_it.o
                0x08002fa4                DMA1_Channel7_IRQHandler
 .text.USART1_IRQHandler
                0x08002fb8       0x14 ./Core/Src/stm32l4xx_it.o
                0x08002fb8                USART1_IRQHandler
 .text.USART2_IRQHandler
                0x08002fcc       0x14 ./Core/Src/stm32l4xx_it.o
                0x08002fcc                USART2_IRQHandler
 .text.USART3_IRQHandler
                0x08002fe0       0x14 ./Core/Src/stm32l4xx_it.o
                0x08002fe0                USART3_IRQHandler
 .text.SPI3_IRQHandler
                0x08002ff4       0x14 ./Core/Src/stm32l4xx_it.o
                0x08002ff4                SPI3_IRQHandler
 .text.TIM6_DAC_IRQHandler
                0x08003008       0x14 ./Core/Src/stm32l4xx_it.o
                0x08003008                TIM6_DAC_IRQHandler
 .text.SystemInit
                0x0800301c       0x24 ./Core/Src/system_stm32l4xx.o
                0x0800301c                SystemInit
 .text.Reset_Handler
                0x08003040       0x50 ./Core/Startup/startup_stm32l496vgtx.o
                0x08003040                Reset_Handler
 .text.Default_Handler
                0x08003090        0x2 ./Core/Startup/startup_stm32l496vgtx.o
                0x08003090                RTC_Alarm_IRQHandler
                0x08003090                EXTI2_IRQHandler
                0x08003090                TIM8_TRG_COM_IRQHandler
                0x08003090                TIM8_CC_IRQHandler
                0x08003090                TIM1_CC_IRQHandler
                0x08003090                TSC_IRQHandler
                0x08003090                TAMP_STAMP_IRQHandler
                0x08003090                CAN2_RX1_IRQHandler
                0x08003090                EXTI3_IRQHandler
                0x08003090                LPTIM2_IRQHandler
                0x08003090                DFSDM1_FLT1_IRQHandler
                0x08003090                I2C3_ER_IRQHandler
                0x08003090                DFSDM1_FLT2_IRQHandler
                0x08003090                EXTI0_IRQHandler
                0x08003090                I2C2_EV_IRQHandler
                0x08003090                CAN1_RX0_IRQHandler
                0x08003090                FPU_IRQHandler
                0x08003090                TIM1_UP_TIM16_IRQHandler
                0x08003090                CAN2_SCE_IRQHandler
                0x08003090                ADC1_2_IRQHandler
                0x08003090                SPI1_IRQHandler
                0x08003090                DCMI_IRQHandler
                0x08003090                CAN2_RX0_IRQHandler
                0x08003090                TIM8_UP_IRQHandler
                0x08003090                DMA2_Channel2_IRQHandler
                0x08003090                SAI2_IRQHandler
                0x08003090                DFSDM1_FLT3_IRQHandler
                0x08003090                CAN1_RX1_IRQHandler
                0x08003090                LCD_IRQHandler
                0x08003090                UART5_IRQHandler
                0x08003090                ADC3_IRQHandler
                0x08003090                TIM4_IRQHandler
                0x08003090                DMA2_Channel1_IRQHandler
                0x08003090                QUADSPI_IRQHandler
                0x08003090                I2C1_EV_IRQHandler
                0x08003090                UART4_IRQHandler
                0x08003090                DMA2_Channel4_IRQHandler
                0x08003090                TIM3_IRQHandler
                0x08003090                RCC_IRQHandler
                0x08003090                DMA1_Channel1_IRQHandler
                0x08003090                Default_Handler
                0x08003090                DMA2_Channel7_IRQHandler
                0x08003090                EXTI15_10_IRQHandler
                0x08003090                TIM7_IRQHandler
                0x08003090                SDMMC1_IRQHandler
                0x08003090                CAN2_TX_IRQHandler
                0x08003090                TIM5_IRQHandler
                0x08003090                I2C3_EV_IRQHandler
                0x08003090                EXTI9_5_IRQHandler
                0x08003090                RTC_WKUP_IRQHandler
                0x08003090                PVD_PVM_IRQHandler
                0x08003090                SPI2_IRQHandler
                0x08003090                CAN1_TX_IRQHandler
                0x08003090                DMA2_Channel5_IRQHandler
                0x08003090                CRS_IRQHandler
                0x08003090                EXTI4_IRQHandler
                0x08003090                RNG_IRQHandler
                0x08003090                TIM1_TRG_COM_TIM17_IRQHandler
                0x08003090                COMP_IRQHandler
                0x08003090                WWDG_IRQHandler
                0x08003090                I2C4_EV_IRQHandler
                0x08003090                LPUART1_IRQHandler
                0x08003090                DMA2_Channel6_IRQHandler
                0x08003090                TIM2_IRQHandler
                0x08003090                DFSDM1_FLT0_IRQHandler
                0x08003090                I2C2_ER_IRQHandler
                0x08003090                TIM8_BRK_IRQHandler
                0x08003090                CAN1_SCE_IRQHandler
                0x08003090                FLASH_IRQHandler
                0x08003090                OTG_FS_IRQHandler
                0x08003090                I2C1_ER_IRQHandler
                0x08003090                FMC_IRQHandler
                0x08003090                SWPMI1_IRQHandler
                0x08003090                LPTIM1_IRQHandler
                0x08003090                I2C4_ER_IRQHandler
                0x08003090                SAI1_IRQHandler
                0x08003090                DMA2_Channel3_IRQHandler
                0x08003090                TIM1_BRK_TIM15_IRQHandler
 .text.HAL_Init
                0x08003092       0x30 ./Drivers/STM32L4xx_HAL_Driver/Src/stm32l4xx_hal.o
                0x08003092                HAL_Init
 *fill*         0x080030c2        0x2 
 .text.HAL_GetTick
                0x080030c4       0x18 ./Drivers/STM32L4xx_HAL_Driver/Src/stm32l4xx_hal.o
                0x080030c4                HAL_GetTick
 .text.LL_ADC_SetCommonClock
                0x080030dc       0x26 ./Drivers/STM32L4xx_HAL_Driver/Src/stm32l4xx_hal_adc.o
 .text.LL_ADC_SetCommonPathInternalCh
                0x08003102       0x26 ./Drivers/STM32L4xx_HAL_Driver/Src/stm32l4xx_hal_adc.o
 .text.LL_ADC_GetCommonPathInternalCh
                0x08003128       0x1c ./Drivers/STM32L4xx_HAL_Driver/Src/stm32l4xx_hal_adc.o
 .text.LL_ADC_SetOffset
                0x08003144       0x48 ./Drivers/STM32L4xx_HAL_Driver/Src/stm32l4xx_hal_adc.o
 .text.LL_ADC_GetOffsetChannel
                0x0800318c       0x2c ./Drivers/STM32L4xx_HAL_Driver/Src/stm32l4xx_hal_adc.o
 .text.LL_ADC_SetOffsetState
                0x080031b8       0x36 ./Drivers/STM32L4xx_HAL_Driver/Src/stm32l4xx_hal_adc.o
 .text.LL_ADC_SetSamplingTimeCommonConfig
                0x080031ee       0x26 ./Drivers/STM32L4xx_HAL_Driver/Src/stm32l4xx_hal_adc.o
 .text.LL_ADC_REG_IsTriggerSourceSWStart
                0x08003214       0x26 ./Drivers/STM32L4xx_HAL_Driver/Src/stm32l4xx_hal_adc.o
 .text.LL_ADC_REG_SetSequencerRanks
                0x0800323a       0x58 ./Drivers/STM32L4xx_HAL_Driver/Src/stm32l4xx_hal_adc.o
 .text.LL_ADC_SetChannelSamplingTime
                0x08003292       0x56 ./Drivers/STM32L4xx_HAL_Driver/Src/stm32l4xx_hal_adc.o
 .text.LL_ADC_SetChannelSingleDiff
                0x080032e8       0x48 ./Drivers/STM32L4xx_HAL_Driver/Src/stm32l4xx_hal_adc.o
 .text.LL_ADC_GetMultimode
                0x08003330       0x1c ./Drivers/STM32L4xx_HAL_Driver/Src/stm32l4xx_hal_adc.o
 .text.LL_ADC_DisableDeepPowerDown
                0x0800334c       0x24 ./Drivers/STM32L4xx_HAL_Driver/Src/stm32l4xx_hal_adc.o
 .text.LL_ADC_IsDeepPowerDownEnabled
                0x08003370       0x28 ./Drivers/STM32L4xx_HAL_Driver/Src/stm32l4xx_hal_adc.o
 .text.LL_ADC_EnableInternalRegulator
                0x08003398       0x28 ./Drivers/STM32L4xx_HAL_Driver/Src/stm32l4xx_hal_adc.o
 .text.LL_ADC_IsInternalRegulatorEnabled
                0x080033c0       0x28 ./Drivers/STM32L4xx_HAL_Driver/Src/stm32l4xx_hal_adc.o
 .text.LL_ADC_Enable
                0x080033e8       0x28 ./Drivers/STM32L4xx_HAL_Driver/Src/stm32l4xx_hal_adc.o
 .text.LL_ADC_IsEnabled
                0x08003410       0x26 ./Drivers/STM32L4xx_HAL_Driver/Src/stm32l4xx_hal_adc.o
 .text.LL_ADC_REG_StartConversion
                0x08003436       0x28 ./Drivers/STM32L4xx_HAL_Driver/Src/stm32l4xx_hal_adc.o
 .text.LL_ADC_REG_IsConversionOngoing
                0x0800345e       0x26 ./Drivers/STM32L4xx_HAL_Driver/Src/stm32l4xx_hal_adc.o
 .text.LL_ADC_INJ_IsConversionOngoing
                0x08003484       0x26 ./Drivers/STM32L4xx_HAL_Driver/Src/stm32l4xx_hal_adc.o
 *fill*         0x080034aa        0x2 
 .text.HAL_ADC_Init
                0x080034ac      0x2a8 ./Drivers/STM32L4xx_HAL_Driver/Src/stm32l4xx_hal_adc.o
                0x080034ac                HAL_ADC_Init
 .text.HAL_ADC_Start_DMA
                0x08003754      0x178 ./Drivers/STM32L4xx_HAL_Driver/Src/stm32l4xx_hal_adc.o
                0x08003754                HAL_ADC_Start_DMA
 .text.HAL_ADC_ConvCpltCallback
                0x080038cc       0x14 ./Drivers/STM32L4xx_HAL_Driver/Src/stm32l4xx_hal_adc.o
                0x080038cc                HAL_ADC_ConvCpltCallback
 .text.HAL_ADC_ConvHalfCpltCallback
                0x080038e0       0x14 ./Drivers/STM32L4xx_HAL_Driver/Src/stm32l4xx_hal_adc.o
                0x080038e0                HAL_ADC_ConvHalfCpltCallback
 .text.HAL_ADC_ErrorCallback
                0x080038f4       0x14 ./Drivers/STM32L4xx_HAL_Driver/Src/stm32l4xx_hal_adc.o
                0x080038f4                HAL_ADC_ErrorCallback
 .text.HAL_ADC_ConfigChannel
                0x08003908      0x818 ./Drivers/STM32L4xx_HAL_Driver/Src/stm32l4xx_hal_adc.o
                0x08003908                HAL_ADC_ConfigChannel
 .text.ADC_Enable
                0x08004120      0x10c ./Drivers/STM32L4xx_HAL_Driver/Src/stm32l4xx_hal_adc.o
                0x08004120                ADC_Enable
 .text.ADC_DMAConvCplt
                0x0800422c       0xd8 ./Drivers/STM32L4xx_HAL_Driver/Src/stm32l4xx_hal_adc.o
                0x0800422c                ADC_DMAConvCplt
 .text.ADC_DMAHalfConvCplt
                0x08004304       0x1c ./Drivers/STM32L4xx_HAL_Driver/Src/stm32l4xx_hal_adc.o
                0x08004304                ADC_DMAHalfConvCplt
 .text.ADC_DMAError
                0x08004320       0x34 ./Drivers/STM32L4xx_HAL_Driver/Src/stm32l4xx_hal_adc.o
                0x08004320                ADC_DMAError
 .text.LL_ADC_IsEnabled
                0x08004354       0x26 ./Drivers/STM32L4xx_HAL_Driver/Src/stm32l4xx_hal_adc_ex.o
 .text.LL_ADC_REG_IsConversionOngoing
                0x0800437a       0x26 ./Drivers/STM32L4xx_HAL_Driver/Src/stm32l4xx_hal_adc_ex.o
 .text.HAL_ADCEx_MultiModeConfigChannel
                0x080043a0      0x160 ./Drivers/STM32L4xx_HAL_Driver/Src/stm32l4xx_hal_adc_ex.o
                0x080043a0                HAL_ADCEx_MultiModeConfigChannel
 .text.__NVIC_SetPriorityGrouping
                0x08004500       0x48 ./Drivers/STM32L4xx_HAL_Driver/Src/stm32l4xx_hal_cortex.o
 .text.__NVIC_GetPriorityGrouping
                0x08004548       0x1c ./Drivers/STM32L4xx_HAL_Driver/Src/stm32l4xx_hal_cortex.o
 .text.__NVIC_EnableIRQ
                0x08004564       0x3c ./Drivers/STM32L4xx_HAL_Driver/Src/stm32l4xx_hal_cortex.o
 .text.__NVIC_SetPriority
                0x080045a0       0x54 ./Drivers/STM32L4xx_HAL_Driver/Src/stm32l4xx_hal_cortex.o
 .text.NVIC_EncodePriority
                0x080045f4       0x66 ./Drivers/STM32L4xx_HAL_Driver/Src/stm32l4xx_hal_cortex.o
 .text.HAL_NVIC_SetPriorityGrouping
                0x0800465a       0x16 ./Drivers/STM32L4xx_HAL_Driver/Src/stm32l4xx_hal_cortex.o
                0x0800465a                HAL_NVIC_SetPriorityGrouping
 .text.HAL_NVIC_SetPriority
                0x08004670       0x38 ./Drivers/STM32L4xx_HAL_Driver/Src/stm32l4xx_hal_cortex.o
                0x08004670                HAL_NVIC_SetPriority
 .text.HAL_NVIC_EnableIRQ
                0x080046a8       0x1c ./Drivers/STM32L4xx_HAL_Driver/Src/stm32l4xx_hal_cortex.o
                0x080046a8                HAL_NVIC_EnableIRQ
 .text.HAL_DMA_Init
                0x080046c4      0x170 ./Drivers/STM32L4xx_HAL_Driver/Src/stm32l4xx_hal_dma.o
                0x080046c4                HAL_DMA_Init
 .text.HAL_DMA_Start_IT
                0x08004834       0xc0 ./Drivers/STM32L4xx_HAL_Driver/Src/stm32l4xx_hal_dma.o
                0x08004834                HAL_DMA_Start_IT
 .text.HAL_DMA_Abort
                0x080048f4       0x7c ./Drivers/STM32L4xx_HAL_Driver/Src/stm32l4xx_hal_dma.o
                0x080048f4                HAL_DMA_Abort
 .text.HAL_DMA_Abort_IT
                0x08004970       0x82 ./Drivers/STM32L4xx_HAL_Driver/Src/stm32l4xx_hal_dma.o
                0x08004970                HAL_DMA_Abort_IT
 .text.HAL_DMA_IRQHandler
                0x080049f2      0x15e ./Drivers/STM32L4xx_HAL_Driver/Src/stm32l4xx_hal_dma.o
                0x080049f2                HAL_DMA_IRQHandler
 .text.DMA_SetConfig
                0x08004b50       0x60 ./Drivers/STM32L4xx_HAL_Driver/Src/stm32l4xx_hal_dma.o
 .text.HAL_GPIO_Init
                0x08004bb0      0x324 ./Drivers/STM32L4xx_HAL_Driver/Src/stm32l4xx_hal_gpio.o
                0x08004bb0                HAL_GPIO_Init
 .text.HAL_GPIO_WritePin
                0x08004ed4       0x30 ./Drivers/STM32L4xx_HAL_Driver/Src/stm32l4xx_hal_gpio.o
                0x08004ed4                HAL_GPIO_WritePin
 .text.HAL_GPIO_EXTI_IRQHandler
                0x08004f04       0x30 ./Drivers/STM32L4xx_HAL_Driver/Src/stm32l4xx_hal_gpio.o
                0x08004f04                HAL_GPIO_EXTI_IRQHandler
 .text.HAL_GPIO_EXTI_Callback
                0x08004f34       0x16 ./Drivers/STM32L4xx_HAL_Driver/Src/stm32l4xx_hal_gpio.o
                0x08004f34                HAL_GPIO_EXTI_Callback
 .text.HAL_I2C_Init
                0x08004f4a      0x136 ./Drivers/STM32L4xx_HAL_Driver/Src/stm32l4xx_hal_i2c.o
                0x08004f4a                HAL_I2C_Init
 .text.HAL_I2C_Master_Transmit
                0x08005080      0x230 ./Drivers/STM32L4xx_HAL_Driver/Src/stm32l4xx_hal_i2c.o
                0x08005080                HAL_I2C_Master_Transmit
 .text.I2C_Flush_TXDR
                0x080052b0       0x48 ./Drivers/STM32L4xx_HAL_Driver/Src/stm32l4xx_hal_i2c.o
 .text.I2C_WaitOnFlagUntilTimeout
                0x080052f8       0xb2 ./Drivers/STM32L4xx_HAL_Driver/Src/stm32l4xx_hal_i2c.o
 .text.I2C_WaitOnTXISFlagUntilTimeout
                0x080053aa       0x8e ./Drivers/STM32L4xx_HAL_Driver/Src/stm32l4xx_hal_i2c.o
 .text.I2C_WaitOnSTOPFlagUntilTimeout
                0x08005438       0x86 ./Drivers/STM32L4xx_HAL_Driver/Src/stm32l4xx_hal_i2c.o
 *fill*         0x080054be        0x2 
 .text.I2C_IsErrorOccurred
                0x080054c0      0x1c0 ./Drivers/STM32L4xx_HAL_Driver/Src/stm32l4xx_hal_i2c.o
 .text.I2C_TransferConfig
                0x08005680       0x64 ./Drivers/STM32L4xx_HAL_Driver/Src/stm32l4xx_hal_i2c.o
 .text.HAL_I2CEx_ConfigAnalogFilter
                0x080056e4       0x96 ./Drivers/STM32L4xx_HAL_Driver/Src/stm32l4xx_hal_i2c_ex.o
                0x080056e4                HAL_I2CEx_ConfigAnalogFilter
 .text.HAL_I2CEx_ConfigDigitalFilter
                0x0800577a       0x98 ./Drivers/STM32L4xx_HAL_Driver/Src/stm32l4xx_hal_i2c_ex.o
                0x0800577a                HAL_I2CEx_ConfigDigitalFilter
 *fill*         0x08005812        0x2 
 .text.HAL_PWREx_GetVoltageRange
                0x08005814       0x1c ./Drivers/STM32L4xx_HAL_Driver/Src/stm32l4xx_hal_pwr_ex.o
                0x08005814                HAL_PWREx_GetVoltageRange
 .text.HAL_PWREx_ControlVoltageScaling
                0x08005830       0xac ./Drivers/STM32L4xx_HAL_Driver/Src/stm32l4xx_hal_pwr_ex.o
                0x08005830                HAL_PWREx_ControlVoltageScaling
 .text.HAL_RCC_OscConfig
                0x080058dc      0x834 ./Drivers/STM32L4xx_HAL_Driver/Src/stm32l4xx_hal_rcc.o
                0x080058dc                HAL_RCC_OscConfig
 .text.HAL_RCC_ClockConfig
                0x08006110      0x200 ./Drivers/STM32L4xx_HAL_Driver/Src/stm32l4xx_hal_rcc.o
                0x08006110                HAL_RCC_ClockConfig
 .text.HAL_RCC_GetSysClockFreq
                0x08006310      0x118 ./Drivers/STM32L4xx_HAL_Driver/Src/stm32l4xx_hal_rcc.o
                0x08006310                HAL_RCC_GetSysClockFreq
 .text.HAL_RCC_GetHCLKFreq
                0x08006428       0x18 ./Drivers/STM32L4xx_HAL_Driver/Src/stm32l4xx_hal_rcc.o
                0x08006428                HAL_RCC_GetHCLKFreq
 .text.HAL_RCC_GetPCLK1Freq
                0x08006440       0x2c ./Drivers/STM32L4xx_HAL_Driver/Src/stm32l4xx_hal_rcc.o
                0x08006440                HAL_RCC_GetPCLK1Freq
 .text.HAL_RCC_GetPCLK2Freq
                0x0800646c       0x2c ./Drivers/STM32L4xx_HAL_Driver/Src/stm32l4xx_hal_rcc.o
                0x0800646c                HAL_RCC_GetPCLK2Freq
 .text.HAL_RCC_GetClockConfig
                0x08006498       0x64 ./Drivers/STM32L4xx_HAL_Driver/Src/stm32l4xx_hal_rcc.o
                0x08006498                HAL_RCC_GetClockConfig
 .text.RCC_SetFlashLatencyFromMSIRange
                0x080064fc       0xc0 ./Drivers/STM32L4xx_HAL_Driver/Src/stm32l4xx_hal_rcc.o
 .text.HAL_RCCEx_PeriphCLKConfig
                0x080065bc      0x5f8 ./Drivers/STM32L4xx_HAL_Driver/Src/stm32l4xx_hal_rcc_ex.o
                0x080065bc                HAL_RCCEx_PeriphCLKConfig
 .text.RCCEx_PLLSAI1_Config
                0x08006bb4      0x1e4 ./Drivers/STM32L4xx_HAL_Driver/Src/stm32l4xx_hal_rcc_ex.o
 .text.RCCEx_PLLSAI2_Config
                0x08006d98      0x1b8 ./Drivers/STM32L4xx_HAL_Driver/Src/stm32l4xx_hal_rcc_ex.o
 .text.HAL_SPI_Init
                0x08006f50      0x146 ./Drivers/STM32L4xx_HAL_Driver/Src/stm32l4xx_hal_spi.o
                0x08006f50                HAL_SPI_Init
 *fill*         0x08007096        0x2 
 .text.HAL_SPI_IRQHandler
                0x08007098      0x200 ./Drivers/STM32L4xx_HAL_Driver/Src/stm32l4xx_hal_spi.o
                0x08007098                HAL_SPI_IRQHandler
 .text.HAL_SPI_ErrorCallback
                0x08007298       0x14 ./Drivers/STM32L4xx_HAL_Driver/Src/stm32l4xx_hal_spi.o
                0x08007298                HAL_SPI_ErrorCallback
 .text.SPI_DMAAbortOnError
                0x080072ac       0x2a ./Drivers/STM32L4xx_HAL_Driver/Src/stm32l4xx_hal_spi.o
 .text.HAL_TIM_Base_Init
                0x080072d6       0xae ./Drivers/STM32L4xx_HAL_Driver/Src/stm32l4xx_hal_tim.o
                0x080072d6                HAL_TIM_Base_Init
 .text.HAL_TIM_Base_Start
                0x08007384       0xd0 ./Drivers/STM32L4xx_HAL_Driver/Src/stm32l4xx_hal_tim.o
                0x08007384                HAL_TIM_Base_Start
 .text.HAL_TIM_Base_Start_IT
                0x08007454       0xe0 ./Drivers/STM32L4xx_HAL_Driver/Src/stm32l4xx_hal_tim.o
                0x08007454                HAL_TIM_Base_Start_IT
 .text.HAL_TIM_IRQHandler
                0x08007534      0x20e ./Drivers/STM32L4xx_HAL_Driver/Src/stm32l4xx_hal_tim.o
                0x08007534                HAL_TIM_IRQHandler
 .text.HAL_TIM_ConfigClockSource
                0x08007742      0x192 ./Drivers/STM32L4xx_HAL_Driver/Src/stm32l4xx_hal_tim.o
                0x08007742                HAL_TIM_ConfigClockSource
 .text.HAL_TIM_PeriodElapsedCallback
                0x080078d4       0x14 ./Drivers/STM32L4xx_HAL_Driver/Src/stm32l4xx_hal_tim.o
                0x080078d4                HAL_TIM_PeriodElapsedCallback
 .text.HAL_TIM_OC_DelayElapsedCallback
                0x080078e8       0x14 ./Drivers/STM32L4xx_HAL_Driver/Src/stm32l4xx_hal_tim.o
                0x080078e8                HAL_TIM_OC_DelayElapsedCallback
 .text.HAL_TIM_IC_CaptureCallback
                0x080078fc       0x14 ./Drivers/STM32L4xx_HAL_Driver/Src/stm32l4xx_hal_tim.o
                0x080078fc                HAL_TIM_IC_CaptureCallback
 .text.HAL_TIM_PWM_PulseFinishedCallback
                0x08007910       0x14 ./Drivers/STM32L4xx_HAL_Driver/Src/stm32l4xx_hal_tim.o
                0x08007910                HAL_TIM_PWM_PulseFinishedCallback
 .text.HAL_TIM_TriggerCallback
                0x08007924       0x14 ./Drivers/STM32L4xx_HAL_Driver/Src/stm32l4xx_hal_tim.o
                0x08007924                HAL_TIM_TriggerCallback
 .text.TIM_Base_SetConfig
                0x08007938      0x14c ./Drivers/STM32L4xx_HAL_Driver/Src/stm32l4xx_hal_tim.o
                0x08007938                TIM_Base_SetConfig
 .text.TIM_TI1_ConfigInputStage
                0x08007a84       0x5e ./Drivers/STM32L4xx_HAL_Driver/Src/stm32l4xx_hal_tim.o
 .text.TIM_TI2_ConfigInputStage
                0x08007ae2       0x60 ./Drivers/STM32L4xx_HAL_Driver/Src/stm32l4xx_hal_tim.o
 .text.TIM_ITRx_SetConfig
                0x08007b42       0x36 ./Drivers/STM32L4xx_HAL_Driver/Src/stm32l4xx_hal_tim.o
 .text.TIM_ETR_SetConfig
                0x08007b78       0x40 ./Drivers/STM32L4xx_HAL_Driver/Src/stm32l4xx_hal_tim.o
                0x08007b78                TIM_ETR_SetConfig
 .text.HAL_TIMEx_MasterConfigSynchronization
                0x08007bb8      0x110 ./Drivers/STM32L4xx_HAL_Driver/Src/stm32l4xx_hal_tim_ex.o
                0x08007bb8                HAL_TIMEx_MasterConfigSynchronization
 .text.HAL_TIMEx_CommutCallback
                0x08007cc8       0x14 ./Drivers/STM32L4xx_HAL_Driver/Src/stm32l4xx_hal_tim_ex.o
                0x08007cc8                HAL_TIMEx_CommutCallback
 .text.HAL_TIMEx_BreakCallback
                0x08007cdc       0x14 ./Drivers/STM32L4xx_HAL_Driver/Src/stm32l4xx_hal_tim_ex.o
                0x08007cdc                HAL_TIMEx_BreakCallback
 .text.HAL_TIMEx_Break2Callback
                0x08007cf0       0x14 ./Drivers/STM32L4xx_HAL_Driver/Src/stm32l4xx_hal_tim_ex.o
                0x08007cf0                HAL_TIMEx_Break2Callback
 .text.HAL_UART_Init
                0x08007d04       0x9c ./Drivers/STM32L4xx_HAL_Driver/Src/stm32l4xx_hal_uart.o
                0x08007d04                HAL_UART_Init
 .text.HAL_UART_Receive_DMA
                0x08007da0       0x98 ./Drivers/STM32L4xx_HAL_Driver/Src/stm32l4xx_hal_uart.o
                0x08007da0                HAL_UART_Receive_DMA
 .text.HAL_UART_IRQHandler
                0x08007e38      0x60c ./Drivers/STM32L4xx_HAL_Driver/Src/stm32l4xx_hal_uart.o
                0x08007e38                HAL_UART_IRQHandler
 .text.HAL_UART_RxCpltCallback
                0x08008444       0x14 ./Drivers/STM32L4xx_HAL_Driver/Src/stm32l4xx_hal_uart.o
                0x08008444                HAL_UART_RxCpltCallback
 .text.HAL_UART_RxHalfCpltCallback
                0x08008458       0x14 ./Drivers/STM32L4xx_HAL_Driver/Src/stm32l4xx_hal_uart.o
                0x08008458                HAL_UART_RxHalfCpltCallback
 .text.HAL_UARTEx_RxEventCallback
                0x0800846c       0x18 ./Drivers/STM32L4xx_HAL_Driver/Src/stm32l4xx_hal_uart.o
                0x0800846c                HAL_UARTEx_RxEventCallback
 .text.UART_SetConfig
                0x08008484      0x570 ./Drivers/STM32L4xx_HAL_Driver/Src/stm32l4xx_hal_uart.o
                0x08008484                UART_SetConfig
 .text.UART_AdvFeatureConfig
                0x080089f4      0x144 ./Drivers/STM32L4xx_HAL_Driver/Src/stm32l4xx_hal_uart.o
                0x080089f4                UART_AdvFeatureConfig
 .text.UART_CheckIdleState
                0x08008b38      0x150 ./Drivers/STM32L4xx_HAL_Driver/Src/stm32l4xx_hal_uart.o
                0x08008b38                UART_CheckIdleState
 .text.UART_WaitOnFlagUntilTimeout
                0x08008c88       0xda ./Drivers/STM32L4xx_HAL_Driver/Src/stm32l4xx_hal_uart.o
                0x08008c88                UART_WaitOnFlagUntilTimeout
 *fill*         0x08008d62        0x2 
 .text.UART_Start_Receive_DMA
                0x08008d64      0x140 ./Drivers/STM32L4xx_HAL_Driver/Src/stm32l4xx_hal_uart.o
                0x08008d64                UART_Start_Receive_DMA
 .text.UART_EndTxTransfer
                0x08008ea4       0x4c ./Drivers/STM32L4xx_HAL_Driver/Src/stm32l4xx_hal_uart.o
 .text.UART_EndRxTransfer
                0x08008ef0       0xc8 ./Drivers/STM32L4xx_HAL_Driver/Src/stm32l4xx_hal_uart.o
 .text.UART_DMAReceiveCplt
                0x08008fb8      0x12c ./Drivers/STM32L4xx_HAL_Driver/Src/stm32l4xx_hal_uart.o
 .text.UART_DMARxHalfCplt
                0x080090e4       0x3e ./Drivers/STM32L4xx_HAL_Driver/Src/stm32l4xx_hal_uart.o
 .text.UART_DMAError
                0x08009122       0x7e ./Drivers/STM32L4xx_HAL_Driver/Src/stm32l4xx_hal_uart.o
 .text.UART_DMAAbortOnError
                0x080091a0       0x2c ./Drivers/STM32L4xx_HAL_Driver/Src/stm32l4xx_hal_uart.o
 .text.UART_EndTransmit_IT
                0x080091cc       0x54 ./Drivers/STM32L4xx_HAL_Driver/Src/stm32l4xx_hal_uart.o
 .text.HAL_RS485Ex_Init
                0x08009220       0xce ./Drivers/STM32L4xx_HAL_Driver/Src/stm32l4xx_hal_uart_ex.o
                0x08009220                HAL_RS485Ex_Init
 .text.HAL_UARTEx_WakeupCallback
                0x080092ee       0x14 ./Drivers/STM32L4xx_HAL_Driver/Src/stm32l4xx_hal_uart_ex.o
                0x080092ee                HAL_UARTEx_WakeupCallback
 *fill*         0x08009302        0x2 
 .text.__NVIC_SetPriority
                0x08009304       0x54 ./Middlewares/Third_Party/FreeRTOS/Source/CMSIS_RTOS_V2/cmsis_os2.o
 .text.SysTick_Handler
                0x08009358       0x20 ./Middlewares/Third_Party/FreeRTOS/Source/CMSIS_RTOS_V2/cmsis_os2.o
                0x08009358                SysTick_Handler
 .text.SVC_Setup
                0x08009378       0x12 ./Middlewares/Third_Party/FreeRTOS/Source/CMSIS_RTOS_V2/cmsis_os2.o
 *fill*         0x0800938a        0x2 
 .text.osKernelInitialize
                0x0800938c       0x48 ./Middlewares/Third_Party/FreeRTOS/Source/CMSIS_RTOS_V2/cmsis_os2.o
                0x0800938c                osKernelInitialize
 .text.osKernelStart
                0x080093d4       0x4c ./Middlewares/Third_Party/FreeRTOS/Source/CMSIS_RTOS_V2/cmsis_os2.o
                0x080093d4                osKernelStart
 .text.osThreadNew
                0x08009420      0x124 ./Middlewares/Third_Party/FreeRTOS/Source/CMSIS_RTOS_V2/cmsis_os2.o
                0x08009420                osThreadNew
 .text.osDelay  0x08009544       0x36 ./Middlewares/Third_Party/FreeRTOS/Source/CMSIS_RTOS_V2/cmsis_os2.o
                0x08009544                osDelay
 *fill*         0x0800957a        0x2 
 .text.vApplicationGetIdleTaskMemory
                0x0800957c       0x34 ./Middlewares/Third_Party/FreeRTOS/Source/CMSIS_RTOS_V2/cmsis_os2.o
                0x0800957c                vApplicationGetIdleTaskMemory
 .text.vApplicationGetTimerTaskMemory
                0x080095b0       0x34 ./Middlewares/Third_Party/FreeRTOS/Source/CMSIS_RTOS_V2/cmsis_os2.o
                0x080095b0                vApplicationGetTimerTaskMemory
 .text.vListInitialise
                0x080095e4       0x40 ./Middlewares/Third_Party/FreeRTOS/Source/list.o
                0x080095e4                vListInitialise
 .text.vListInitialiseItem
                0x08009624       0x1a ./Middlewares/Third_Party/FreeRTOS/Source/list.o
                0x08009624                vListInitialiseItem
 .text.vListInsertEnd
                0x0800963e       0x48 ./Middlewares/Third_Party/FreeRTOS/Source/list.o
                0x0800963e                vListInsertEnd
 .text.vListInsert
                0x08009686       0x72 ./Middlewares/Third_Party/FreeRTOS/Source/list.o
                0x08009686                vListInsert
 .text.uxListRemove
                0x080096f8       0x54 ./Middlewares/Third_Party/FreeRTOS/Source/list.o
                0x080096f8                uxListRemove
 .text.xQueueGenericReset
                0x0800974c       0xd4 ./Middlewares/Third_Party/FreeRTOS/Source/queue.o
                0x0800974c                xQueueGenericReset
 .text.xQueueGenericCreateStatic
                0x08009820       0xfa ./Middlewares/Third_Party/FreeRTOS/Source/queue.o
                0x08009820                xQueueGenericCreateStatic
 .text.prvInitialiseNewQueue
                0x0800991a       0x46 ./Middlewares/Third_Party/FreeRTOS/Source/queue.o
 .text.xQueueGenericSend
                0x08009960      0x204 ./Middlewares/Third_Party/FreeRTOS/Source/queue.o
                0x08009960                xQueueGenericSend
 .text.xQueueGenericSendFromISR
                0x08009b64      0x13c ./Middlewares/Third_Party/FreeRTOS/Source/queue.o
                0x08009b64                xQueueGenericSendFromISR
 .text.xQueueReceive
                0x08009ca0      0x1c4 ./Middlewares/Third_Party/FreeRTOS/Source/queue.o
                0x08009ca0                xQueueReceive
 .text.prvCopyDataToQueue
                0x08009e64       0xd4 ./Middlewares/Third_Party/FreeRTOS/Source/queue.o
 .text.prvCopyDataFromQueue
                0x08009f38       0x4c ./Middlewares/Third_Party/FreeRTOS/Source/queue.o
 .text.prvUnlockQueue
                0x08009f84       0xa4 ./Middlewares/Third_Party/FreeRTOS/Source/queue.o
 .text.prvIsQueueEmpty
                0x0800a028       0x2c ./Middlewares/Third_Party/FreeRTOS/Source/queue.o
 .text.prvIsQueueFull
                0x0800a054       0x30 ./Middlewares/Third_Party/FreeRTOS/Source/queue.o
 .text.vQueueAddToRegistry
                0x0800a084       0x54 ./Middlewares/Third_Party/FreeRTOS/Source/queue.o
                0x0800a084                vQueueAddToRegistry
 .text.vQueueWaitForMessageRestricted
                0x0800a0d8       0x68 ./Middlewares/Third_Party/FreeRTOS/Source/queue.o
                0x0800a0d8                vQueueWaitForMessageRestricted
 .text.xTaskCreateStatic
                0x0800a140       0xc0 ./Middlewares/Third_Party/FreeRTOS/Source/tasks.o
                0x0800a140                xTaskCreateStatic
 .text.xTaskCreate
                0x0800a200       0x8a ./Middlewares/Third_Party/FreeRTOS/Source/tasks.o
                0x0800a200                xTaskCreate
 .text.prvInitialiseNewTask
                0x0800a28a      0x120 ./Middlewares/Third_Party/FreeRTOS/Source/tasks.o
 *fill*         0x0800a3aa        0x2 
 .text.prvAddNewTaskToReadyList
                0x0800a3ac       0xe0 ./Middlewares/Third_Party/FreeRTOS/Source/tasks.o
 .text.vTaskDelay
                0x0800a48c       0x6c ./Middlewares/Third_Party/FreeRTOS/Source/tasks.o
                0x0800a48c                vTaskDelay
 .text.vTaskStartScheduler
                0x0800a4f8       0xd0 ./Middlewares/Third_Party/FreeRTOS/Source/tasks.o
                0x0800a4f8                vTaskStartScheduler
 .text.vTaskSuspendAll
                0x0800a5c8       0x1c ./Middlewares/Third_Party/FreeRTOS/Source/tasks.o
                0x0800a5c8                vTaskSuspendAll
 .text.xTaskResumeAll
                0x0800a5e4      0x13c ./Middlewares/Third_Party/FreeRTOS/Source/tasks.o
                0x0800a5e4                xTaskResumeAll
 .text.xTaskGetTickCount
                0x0800a720       0x20 ./Middlewares/Third_Party/FreeRTOS/Source/tasks.o
                0x0800a720                xTaskGetTickCount
 .text.xTaskIncrementTick
                0x0800a740      0x174 ./Middlewares/Third_Party/FreeRTOS/Source/tasks.o
                0x0800a740                xTaskIncrementTick
 .text.vTaskSwitchContext
                0x0800a8b4       0xbc ./Middlewares/Third_Party/FreeRTOS/Source/tasks.o
                0x0800a8b4                vTaskSwitchContext
 .text.vTaskPlaceOnEventList
                0x0800a970       0x4c ./Middlewares/Third_Party/FreeRTOS/Source/tasks.o
                0x0800a970                vTaskPlaceOnEventList
 .text.vTaskPlaceOnEventListRestricted
                0x0800a9bc       0x58 ./Middlewares/Third_Party/FreeRTOS/Source/tasks.o
                0x0800a9bc                vTaskPlaceOnEventListRestricted
 .text.xTaskRemoveFromEventList
                0x0800aa14       0xc8 ./Middlewares/Third_Party/FreeRTOS/Source/tasks.o
                0x0800aa14                xTaskRemoveFromEventList
 .text.vTaskInternalSetTimeOutState
                0x0800aadc       0x2c ./Middlewares/Third_Party/FreeRTOS/Source/tasks.o
                0x0800aadc                vTaskInternalSetTimeOutState
 .text.xTaskCheckForTimeOut
                0x0800ab08       0xc8 ./Middlewares/Third_Party/FreeRTOS/Source/tasks.o
                0x0800ab08                xTaskCheckForTimeOut
 .text.vTaskMissedYield
                0x0800abd0       0x18 ./Middlewares/Third_Party/FreeRTOS/Source/tasks.o
                0x0800abd0                vTaskMissedYield
 .text.prvIdleTask
                0x0800abe8       0x30 ./Middlewares/Third_Party/FreeRTOS/Source/tasks.o
 .text.prvInitialiseTaskLists
                0x0800ac18       0x80 ./Middlewares/Third_Party/FreeRTOS/Source/tasks.o
 .text.prvCheckTasksWaitingTermination
                0x0800ac98       0x5c ./Middlewares/Third_Party/FreeRTOS/Source/tasks.o
 .text.prvDeleteTCB
                0x0800acf4       0x60 ./Middlewares/Third_Party/FreeRTOS/Source/tasks.o
 .text.prvResetNextTaskUnblockTime
                0x0800ad54       0x40 ./Middlewares/Third_Party/FreeRTOS/Source/tasks.o
 .text.xTaskGetSchedulerState
                0x0800ad94       0x3c ./Middlewares/Third_Party/FreeRTOS/Source/tasks.o
                0x0800ad94                xTaskGetSchedulerState
 .text.xTaskPriorityDisinherit
                0x0800add0       0xe0 ./Middlewares/Third_Party/FreeRTOS/Source/tasks.o
                0x0800add0                xTaskPriorityDisinherit
 .text.prvAddCurrentTaskToDelayedList
                0x0800aeb0       0xa8 ./Middlewares/Third_Party/FreeRTOS/Source/tasks.o
 .text.xTimerCreateTimerTask
                0x0800af58       0x94 ./Middlewares/Third_Party/FreeRTOS/Source/timers.o
                0x0800af58                xTimerCreateTimerTask
 .text.xTimerGenericCommand
                0x0800afec       0x9c ./Middlewares/Third_Party/FreeRTOS/Source/timers.o
                0x0800afec                xTimerGenericCommand
 .text.prvProcessExpiredTimer
                0x0800b088       0x9c ./Middlewares/Third_Party/FreeRTOS/Source/timers.o
 .text.prvTimerTask
                0x0800b124       0x26 ./Middlewares/Third_Party/FreeRTOS/Source/timers.o
 *fill*         0x0800b14a        0x2 
 .text.prvProcessTimerOrBlockTask
                0x0800b14c       0x9c ./Middlewares/Third_Party/FreeRTOS/Source/timers.o
 .text.prvGetNextExpireTime
                0x0800b1e8       0x48 ./Middlewares/Third_Party/FreeRTOS/Source/timers.o
 .text.prvSampleTimeNow
                0x0800b230       0x40 ./Middlewares/Third_Party/FreeRTOS/Source/timers.o
 .text.prvInsertTimerInActiveList
                0x0800b270       0x84 ./Middlewares/Third_Party/FreeRTOS/Source/timers.o
 .text.prvProcessReceivedCommands
                0x0800b2f4      0x1cc ./Middlewares/Third_Party/FreeRTOS/Source/timers.o
 .text.prvSwitchTimerLists
                0x0800b4c0       0xcc ./Middlewares/Third_Party/FreeRTOS/Source/timers.o
 .text.prvCheckForValidListAndQueue
                0x0800b58c       0x80 ./Middlewares/Third_Party/FreeRTOS/Source/timers.o
 .text.pxPortInitialiseStack
                0x0800b60c       0x68 ./Middlewares/Third_Party/FreeRTOS/Source/portable/GCC/ARM_CM4F/port.o
                0x0800b60c                pxPortInitialiseStack
 .text.prvTaskExitError
                0x0800b674       0x5c ./Middlewares/Third_Party/FreeRTOS/Source/portable/GCC/ARM_CM4F/port.o
 .text.SVC_Handler
                0x0800b6d0       0x28 ./Middlewares/Third_Party/FreeRTOS/Source/portable/GCC/ARM_CM4F/port.o
                0x0800b6d0                SVC_Handler
 .text.prvPortStartFirstTask
                0x0800b6f8       0x28 ./Middlewares/Third_Party/FreeRTOS/Source/portable/GCC/ARM_CM4F/port.o
 .text.xPortStartScheduler
                0x0800b720      0x148 ./Middlewares/Third_Party/FreeRTOS/Source/portable/GCC/ARM_CM4F/port.o
                0x0800b720                xPortStartScheduler
 .text.vPortEnterCritical
                0x0800b868       0x64 ./Middlewares/Third_Party/FreeRTOS/Source/portable/GCC/ARM_CM4F/port.o
                0x0800b868                vPortEnterCritical
 .text.vPortExitCritical
                0x0800b8cc       0x54 ./Middlewares/Third_Party/FreeRTOS/Source/portable/GCC/ARM_CM4F/port.o
                0x0800b8cc                vPortExitCritical
 .text.PendSV_Handler
                0x0800b920       0x68 ./Middlewares/Third_Party/FreeRTOS/Source/portable/GCC/ARM_CM4F/port.o
                0x0800b920                PendSV_Handler
 .text.xPortSysTickHandler
                0x0800b988       0x44 ./Middlewares/Third_Party/FreeRTOS/Source/portable/GCC/ARM_CM4F/port.o
                0x0800b988                xPortSysTickHandler
 .text.vPortSetupTimerInterrupt
                0x0800b9cc       0x48 ./Middlewares/Third_Party/FreeRTOS/Source/portable/GCC/ARM_CM4F/port.o
                0x0800b9cc                vPortSetupTimerInterrupt
 .text.vPortEnableVFP
                0x0800ba14       0x14 ./Middlewares/Third_Party/FreeRTOS/Source/portable/GCC/ARM_CM4F/port.o
 .text.vPortValidateInterruptPriority
                0x0800ba28       0x84 ./Middlewares/Third_Party/FreeRTOS/Source/portable/GCC/ARM_CM4F/port.o
                0x0800ba28                vPortValidateInterruptPriority
 .text.pvPortMalloc
                0x0800baac      0x19c ./Middlewares/Third_Party/FreeRTOS/Source/portable/MemMang/heap_4.o
                0x0800baac                pvPortMalloc
 .text.vPortFree
                0x0800bc48       0xc8 ./Middlewares/Third_Party/FreeRTOS/Source/portable/MemMang/heap_4.o
                0x0800bc48                vPortFree
 .text.prvHeapInit
                0x0800bd10       0xc4 ./Middlewares/Third_Party/FreeRTOS/Source/portable/MemMang/heap_4.o
 .text.prvInsertBlockIntoFreeList
                0x0800bdd4       0xb4 ./Middlewares/Third_Party/FreeRTOS/Source/portable/MemMang/heap_4.o
 .text.memset   0x0800be88       0x10 C:/ST/STM32CubeIDE_1.18.0/STM32CubeIDE/plugins/com.st.stm32cube.ide.mcu.externaltools.gnu-tools-for-stm32.13.3.rel1.win32_1.0.0.202411081344/tools/bin/../lib/gcc/arm-none-eabi/13.3.1/../../../../arm-none-eabi/lib/thumb/v7e-m+fp/hard\libc_nano.a(libc_a-memset.o)
                0x0800be88                memset
 .text.__libc_init_array
                0x0800be98       0x48 C:/ST/STM32CubeIDE_1.18.0/STM32CubeIDE/plugins/com.st.stm32cube.ide.mcu.externaltools.gnu-tools-for-stm32.13.3.rel1.win32_1.0.0.202411081344/tools/bin/../lib/gcc/arm-none-eabi/13.3.1/../../../../arm-none-eabi/lib/thumb/v7e-m+fp/hard\libc_nano.a(libc_a-init.o)
                0x0800be98                __libc_init_array
 .text.memcpy   0x0800bee0       0x1c C:/ST/STM32CubeIDE_1.18.0/STM32CubeIDE/plugins/com.st.stm32cube.ide.mcu.externaltools.gnu-tools-for-stm32.13.3.rel1.win32_1.0.0.202411081344/tools/bin/../lib/gcc/arm-none-eabi/13.3.1/../../../../arm-none-eabi/lib/thumb/v7e-m+fp/hard\libc_nano.a(libc_a-memcpy-stub.o)
                0x0800bee0                memcpy
 *(.glue_7)
 .glue_7        0x0800befc        0x0 linker stubs
 *(.glue_7t)
 .glue_7t       0x0800befc        0x0 linker stubs
 *(.eh_frame)
 .eh_frame      0x0800befc        0x0 C:/ST/STM32CubeIDE_1.18.0/STM32CubeIDE/plugins/com.st.stm32cube.ide.mcu.externaltools.gnu-tools-for-stm32.13.3.rel1.win32_1.0.0.202411081344/tools/bin/../lib/gcc/arm-none-eabi/13.3.1/thumb/v7e-m+fp/hard/crtbegin.o
 *(.init)
 .init          0x0800befc        0x4 C:/ST/STM32CubeIDE_1.18.0/STM32CubeIDE/plugins/com.st.stm32cube.ide.mcu.externaltools.gnu-tools-for-stm32.13.3.rel1.win32_1.0.0.202411081344/tools/bin/../lib/gcc/arm-none-eabi/13.3.1/thumb/v7e-m+fp/hard/crti.o
                0x0800befc                _init
 .init          0x0800bf00        0x8 C:/ST/STM32CubeIDE_1.18.0/STM32CubeIDE/plugins/com.st.stm32cube.ide.mcu.externaltools.gnu-tools-for-stm32.13.3.rel1.win32_1.0.0.202411081344/tools/bin/../lib/gcc/arm-none-eabi/13.3.1/thumb/v7e-m+fp/hard/crtn.o
 *(.fini)
 .fini          0x0800bf08        0x4 C:/ST/STM32CubeIDE_1.18.0/STM32CubeIDE/plugins/com.st.stm32cube.ide.mcu.externaltools.gnu-tools-for-stm32.13.3.rel1.win32_1.0.0.202411081344/tools/bin/../lib/gcc/arm-none-eabi/13.3.1/thumb/v7e-m+fp/hard/crti.o
                0x0800bf08                _fini
 .fini          0x0800bf0c        0x8 C:/ST/STM32CubeIDE_1.18.0/STM32CubeIDE/plugins/com.st.stm32cube.ide.mcu.externaltools.gnu-tools-for-stm32.13.3.rel1.win32_1.0.0.202411081344/tools/bin/../lib/gcc/arm-none-eabi/13.3.1/thumb/v7e-m+fp/hard/crtn.o
                0x0800bf14                        . = ALIGN (0x4)
                0x0800bf14                        _etext = .

.vfp11_veneer   0x0800bf14        0x0
 .vfp11_veneer  0x0800bf14        0x0 linker stubs

.v4_bx          0x0800bf14        0x0
 .v4_bx         0x0800bf14        0x0 linker stubs

.iplt           0x0800bf14        0x0
 .iplt          0x0800bf14        0x0 C:/ST/STM32CubeIDE_1.18.0/STM32CubeIDE/plugins/com.st.stm32cube.ide.mcu.externaltools.gnu-tools-for-stm32.13.3.rel1.win32_1.0.0.202411081344/tools/bin/../lib/gcc/arm-none-eabi/13.3.1/thumb/v7e-m+fp/hard/crtbegin.o

.rodata         0x0800bf14       0xf4
                0x0800bf14                        . = ALIGN (0x4)
 *(.rodata)
 .rodata        0x0800bf14       0x28 ./Core/Src/main.o
 .rodata        0x0800bf3c        0x5 ./Middlewares/Third_Party/FreeRTOS/Source/tasks.o
 *fill*         0x0800bf41        0x3 
 .rodata        0x0800bf44        0xd ./Middlewares/Third_Party/FreeRTOS/Source/timers.o
 *(.rodata*)
 *fill*         0x0800bf51        0x3 
 .rodata.NormalTask_attributes
                0x0800bf54       0x24 ./Core/Src/main.o
                0x0800bf54                NormalTask_attributes
 .rodata.FaultTask02_attributes
                0x0800bf78       0x24 ./Core/Src/main.o
                0x0800bf78                FaultTask02_attributes
 .rodata.SSPmasterTask03_attributes
                0x0800bf9c       0x24 ./Core/Src/main.o
                0x0800bf9c                SSPmasterTask03_attributes
 .rodata.AHBPrescTable
                0x0800bfc0       0x10 ./Core/Src/system_stm32l4xx.o
                0x0800bfc0                AHBPrescTable
 .rodata.APBPrescTable
                0x0800bfd0        0x8 ./Core/Src/system_stm32l4xx.o
                0x0800bfd0                APBPrescTable
 .rodata.MSIRangeTable
                0x0800bfd8       0x30 ./Core/Src/system_stm32l4xx.o
                0x0800bfd8                MSIRangeTable
                0x0800c008                        . = ALIGN (0x4)

.ARM.extab      0x0800c008        0x0
                0x0800c008                        . = ALIGN (0x4)
 *(.ARM.extab* .gnu.linkonce.armextab.*)
                0x0800c008                        . = ALIGN (0x4)

.ARM            0x0800c008        0x8
                0x0800c008                        . = ALIGN (0x4)
                0x0800c008                        __exidx_start = .
 *(.ARM.exidx*)
 .ARM.exidx     0x0800c008        0x8 C:/ST/STM32CubeIDE_1.18.0/STM32CubeIDE/plugins/com.st.stm32cube.ide.mcu.externaltools.gnu-tools-for-stm32.13.3.rel1.win32_1.0.0.202411081344/tools/bin/../lib/gcc/arm-none-eabi/13.3.1/thumb/v7e-m+fp/hard\libgcc.a(_udivmoddi4.o)
                0x0800c010                        __exidx_end = .
                0x0800c010                        . = ALIGN (0x4)

.preinit_array  0x0800c010        0x0
                0x0800c010                        . = ALIGN (0x4)
                0x0800c010                        PROVIDE (__preinit_array_start = .)
 *(.preinit_array*)
                0x0800c010                        PROVIDE (__preinit_array_end = .)
                0x0800c010                        . = ALIGN (0x4)

.init_array     0x0800c010        0x4
                0x0800c010                        . = ALIGN (0x4)
                0x0800c010                        PROVIDE (__init_array_start = .)
 *(SORT_BY_NAME(.init_array.*))
 *(.init_array*)
 .init_array    0x0800c010        0x4 C:/ST/STM32CubeIDE_1.18.0/STM32CubeIDE/plugins/com.st.stm32cube.ide.mcu.externaltools.gnu-tools-for-stm32.13.3.rel1.win32_1.0.0.202411081344/tools/bin/../lib/gcc/arm-none-eabi/13.3.1/thumb/v7e-m+fp/hard/crtbegin.o
                0x0800c014                        PROVIDE (__init_array_end = .)
                0x0800c014                        . = ALIGN (0x4)

.fini_array     0x0800c014        0x4
                0x0800c014                        . = ALIGN (0x4)
                [!provide]                        PROVIDE (__fini_array_start = .)
 *(SORT_BY_NAME(.fini_array.*))
 *(.fini_array*)
 .fini_array    0x0800c014        0x4 C:/ST/STM32CubeIDE_1.18.0/STM32CubeIDE/plugins/com.st.stm32cube.ide.mcu.externaltools.gnu-tools-for-stm32.13.3.rel1.win32_1.0.0.202411081344/tools/bin/../lib/gcc/arm-none-eabi/13.3.1/thumb/v7e-m+fp/hard/crtbegin.o
                [!provide]                        PROVIDE (__fini_array_end = .)
                0x0800c018                        . = ALIGN (0x4)
                0x0800c018                        _sidata = LOADADDR (.data)

.rel.dyn        0x0800c018        0x0
 .rel.iplt      0x0800c018        0x0 C:/ST/STM32CubeIDE_1.18.0/STM32CubeIDE/plugins/com.st.stm32cube.ide.mcu.externaltools.gnu-tools-for-stm32.13.3.rel1.win32_1.0.0.202411081344/tools/bin/../lib/gcc/arm-none-eabi/13.3.1/thumb/v7e-m+fp/hard/crtbegin.o

.data           0x20000000       0x7c load address 0x0800c018
                0x20000000                        . = ALIGN (0x4)
                0x20000000                        _sdata = .
 *(.data)
 *(.data*)
 .data.satellite_mode_state
                0x20000000        0xc ./Core/Src/app/satellite_modes.o
 .data.Parameters
                0x2000000c       0x64 ./Core/Src/app/telemetry.o
 .data.SystemCoreClock
                0x20000070        0x4 ./Core/Src/system_stm32l4xx.o
                0x20000070                SystemCoreClock
 .data.uwTickPrio
                0x20000074        0x4 ./Drivers/STM32L4xx_HAL_Driver/Src/stm32l4xx_hal.o
                0x20000074                uwTickPrio
 .data.uxCriticalNesting
                0x20000078        0x4 ./Middlewares/Third_Party/FreeRTOS/Source/portable/GCC/ARM_CM4F/port.o
 *(.RamFunc)
 *(.RamFunc*)
                0x2000007c                        . = ALIGN (0x4)
                0x2000007c                        _edata = .

.igot.plt       0x2000007c        0x0 load address 0x0800c094
 .igot.plt      0x2000007c        0x0 C:/ST/STM32CubeIDE_1.18.0/STM32CubeIDE/plugins/com.st.stm32cube.ide.mcu.externaltools.gnu-tools-for-stm32.13.3.rel1.win32_1.0.0.202411081344/tools/bin/../lib/gcc/arm-none-eabi/13.3.1/thumb/v7e-m+fp/hard/crtbegin.o
                0x2000007c                        . = ALIGN (0x4)

.bss            0x20000080     0x3d18 load address 0x0800c094
                0x20000080                        _sbss = .
                0x20000080                        __bss_start__ = _sbss
 *(.bss)
 .bss           0x20000080       0x1c C:/ST/STM32CubeIDE_1.18.0/STM32CubeIDE/plugins/com.st.stm32cube.ide.mcu.externaltools.gnu-tools-for-stm32.13.3.rel1.win32_1.0.0.202411081344/tools/bin/../lib/gcc/arm-none-eabi/13.3.1/thumb/v7e-m+fp/hard/crtbegin.o
 *(.bss*)
 .bss.ssp_uart1
                0x2000009c        0x4 ./Core/Src/app/ssp.o
 .bss.ssp_uart2
                0x200000a0        0x4 ./Core/Src/app/ssp.o
 .bss.ssp_dma_tx1
                0x200000a4        0x4 ./Core/Src/app/ssp.o
 .bss.ssp_dma_rx1
                0x200000a8        0x4 ./Core/Src/app/ssp.o
 .bss.ssp_dma_tx2
                0x200000ac        0x4 ./Core/Src/app/ssp.o
 .bss.ssp_dma_rx2
                0x200000b0        0x4 ./Core/Src/app/ssp.o
 .bss.ssp_i2c   0x200000b4        0x4 ./Core/Src/app/ssp.o
 .bss.rx_buffer1
                0x200000b8      0x100 ./Core/Src/app/ssp.o
 .bss.rx_buffer2
                0x200001b8      0x100 ./Core/Src/app/ssp.o
 .bss.framing_errors
                0x200002b8        0x4 ./Core/Src/app/ssp.o
 *fill*         0x200002bc        0x4 
 .bss.sync_counter
                0x200002c0       0x10 ./Core/Src/app/sync_counter.o
 .bss.TelemetryData
                0x200002d0        0xc ./Core/Src/app/telemetry.o
 .bss.adc_ready
                0x200002dc        0x1 ./Core/Src/main.o
                0x200002dc                adc_ready
 *fill*         0x200002dd        0x3 
 .bss.hadc1     0x200002e0       0x68 ./Core/Src/main.o
                0x200002e0                hadc1
 .bss.hi2c2     0x20000348       0x54 ./Core/Src/main.o
                0x20000348                hi2c2
 .bss.hdma_i2c2_rx
                0x2000039c       0x48 ./Core/Src/main.o
                0x2000039c                hdma_i2c2_rx
 .bss.hdma_i2c2_tx
                0x200003e4       0x48 ./Core/Src/main.o
                0x200003e4                hdma_i2c2_tx
 .bss.hspi1     0x2000042c       0x64 ./Core/Src/main.o
                0x2000042c                hspi1
 .bss.hspi3     0x20000490       0x64 ./Core/Src/main.o
                0x20000490                hspi3
 .bss.htim1     0x200004f4       0x4c ./Core/Src/main.o
                0x200004f4                htim1
 .bss.htim2     0x20000540       0x4c ./Core/Src/main.o
                0x20000540                htim2
 .bss.htim3     0x2000058c       0x4c ./Core/Src/main.o
                0x2000058c                htim3
 .bss.htim4     0x200005d8       0x4c ./Core/Src/main.o
                0x200005d8                htim4
 .bss.huart1    0x20000624       0x88 ./Core/Src/main.o
                0x20000624                huart1
 .bss.huart2    0x200006ac       0x88 ./Core/Src/main.o
                0x200006ac                huart2
 .bss.huart3    0x20000734       0x88 ./Core/Src/main.o
                0x20000734                huart3
 .bss.hdma_usart2_tx
                0x200007bc       0x48 ./Core/Src/main.o
                0x200007bc                hdma_usart2_tx
 .bss.hdma_usart2_rx
                0x20000804       0x48 ./Core/Src/main.o
                0x20000804                hdma_usart2_rx
 .bss.hdma_usart3_tx
                0x2000084c       0x48 ./Core/Src/main.o
                0x2000084c                hdma_usart3_tx
 .bss.hdma_usart3_rx
                0x20000894       0x48 ./Core/Src/main.o
                0x20000894                hdma_usart3_rx
 .bss.NormalTaskHandle
                0x200008dc        0x4 ./Core/Src/main.o
                0x200008dc                NormalTaskHandle
 .bss.FaultTask02Handle
                0x200008e0        0x4 ./Core/Src/main.o
                0x200008e0                FaultTask02Handle
 .bss.SSPmasterTask03Handle
                0x200008e4        0x4 ./Core/Src/main.o
                0x200008e4                SSPmasterTask03Handle
 .bss.htim6     0x200008e8       0x4c ./Core/Src/stm32l4xx_hal_timebase_tim.o
                0x200008e8                htim6
 .bss.uwTick    0x20000934        0x4 ./Drivers/STM32L4xx_HAL_Driver/Src/stm32l4xx_hal.o
                0x20000934                uwTick
 .bss.KernelState
                0x20000938        0x4 ./Middlewares/Third_Party/FreeRTOS/Source/CMSIS_RTOS_V2/cmsis_os2.o
 .bss.Idle_TCB.3
                0x2000093c       0x5c ./Middlewares/Third_Party/FreeRTOS/Source/CMSIS_RTOS_V2/cmsis_os2.o
 .bss.Idle_Stack.2
                0x20000998      0x200 ./Middlewares/Third_Party/FreeRTOS/Source/CMSIS_RTOS_V2/cmsis_os2.o
 .bss.Timer_TCB.1
                0x20000b98       0x5c ./Middlewares/Third_Party/FreeRTOS/Source/CMSIS_RTOS_V2/cmsis_os2.o
 .bss.Timer_Stack.0
                0x20000bf4      0x400 ./Middlewares/Third_Party/FreeRTOS/Source/CMSIS_RTOS_V2/cmsis_os2.o
 .bss.xQueueRegistry
                0x20000ff4       0x40 ./Middlewares/Third_Party/FreeRTOS/Source/queue.o
                0x20000ff4                xQueueRegistry
 .bss.pxCurrentTCB
                0x20001034        0x4 ./Middlewares/Third_Party/FreeRTOS/Source/tasks.o
                0x20001034                pxCurrentTCB
 .bss.pxReadyTasksLists
                0x20001038      0x460 ./Middlewares/Third_Party/FreeRTOS/Source/tasks.o
 .bss.xDelayedTaskList1
                0x20001498       0x14 ./Middlewares/Third_Party/FreeRTOS/Source/tasks.o
 .bss.xDelayedTaskList2
                0x200014ac       0x14 ./Middlewares/Third_Party/FreeRTOS/Source/tasks.o
 .bss.pxDelayedTaskList
                0x200014c0        0x4 ./Middlewares/Third_Party/FreeRTOS/Source/tasks.o
 .bss.pxOverflowDelayedTaskList
                0x200014c4        0x4 ./Middlewares/Third_Party/FreeRTOS/Source/tasks.o
 .bss.xPendingReadyList
                0x200014c8       0x14 ./Middlewares/Third_Party/FreeRTOS/Source/tasks.o
 .bss.xTasksWaitingTermination
                0x200014dc       0x14 ./Middlewares/Third_Party/FreeRTOS/Source/tasks.o
 .bss.uxDeletedTasksWaitingCleanUp
                0x200014f0        0x4 ./Middlewares/Third_Party/FreeRTOS/Source/tasks.o
 .bss.xSuspendedTaskList
                0x200014f4       0x14 ./Middlewares/Third_Party/FreeRTOS/Source/tasks.o
 .bss.uxCurrentNumberOfTasks
                0x20001508        0x4 ./Middlewares/Third_Party/FreeRTOS/Source/tasks.o
 .bss.xTickCount
                0x2000150c        0x4 ./Middlewares/Third_Party/FreeRTOS/Source/tasks.o
 .bss.uxTopReadyPriority
                0x20001510        0x4 ./Middlewares/Third_Party/FreeRTOS/Source/tasks.o
 .bss.xSchedulerRunning
                0x20001514        0x4 ./Middlewares/Third_Party/FreeRTOS/Source/tasks.o
 .bss.xPendedTicks
                0x20001518        0x4 ./Middlewares/Third_Party/FreeRTOS/Source/tasks.o
 .bss.xYieldPending
                0x2000151c        0x4 ./Middlewares/Third_Party/FreeRTOS/Source/tasks.o
 .bss.xNumOfOverflows
                0x20001520        0x4 ./Middlewares/Third_Party/FreeRTOS/Source/tasks.o
 .bss.uxTaskNumber
                0x20001524        0x4 ./Middlewares/Third_Party/FreeRTOS/Source/tasks.o
 .bss.xNextTaskUnblockTime
                0x20001528        0x4 ./Middlewares/Third_Party/FreeRTOS/Source/tasks.o
 .bss.xIdleTaskHandle
                0x2000152c        0x4 ./Middlewares/Third_Party/FreeRTOS/Source/tasks.o
 .bss.uxSchedulerSuspended
                0x20001530        0x4 ./Middlewares/Third_Party/FreeRTOS/Source/tasks.o
 .bss.xActiveTimerList1
                0x20001534       0x14 ./Middlewares/Third_Party/FreeRTOS/Source/timers.o
 .bss.xActiveTimerList2
                0x20001548       0x14 ./Middlewares/Third_Party/FreeRTOS/Source/timers.o
 .bss.pxCurrentTimerList
                0x2000155c        0x4 ./Middlewares/Third_Party/FreeRTOS/Source/timers.o
 .bss.pxOverflowTimerList
                0x20001560        0x4 ./Middlewares/Third_Party/FreeRTOS/Source/timers.o
 .bss.xTimerQueue
                0x20001564        0x4 ./Middlewares/Third_Party/FreeRTOS/Source/timers.o
 .bss.xTimerTaskHandle
                0x20001568        0x4 ./Middlewares/Third_Party/FreeRTOS/Source/timers.o
 .bss.xLastTime.2
                0x2000156c        0x4 ./Middlewares/Third_Party/FreeRTOS/Source/timers.o
 .bss.ucStaticTimerQueueStorage.1
                0x20001570       0xa0 ./Middlewares/Third_Party/FreeRTOS/Source/timers.o
 .bss.xStaticTimerQueue.0
                0x20001610       0x50 ./Middlewares/Third_Party/FreeRTOS/Source/timers.o
 .bss.ucMaxSysCallPriority
                0x20001660        0x1 ./Middlewares/Third_Party/FreeRTOS/Source/portable/GCC/ARM_CM4F/port.o
 *fill*         0x20001661        0x3 
 .bss.ulMaxPRIGROUPValue
                0x20001664        0x4 ./Middlewares/Third_Party/FreeRTOS/Source/portable/GCC/ARM_CM4F/port.o
 .bss.ucHeap    0x20001668     0x2710 ./Middlewares/Third_Party/FreeRTOS/Source/portable/MemMang/heap_4.o
 .bss.xStart    0x20003d78        0x8 ./Middlewares/Third_Party/FreeRTOS/Source/portable/MemMang/heap_4.o
 .bss.pxEnd     0x20003d80        0x4 ./Middlewares/Third_Party/FreeRTOS/Source/portable/MemMang/heap_4.o
 .bss.xFreeBytesRemaining
                0x20003d84        0x4 ./Middlewares/Third_Party/FreeRTOS/Source/portable/MemMang/heap_4.o
 .bss.xMinimumEverFreeBytesRemaining
                0x20003d88        0x4 ./Middlewares/Third_Party/FreeRTOS/Source/portable/MemMang/heap_4.o
 .bss.xNumberOfSuccessfulAllocations
                0x20003d8c        0x4 ./Middlewares/Third_Party/FreeRTOS/Source/portable/MemMang/heap_4.o
 .bss.xNumberOfSuccessfulFrees
                0x20003d90        0x4 ./Middlewares/Third_Party/FreeRTOS/Source/portable/MemMang/heap_4.o
 .bss.xBlockAllocatedBit
                0x20003d94        0x4 ./Middlewares/Third_Party/FreeRTOS/Source/portable/MemMang/heap_4.o
 *(COMMON)
                0x20003d98                        . = ALIGN (0x4)
                0x20003d98                        _ebss = .
                0x20003d98                        __bss_end__ = _ebss

._user_heap_stack
                0x20003d98      0x600 load address 0x0800c094
                0x20003d98                        . = ALIGN (0x8)
                [!provide]                        PROVIDE (end = .)
                0x20003d98                        PROVIDE (_end = .)
                0x20003f98                        . = (. + _Min_Heap_Size)
 *fill*         0x20003d98      0x200 
                0x20004398                        . = (. + _Min_Stack_Size)
 *fill*         0x20003f98      0x400 
                0x20004398                        . = ALIGN (0x8)

/DISCARD/
 libc.a(*)
 libm.a(*)
 libgcc.a(*)

.ARM.attributes
                0x00000000       0x30
 *(.ARM.attributes)
 .ARM.attributes
                0x00000000       0x22 C:/ST/STM32CubeIDE_1.18.0/STM32CubeIDE/plugins/com.st.stm32cube.ide.mcu.externaltools.gnu-tools-for-stm32.13.3.rel1.win32_1.0.0.202411081344/tools/bin/../lib/gcc/arm-none-eabi/13.3.1/thumb/v7e-m+fp/hard/crti.o
 .ARM.attributes
                0x00000022       0x34 C:/ST/STM32CubeIDE_1.18.0/STM32CubeIDE/plugins/com.st.stm32cube.ide.mcu.externaltools.gnu-tools-for-stm32.13.3.rel1.win32_1.0.0.202411081344/tools/bin/../lib/gcc/arm-none-eabi/13.3.1/thumb/v7e-m+fp/hard/crtbegin.o
 .ARM.attributes
                0x00000056       0x34 ./Core/Src/app/delay.o
 .ARM.attributes
                0x0000008a       0x34 ./Core/Src/app/eeprom.o
 .ARM.attributes
                0x000000be       0x34 ./Core/Src/app/satellite_modes.o
 .ARM.attributes
                0x000000f2       0x34 ./Core/Src/app/ssp.o
 .ARM.attributes
                0x00000126       0x34 ./Core/Src/app/sync_counter.o
 .ARM.attributes
                0x0000015a       0x34 ./Core/Src/app/telemetry.o
 .ARM.attributes
                0x0000018e       0x34 ./Core/Src/main.o
 .ARM.attributes
                0x000001c2       0x34 ./Core/Src/stm32l4xx_hal_msp.o
 .ARM.attributes
                0x000001f6       0x34 ./Core/Src/stm32l4xx_hal_timebase_tim.o
 .ARM.attributes
                0x0000022a       0x34 ./Core/Src/stm32l4xx_it.o
 .ARM.attributes
                0x0000025e       0x34 ./Core/Src/system_stm32l4xx.o
 .ARM.attributes
                0x00000292       0x21 ./Core/Startup/startup_stm32l496vgtx.o
 .ARM.attributes
                0x000002b3       0x34 ./Drivers/STM32L4xx_HAL_Driver/Src/stm32l4xx_hal.o
 .ARM.attributes
                0x000002e7       0x34 ./Drivers/STM32L4xx_HAL_Driver/Src/stm32l4xx_hal_adc.o
 .ARM.attributes
                0x0000031b       0x34 ./Drivers/STM32L4xx_HAL_Driver/Src/stm32l4xx_hal_adc_ex.o
 .ARM.attributes
                0x0000034f       0x34 ./Drivers/STM32L4xx_HAL_Driver/Src/stm32l4xx_hal_cortex.o
 .ARM.attributes
                0x00000383       0x34 ./Drivers/STM32L4xx_HAL_Driver/Src/stm32l4xx_hal_dma.o
 .ARM.attributes
                0x000003b7       0x34 ./Drivers/STM32L4xx_HAL_Driver/Src/stm32l4xx_hal_gpio.o
 .ARM.attributes
                0x000003eb       0x34 ./Drivers/STM32L4xx_HAL_Driver/Src/stm32l4xx_hal_i2c.o
 .ARM.attributes
                0x0000041f       0x34 ./Drivers/STM32L4xx_HAL_Driver/Src/stm32l4xx_hal_i2c_ex.o
 .ARM.attributes
                0x00000453       0x34 ./Drivers/STM32L4xx_HAL_Driver/Src/stm32l4xx_hal_pwr_ex.o
 .ARM.attributes
                0x00000487       0x34 ./Drivers/STM32L4xx_HAL_Driver/Src/stm32l4xx_hal_rcc.o
 .ARM.attributes
                0x000004bb       0x34 ./Drivers/STM32L4xx_HAL_Driver/Src/stm32l4xx_hal_rcc_ex.o
 .ARM.attributes
                0x000004ef       0x34 ./Drivers/STM32L4xx_HAL_Driver/Src/stm32l4xx_hal_spi.o
 .ARM.attributes
                0x00000523       0x34 ./Drivers/STM32L4xx_HAL_Driver/Src/stm32l4xx_hal_tim.o
 .ARM.attributes
                0x00000557       0x34 ./Drivers/STM32L4xx_HAL_Driver/Src/stm32l4xx_hal_tim_ex.o
 .ARM.attributes
                0x0000058b       0x34 ./Drivers/STM32L4xx_HAL_Driver/Src/stm32l4xx_hal_uart.o
 .ARM.attributes
                0x000005bf       0x34 ./Drivers/STM32L4xx_HAL_Driver/Src/stm32l4xx_hal_uart_ex.o
 .ARM.attributes
                0x000005f3       0x34 ./Middlewares/Third_Party/FreeRTOS/Source/CMSIS_RTOS_V2/cmsis_os2.o
 .ARM.attributes
                0x00000627       0x34 ./Middlewares/Third_Party/FreeRTOS/Source/list.o
 .ARM.attributes
                0x0000065b       0x34 ./Middlewares/Third_Party/FreeRTOS/Source/queue.o
 .ARM.attributes
                0x0000068f       0x34 ./Middlewares/Third_Party/FreeRTOS/Source/tasks.o
 .ARM.attributes
                0x000006c3       0x34 ./Middlewares/Third_Party/FreeRTOS/Source/timers.o
 .ARM.attributes
                0x000006f7       0x34 ./Middlewares/Third_Party/FreeRTOS/Source/portable/GCC/ARM_CM4F/port.o
 .ARM.attributes
                0x0000072b       0x34 ./Middlewares/Third_Party/FreeRTOS/Source/portable/MemMang/heap_4.o
 .ARM.attributes
                0x0000075f       0x34 C:/ST/STM32CubeIDE_1.18.0/STM32CubeIDE/plugins/com.st.stm32cube.ide.mcu.externaltools.gnu-tools-for-stm32.13.3.rel1.win32_1.0.0.202411081344/tools/bin/../lib/gcc/arm-none-eabi/13.3.1/../../../../arm-none-eabi/lib/thumb/v7e-m+fp/hard\libc_nano.a(libc_a-memset.o)
 .ARM.attributes
                0x00000793       0x34 C:/ST/STM32CubeIDE_1.18.0/STM32CubeIDE/plugins/com.st.stm32cube.ide.mcu.externaltools.gnu-tools-for-stm32.13.3.rel1.win32_1.0.0.202411081344/tools/bin/../lib/gcc/arm-none-eabi/13.3.1/../../../../arm-none-eabi/lib/thumb/v7e-m+fp/hard\libc_nano.a(libc_a-init.o)
 .ARM.attributes
                0x000007c7       0x34 C:/ST/STM32CubeIDE_1.18.0/STM32CubeIDE/plugins/com.st.stm32cube.ide.mcu.externaltools.gnu-tools-for-stm32.13.3.rel1.win32_1.0.0.202411081344/tools/bin/../lib/gcc/arm-none-eabi/13.3.1/../../../../arm-none-eabi/lib/thumb/v7e-m+fp/hard\libc_nano.a(libc_a-memcpy-stub.o)
 .ARM.attributes
                0x000007fb       0x22 C:/ST/STM32CubeIDE_1.18.0/STM32CubeIDE/plugins/com.st.stm32cube.ide.mcu.externaltools.gnu-tools-for-stm32.13.3.rel1.win32_1.0.0.202411081344/tools/bin/../lib/gcc/arm-none-eabi/13.3.1/thumb/v7e-m+fp/hard\libgcc.a(_arm_addsubdf3.o)
 .ARM.attributes
                0x0000081d       0x22 C:/ST/STM32CubeIDE_1.18.0/STM32CubeIDE/plugins/com.st.stm32cube.ide.mcu.externaltools.gnu-tools-for-stm32.13.3.rel1.win32_1.0.0.202411081344/tools/bin/../lib/gcc/arm-none-eabi/13.3.1/thumb/v7e-m+fp/hard\libgcc.a(_arm_muldivdf3.o)
 .ARM.attributes
                0x0000083f       0x22 C:/ST/STM32CubeIDE_1.18.0/STM32CubeIDE/plugins/com.st.stm32cube.ide.mcu.externaltools.gnu-tools-for-stm32.13.3.rel1.win32_1.0.0.202411081344/tools/bin/../lib/gcc/arm-none-eabi/13.3.1/thumb/v7e-m+fp/hard\libgcc.a(_arm_fixunsdfsi.o)
 .ARM.attributes
                0x00000861       0x22 C:/ST/STM32CubeIDE_1.18.0/STM32CubeIDE/plugins/com.st.stm32cube.ide.mcu.externaltools.gnu-tools-for-stm32.13.3.rel1.win32_1.0.0.202411081344/tools/bin/../lib/gcc/arm-none-eabi/13.3.1/thumb/v7e-m+fp/hard\libgcc.a(_aeabi_uldivmod.o)
 .ARM.attributes
                0x00000883       0x34 C:/ST/STM32CubeIDE_1.18.0/STM32CubeIDE/plugins/com.st.stm32cube.ide.mcu.externaltools.gnu-tools-for-stm32.13.3.rel1.win32_1.0.0.202411081344/tools/bin/../lib/gcc/arm-none-eabi/13.3.1/thumb/v7e-m+fp/hard\libgcc.a(_udivmoddi4.o)
 .ARM.attributes
                0x000008b7       0x22 C:/ST/STM32CubeIDE_1.18.0/STM32CubeIDE/plugins/com.st.stm32cube.ide.mcu.externaltools.gnu-tools-for-stm32.13.3.rel1.win32_1.0.0.202411081344/tools/bin/../lib/gcc/arm-none-eabi/13.3.1/thumb/v7e-m+fp/hard\libgcc.a(_dvmd_tls.o)
 .ARM.attributes
                0x000008d9       0x22 C:/ST/STM32CubeIDE_1.18.0/STM32CubeIDE/plugins/com.st.stm32cube.ide.mcu.externaltools.gnu-tools-for-stm32.13.3.rel1.win32_1.0.0.202411081344/tools/bin/../lib/gcc/arm-none-eabi/13.3.1/thumb/v7e-m+fp/hard/crtn.o
OUTPUT(EPSPD_STM32L496VGTRTOS.elf elf32-littlearm)
LOAD linker stubs
LOAD C:/ST/STM32CubeIDE_1.18.0/STM32CubeIDE/plugins/com.st.stm32cube.ide.mcu.externaltools.gnu-tools-for-stm32.13.3.rel1.win32_1.0.0.202411081344/tools/bin/../lib/gcc/arm-none-eabi/13.3.1/../../../../arm-none-eabi/lib/thumb/v7e-m+fp/hard\libc.a
LOAD C:/ST/STM32CubeIDE_1.18.0/STM32CubeIDE/plugins/com.st.stm32cube.ide.mcu.externaltools.gnu-tools-for-stm32.13.3.rel1.win32_1.0.0.202411081344/tools/bin/../lib/gcc/arm-none-eabi/13.3.1/../../../../arm-none-eabi/lib/thumb/v7e-m+fp/hard\libm.a
LOAD C:/ST/STM32CubeIDE_1.18.0/STM32CubeIDE/plugins/com.st.stm32cube.ide.mcu.externaltools.gnu-tools-for-stm32.13.3.rel1.win32_1.0.0.202411081344/tools/bin/../lib/gcc/arm-none-eabi/13.3.1/thumb/v7e-m+fp/hard\libgcc.a

.debug_info     0x00000000    0x29ac3
 .debug_info    0x00000000      0x735 ./Core/Src/app/delay.o
 .debug_info    0x00000735      0x990 ./Core/Src/app/eeprom.o
 .debug_info    0x000010c5      0x9db ./Core/Src/app/satellite_modes.o
 .debug_info    0x00001aa0     0x1405 ./Core/Src/app/ssp.o
 .debug_info    0x00002ea5      0xf05 ./Core/Src/app/sync_counter.o
 .debug_info    0x00003daa      0x911 ./Core/Src/app/telemetry.o
 .debug_info    0x000046bb     0x2706 ./Core/Src/main.o
 .debug_info    0x00006dc1     0x2108 ./Core/Src/stm32l4xx_hal_msp.o
 .debug_info    0x00008ec9      0xcd1 ./Core/Src/stm32l4xx_hal_timebase_tim.o
 .debug_info    0x00009b9a      0xe6d ./Core/Src/stm32l4xx_it.o
 .debug_info    0x0000aa07      0x5cd ./Core/Src/system_stm32l4xx.o
 .debug_info    0x0000afd4       0x30 ./Core/Startup/startup_stm32l496vgtx.o
 .debug_info    0x0000b004      0xb4b ./Drivers/STM32L4xx_HAL_Driver/Src/stm32l4xx_hal.o
 .debug_info    0x0000bb4f     0x1dfb ./Drivers/STM32L4xx_HAL_Driver/Src/stm32l4xx_hal_adc.o
 .debug_info    0x0000d94a     0x1b67 ./Drivers/STM32L4xx_HAL_Driver/Src/stm32l4xx_hal_adc_ex.o
 .debug_info    0x0000f4b1      0xdb7 ./Drivers/STM32L4xx_HAL_Driver/Src/stm32l4xx_hal_cortex.o
 .debug_info    0x00010268      0x6f4 ./Drivers/STM32L4xx_HAL_Driver/Src/stm32l4xx_hal_dma.o
 .debug_info    0x0001095c      0x76f ./Drivers/STM32L4xx_HAL_Driver/Src/stm32l4xx_hal_gpio.o
 .debug_info    0x000110cb     0x20d2 ./Drivers/STM32L4xx_HAL_Driver/Src/stm32l4xx_hal_i2c.o
 .debug_info    0x0001319d      0x999 ./Drivers/STM32L4xx_HAL_Driver/Src/stm32l4xx_hal_i2c_ex.o
 .debug_info    0x00013b36      0x996 ./Drivers/STM32L4xx_HAL_Driver/Src/stm32l4xx_hal_pwr_ex.o
 .debug_info    0x000144cc      0xc3b ./Drivers/STM32L4xx_HAL_Driver/Src/stm32l4xx_hal_rcc.o
 .debug_info    0x00015107     0x10c1 ./Drivers/STM32L4xx_HAL_Driver/Src/stm32l4xx_hal_rcc_ex.o
 .debug_info    0x000161c8     0x1549 ./Drivers/STM32L4xx_HAL_Driver/Src/stm32l4xx_hal_spi.o
 .debug_info    0x00017711     0x2a9a ./Drivers/STM32L4xx_HAL_Driver/Src/stm32l4xx_hal_tim.o
 .debug_info    0x0001a1ab     0x169e ./Drivers/STM32L4xx_HAL_Driver/Src/stm32l4xx_hal_tim_ex.o
 .debug_info    0x0001b849     0x3b85 ./Drivers/STM32L4xx_HAL_Driver/Src/stm32l4xx_hal_uart.o
 .debug_info    0x0001f3ce      0xdff ./Drivers/STM32L4xx_HAL_Driver/Src/stm32l4xx_hal_uart_ex.o
 .debug_info    0x000201cd     0x3aa7 ./Middlewares/Third_Party/FreeRTOS/Source/CMSIS_RTOS_V2/cmsis_os2.o
 .debug_info    0x00023c74      0x2af ./Middlewares/Third_Party/FreeRTOS/Source/list.o
 .debug_info    0x00023f23     0x1b79 ./Middlewares/Third_Party/FreeRTOS/Source/queue.o
 .debug_info    0x00025a9c     0x21ec ./Middlewares/Third_Party/FreeRTOS/Source/tasks.o
 .debug_info    0x00027c88     0x1488 ./Middlewares/Third_Party/FreeRTOS/Source/timers.o
 .debug_info    0x00029110      0x4de ./Middlewares/Third_Party/FreeRTOS/Source/portable/GCC/ARM_CM4F/port.o
 .debug_info    0x000295ee      0x4d5 ./Middlewares/Third_Party/FreeRTOS/Source/portable/MemMang/heap_4.o

.debug_abbrev   0x00000000     0x54a1
 .debug_abbrev  0x00000000      0x1a5 ./Core/Src/app/delay.o
 .debug_abbrev  0x000001a5      0x1ad ./Core/Src/app/eeprom.o
 .debug_abbrev  0x00000352      0x286 ./Core/Src/app/satellite_modes.o
 .debug_abbrev  0x000005d8      0x364 ./Core/Src/app/ssp.o
 .debug_abbrev  0x0000093c      0x26b ./Core/Src/app/sync_counter.o
 .debug_abbrev  0x00000ba7      0x1ea ./Core/Src/app/telemetry.o
 .debug_abbrev  0x00000d91      0x351 ./Core/Src/main.o
 .debug_abbrev  0x000010e2      0x26d ./Core/Src/stm32l4xx_hal_msp.o
 .debug_abbrev  0x0000134f      0x1f4 ./Core/Src/stm32l4xx_hal_timebase_tim.o
 .debug_abbrev  0x00001543      0x1b4 ./Core/Src/stm32l4xx_it.o
 .debug_abbrev  0x000016f7      0x11a ./Core/Src/system_stm32l4xx.o
 .debug_abbrev  0x00001811       0x24 ./Core/Startup/startup_stm32l496vgtx.o
 .debug_abbrev  0x00001835      0x242 ./Drivers/STM32L4xx_HAL_Driver/Src/stm32l4xx_hal.o
 .debug_abbrev  0x00001a77      0x2de ./Drivers/STM32L4xx_HAL_Driver/Src/stm32l4xx_hal_adc.o
 .debug_abbrev  0x00001d55      0x2f1 ./Drivers/STM32L4xx_HAL_Driver/Src/stm32l4xx_hal_adc_ex.o
 .debug_abbrev  0x00002046      0x31c ./Drivers/STM32L4xx_HAL_Driver/Src/stm32l4xx_hal_cortex.o
 .debug_abbrev  0x00002362      0x1e4 ./Drivers/STM32L4xx_HAL_Driver/Src/stm32l4xx_hal_dma.o
 .debug_abbrev  0x00002546      0x1cb ./Drivers/STM32L4xx_HAL_Driver/Src/stm32l4xx_hal_gpio.o
 .debug_abbrev  0x00002711      0x261 ./Drivers/STM32L4xx_HAL_Driver/Src/stm32l4xx_hal_i2c.o
 .debug_abbrev  0x00002972      0x1c3 ./Drivers/STM32L4xx_HAL_Driver/Src/stm32l4xx_hal_i2c_ex.o
 .debug_abbrev  0x00002b35      0x1f9 ./Drivers/STM32L4xx_HAL_Driver/Src/stm32l4xx_hal_pwr_ex.o
 .debug_abbrev  0x00002d2e      0x2cb ./Drivers/STM32L4xx_HAL_Driver/Src/stm32l4xx_hal_rcc.o
 .debug_abbrev  0x00002ff9      0x2a3 ./Drivers/STM32L4xx_HAL_Driver/Src/stm32l4xx_hal_rcc_ex.o
 .debug_abbrev  0x0000329c      0x260 ./Drivers/STM32L4xx_HAL_Driver/Src/stm32l4xx_hal_spi.o
 .debug_abbrev  0x000034fc      0x278 ./Drivers/STM32L4xx_HAL_Driver/Src/stm32l4xx_hal_tim.o
 .debug_abbrev  0x00003774      0x283 ./Drivers/STM32L4xx_HAL_Driver/Src/stm32l4xx_hal_tim_ex.o
 .debug_abbrev  0x000039f7      0x2d0 ./Drivers/STM32L4xx_HAL_Driver/Src/stm32l4xx_hal_uart.o
 .debug_abbrev  0x00003cc7      0x2be ./Drivers/STM32L4xx_HAL_Driver/Src/stm32l4xx_hal_uart_ex.o
 .debug_abbrev  0x00003f85      0x520 ./Middlewares/Third_Party/FreeRTOS/Source/CMSIS_RTOS_V2/cmsis_os2.o
 .debug_abbrev  0x000044a5       0xf5 ./Middlewares/Third_Party/FreeRTOS/Source/list.o
 .debug_abbrev  0x0000459a      0x3b6 ./Middlewares/Third_Party/FreeRTOS/Source/queue.o
 .debug_abbrev  0x00004950      0x386 ./Middlewares/Third_Party/FreeRTOS/Source/tasks.o
 .debug_abbrev  0x00004cd6      0x352 ./Middlewares/Third_Party/FreeRTOS/Source/timers.o
 .debug_abbrev  0x00005028      0x25c ./Middlewares/Third_Party/FreeRTOS/Source/portable/GCC/ARM_CM4F/port.o
 .debug_abbrev  0x00005284      0x21d ./Middlewares/Third_Party/FreeRTOS/Source/portable/MemMang/heap_4.o

.debug_aranges  0x00000000     0x22c0
 .debug_aranges
                0x00000000       0x30 ./Core/Src/app/delay.o
 .debug_aranges
                0x00000030       0x40 ./Core/Src/app/eeprom.o
 .debug_aranges
                0x00000070       0x48 ./Core/Src/app/satellite_modes.o
 .debug_aranges
                0x000000b8       0x70 ./Core/Src/app/ssp.o
 .debug_aranges
                0x00000128       0x48 ./Core/Src/app/sync_counter.o
 .debug_aranges
                0x00000170       0x38 ./Core/Src/app/telemetry.o
 .debug_aranges
                0x000001a8       0xb0 ./Core/Src/main.o
 .debug_aranges
                0x00000258       0x70 ./Core/Src/stm32l4xx_hal_msp.o
 .debug_aranges
                0x000002c8       0x30 ./Core/Src/stm32l4xx_hal_timebase_tim.o
 .debug_aranges
                0x000002f8       0xa8 ./Core/Src/stm32l4xx_it.o
 .debug_aranges
                0x000003a0       0x28 ./Core/Src/system_stm32l4xx.o
 .debug_aranges
                0x000003c8       0x28 ./Core/Startup/startup_stm32l496vgtx.o
 .debug_aranges
                0x000003f0      0x130 ./Drivers/STM32L4xx_HAL_Driver/Src/stm32l4xx_hal.o
 .debug_aranges
                0x00000520      0x228 ./Drivers/STM32L4xx_HAL_Driver/Src/stm32l4xx_hal_adc.o
 .debug_aranges
                0x00000748      0x1b0 ./Drivers/STM32L4xx_HAL_Driver/Src/stm32l4xx_hal_adc_ex.o
 .debug_aranges
                0x000008f8      0x128 ./Drivers/STM32L4xx_HAL_Driver/Src/stm32l4xx_hal_cortex.o
 .debug_aranges
                0x00000a20       0x80 ./Drivers/STM32L4xx_HAL_Driver/Src/stm32l4xx_hal_dma.o
 .debug_aranges
                0x00000aa0       0x58 ./Drivers/STM32L4xx_HAL_Driver/Src/stm32l4xx_hal_gpio.o
 .debug_aranges
                0x00000af8      0x2a0 ./Drivers/STM32L4xx_HAL_Driver/Src/stm32l4xx_hal_i2c.o
 .debug_aranges
                0x00000d98       0x48 ./Drivers/STM32L4xx_HAL_Driver/Src/stm32l4xx_hal_i2c_ex.o
 .debug_aranges
                0x00000de0      0x150 ./Drivers/STM32L4xx_HAL_Driver/Src/stm32l4xx_hal_pwr_ex.o
 .debug_aranges
                0x00000f30       0x90 ./Drivers/STM32L4xx_HAL_Driver/Src/stm32l4xx_hal_rcc.o
 .debug_aranges
                0x00000fc0      0x108 ./Drivers/STM32L4xx_HAL_Driver/Src/stm32l4xx_hal_rcc_ex.o
 .debug_aranges
                0x000010c8      0x1d8 ./Drivers/STM32L4xx_HAL_Driver/Src/stm32l4xx_hal_spi.o
 .debug_aranges
                0x000012a0      0x3e0 ./Drivers/STM32L4xx_HAL_Driver/Src/stm32l4xx_hal_tim.o
 .debug_aranges
                0x00001680      0x180 ./Drivers/STM32L4xx_HAL_Driver/Src/stm32l4xx_hal_tim_ex.o
 .debug_aranges
                0x00001800      0x228 ./Drivers/STM32L4xx_HAL_Driver/Src/stm32l4xx_hal_uart.o
 .debug_aranges
                0x00001a28       0x80 ./Drivers/STM32L4xx_HAL_Driver/Src/stm32l4xx_hal_uart_ex.o
 .debug_aranges
                0x00001aa8      0x2b0 ./Middlewares/Third_Party/FreeRTOS/Source/CMSIS_RTOS_V2/cmsis_os2.o
 .debug_aranges
                0x00001d58       0x40 ./Middlewares/Third_Party/FreeRTOS/Source/list.o
 .debug_aranges
                0x00001d98      0x158 ./Middlewares/Third_Party/FreeRTOS/Source/queue.o
 .debug_aranges
                0x00001ef0      0x208 ./Middlewares/Third_Party/FreeRTOS/Source/tasks.o
 .debug_aranges
                0x000020f8       0xf0 ./Middlewares/Third_Party/FreeRTOS/Source/timers.o
 .debug_aranges
                0x000021e8       0x80 ./Middlewares/Third_Party/FreeRTOS/Source/portable/GCC/ARM_CM4F/port.o
 .debug_aranges
                0x00002268       0x58 ./Middlewares/Third_Party/FreeRTOS/Source/portable/MemMang/heap_4.o

.debug_rnglists
                0x00000000     0x1b6e
 .debug_rnglists
                0x00000000       0x1f ./Core/Src/app/delay.o
 .debug_rnglists
                0x0000001f       0x2f ./Core/Src/app/eeprom.o
 .debug_rnglists
                0x0000004e       0x35 ./Core/Src/app/satellite_modes.o
 .debug_rnglists
                0x00000083       0xa2 ./Core/Src/app/ssp.o
 .debug_rnglists
                0x00000125       0x31 ./Core/Src/app/sync_counter.o
 .debug_rnglists
                0x00000156       0x26 ./Core/Src/app/telemetry.o
 .debug_rnglists
                0x0000017c       0x89 ./Core/Src/main.o
 .debug_rnglists
                0x00000205       0x56 ./Core/Src/stm32l4xx_hal_msp.o
 .debug_rnglists
                0x0000025b       0x20 ./Core/Src/stm32l4xx_hal_timebase_tim.o
 .debug_rnglists
                0x0000027b       0x79 ./Core/Src/stm32l4xx_it.o
 .debug_rnglists
                0x000002f4       0x1a ./Core/Src/system_stm32l4xx.o
 .debug_rnglists
                0x0000030e       0x19 ./Core/Startup/startup_stm32l496vgtx.o
 .debug_rnglists
                0x00000327       0xdf ./Drivers/STM32L4xx_HAL_Driver/Src/stm32l4xx_hal.o
 .debug_rnglists
                0x00000406      0x1b7 ./Drivers/STM32L4xx_HAL_Driver/Src/stm32l4xx_hal_adc.o
 .debug_rnglists
                0x000005bd      0x14e ./Drivers/STM32L4xx_HAL_Driver/Src/stm32l4xx_hal_adc_ex.o
 .debug_rnglists
                0x0000070b       0xda ./Drivers/STM32L4xx_HAL_Driver/Src/stm32l4xx_hal_cortex.o
 .debug_rnglists
                0x000007e5       0x64 ./Drivers/STM32L4xx_HAL_Driver/Src/stm32l4xx_hal_dma.o
 .debug_rnglists
                0x00000849       0x3f ./Drivers/STM32L4xx_HAL_Driver/Src/stm32l4xx_hal_gpio.o
 .debug_rnglists
                0x00000888      0x228 ./Drivers/STM32L4xx_HAL_Driver/Src/stm32l4xx_hal_i2c.o
 .debug_rnglists
                0x00000ab0       0x35 ./Drivers/STM32L4xx_HAL_Driver/Src/stm32l4xx_hal_i2c_ex.o
 .debug_rnglists
                0x00000ae5       0xfd ./Drivers/STM32L4xx_HAL_Driver/Src/stm32l4xx_hal_pwr_ex.o
 .debug_rnglists
                0x00000be2       0x6d ./Drivers/STM32L4xx_HAL_Driver/Src/stm32l4xx_hal_rcc.o
 .debug_rnglists
                0x00000c4f       0xce ./Drivers/STM32L4xx_HAL_Driver/Src/stm32l4xx_hal_rcc_ex.o
 .debug_rnglists
                0x00000d1d      0x178 ./Drivers/STM32L4xx_HAL_Driver/Src/stm32l4xx_hal_spi.o
 .debug_rnglists
                0x00000e95      0x328 ./Drivers/STM32L4xx_HAL_Driver/Src/stm32l4xx_hal_tim.o
 .debug_rnglists
                0x000011bd      0x139 ./Drivers/STM32L4xx_HAL_Driver/Src/stm32l4xx_hal_tim_ex.o
 .debug_rnglists
                0x000012f6      0x1db ./Drivers/STM32L4xx_HAL_Driver/Src/stm32l4xx_hal_uart.o
 .debug_rnglists