../Core/Src/main.c:83:5:main	8	static
../Core/Src/main.c:116:6:StartDefaultTask	56	static
../Core/Src/main.c:138:6:StartTask02	16	static
../Core/Src/main.c:147:6:StartTask03	16	static
../Core/Src/main.c:155:6:StartTask04	40	static
../Core/Src/main.c:173:6:SystemClock_Config	96	static
../Core/Src/main.c:205:13:MX_ADC1_Init	48	static
../Core/Src/main.c:248:13:MX_I2C2_Init	8	static
../Core/Src/main.c:275:13:MX_SPI1_Init	8	static
../Core/Src/main.c:296:13:MX_SPI3_Init	8	static
../Core/Src/main.c:317:13:MX_TIM1_Init	40	static
../Core/Src/main.c:347:13:MX_TIM2_Init	40	static
../Core/Src/main.c:375:13:MX_TIM3_Init	40	static
../Core/Src/main.c:403:13:MX_TIM4_Init	40	static
../Core/Src/main.c:431:13:MX_USART1_UART_Init	8	static
../Core/Src/main.c:449:13:MX_USART2_UART_Init	8	static
../Core/Src/main.c:467:13:MX_USART3_UART_Init	8	static
../Core/Src/main.c:485:13:MX_DMA_Init	16	static
../Core/Src/main.c:503:13:MX_GPIO_Init	56	static
../Core/Src/main.c:597:6:HAL_TIM_PeriodElapsedCallback	16	static
../Core/Src/main.c:605:6:Error_Handler	4	static,ignoring_inline_asm
