../Core/Src/main.c:73:5:main	176	static
../Core/Src/main.c:248:6:SystemClock_Config	96	static
../Core/Src/main.c:301:13:MX_ADC1_Init	48	static
../Core/Src/main.c:472:13:MX_I2C2_Init	8	static
../Core/Src/main.c:504:13:MX_SPI1_Init	8	static
../Core/Src/main.c:531:13:MX_USART1_UART_Init	8	static
../Core/Src/main.c:554:13:MX_USART2_UART_Init	8	static
../Core/Src/main.c:577:13:MX_USART3_UART_Init	8	static
../Core/Src/main.c:600:13:MX_GPIO_Init	56	static
../Core/Src/main.c:763:6:Error_Handler	4	static
