../Core/Src/ssp/ssp_power.c:21:6:SSP_EnableGPSPower	8	static
../Core/Src/ssp/ssp_power.c:26:6:SSP_EnableReserved12VPower	8	static
../Core/Src/ssp/ssp_power.c:31:6:SSP_EnableADCSSubsystemPower	8	static
../Core/Src/ssp/ssp_power.c:36:6:SSP_EnableADCSPower	8	static
../Core/Src/ssp/ssp_power.c:41:6:SSP_EnableADCSVBATPower	8	static
../Core/Src/ssp/ssp_power.c:46:6:SSP_EnablePLSubsystemPower	8	static
../Core/Src/ssp/ssp_power.c:51:6:SSP_EnablePLPower	8	static
../Core/Src/ssp/ssp_power.c:56:6:SSP_EnableXBPower	8	static
../Core/Src/ssp/ssp_power.c:61:6:SSP_EnableReservedPower	8	static
../Core/Src/ssp/ssp_power.c:66:6:SSP_EnableRS3V3Power	8	static
../Core/Src/ssp/ssp_power.c:71:6:SSP_EnableCCUPower	8	static
../Core/Src/ssp/ssp_power.c:76:6:SSP_EnableUHFPower	8	static
../Core/Src/ssp/ssp_power.c:81:6:SSP_EnableADCS12VPower	8	static
../Core/Src/ssp/ssp_power.c:87:6:SSP_DisableGPSPower	8	static
../Core/Src/ssp/ssp_power.c:92:6:SSP_DisableReserved12VPower	8	static
../Core/Src/ssp/ssp_power.c:97:6:SSP_DisableADCSSubsystemPower	8	static
../Core/Src/ssp/ssp_power.c:102:6:SSP_DisableADCSPower	8	static
../Core/Src/ssp/ssp_power.c:107:6:SSP_DisableADCSVBATPower	8	static
../Core/Src/ssp/ssp_power.c:112:6:SSP_DisablePLSubsystemPower	8	static
../Core/Src/ssp/ssp_power.c:117:6:SSP_DisablePLPower	8	static
../Core/Src/ssp/ssp_power.c:122:6:SSP_DisableXBPower	8	static
../Core/Src/ssp/ssp_power.c:127:6:SSP_DisableReservedPower	8	static
../Core/Src/ssp/ssp_power.c:132:6:SSP_DisableRS3V3Power	8	static
../Core/Src/ssp/ssp_power.c:137:6:SSP_DisableCCUPower	8	static
../Core/Src/ssp/ssp_power.c:142:6:SSP_DisableUHFPower	8	static
../Core/Src/ssp/ssp_power.c:147:6:SSP_DisableADCS12VPower	8	static
../Core/Src/ssp/ssp_power.c:153:6:SSP_SetPowerLine	16	static
../Core/Src/ssp/ssp_power.c:201:6:SSP_DisablePowerLine	16	static
